2025-04-25T16:56:04 206.16.143.75 → 208.67.222.222: AAAA? https://www.reddit.com/
172.16.0.5 - - [25/Apr/2025:16:56:07 ] "POST /login HTTP/1.1" 400 3324 "https://stackoverflow.com" "PostmanRuntime/7.32.2"
2025-04-25T16:56:10 217.184.199.72 → 9.9.9.9: MX? metrics.analytics.co
10.0.0.2 - - [25/Apr/2025:16:56:10 ] "PUT /index.html HTTP/1.1" 503 1276 "https://chatgpt.com/" "Mozilla/5.0 (Macintosh; Intel Mac OS X 10_15_7) Safari/605.1.15"
2025-04-25T16:56:11 219.132.55.229 → 208.67.222.222: CNAME? update.check.software
203.0.113.12 - - [25/Apr/2025:16:56:17 ] "PUT / HTTP/1.1" 403 4615 "https://gchq.github.io/" "PostmanRuntime/7.32.2"
2025-04-25T16:56:18 192.218.38.41 → 185.228.168.9: AAAA? junk.data.net
192.0.2.99 - - [25/Apr/2025:16:56:23 ] "HEAD /images/logo.png HTTP/1.1" 403 2338 "https://ctfd.nki.gov.hu/" "Mozilla/5.0 (Macintosh; Intel Mac OS X 10_15_7) Safari/605.1.15"
2025-04-25T16:56:25 196.84.172.75 → 8.8.4.4: CNAME? junk.data.net
198.51.100.34 - - [25/Apr/2025:16:56:25 ] "HEAD /images/logo.png HTTP/2.0" 403 1966 "https://facebook.com/" "Mozilla/5.0 (Macintosh; Intel Mac OS X 10_15_7) Safari/605.1.15"
2025-04-25T16:56:34 192.174.138.137 → 208.67.222.222: MX? ads.doubleclick.net
104.16.132.229 - - [25/Apr/2025:16:56:38 ] "POST /ptzrysrfnrx HTTP/1.1" 302 3687 "https://stackoverflow.com" "Mozilla/5.0 (Windows NT 10.0; Win64; x64) Chrome/112.0.0.0"
198.51.100.34 - - [25/Apr/2025:16:56:41 ] "DELETE /nvhfcqsaxgwq HTTP/2.0" 502 2010 "https://chatgpt.com/" "Mozilla/5.0 (Windows NT 10.0; Win64; x64) Chrome/112.0.0.0"
10.0.0.2 - - [25/Apr/2025:16:56:44 ] "DELETE /index.html HTTP/1.1" 302 2142 "-" "PostmanRuntime/7.32.2"
2025-04-25T16:56:46 217.141.233.94 → 1.1.1.1: MX? api.cloudflare.com
2025-04-25T16:56:50 210.174.166.58 → 185.228.168.9: CNAME? junk.data.net
2025-04-25T16:56:54 221.103.183.104 → 1.0.0.1: TXT? https://wikipedia.org
2025-04-25T16:57:00 218.247.72.188 → 9.9.9.9: PTR? random.subdomain.example.com
198.51.100.34 - - [25/Apr/2025:16:57:03 ] "DELETE / HTTP/2.0" 403 3037 "https://facebook.com/" "PostmanRuntime/7.32.2"
104.16.132.229 - - [25/Apr/2025:16:57:04 ] "OPTIONS /images/logo.png HTTP/2.0" 503 1441 "https://news.ycombinator.com/" "Mozilla/5.0 (Windows NT 10.0; Win64; x64) Chrome/112.0.0.0"
2025-04-25T16:57:05 207.129.34.68 → 77.88.8.8: SOA? https://gchq.github.io/
2025-04-25T16:57:14 207.250.41.216 → 1.0.0.1: SOA? https://wikipedia.org
172.16.0.5 - - [25/Apr/2025:16:57:15 ] "POST /ursjbphbcx HTTP/2.0" 302 1534 "https://www.reddit.com/" "PostmanRuntime/7.32.2"
172.67.182.147 - - [25/Apr/2025:16:57:29 ] "POST /wmknvfizvr HTTP/2.0" 502 4530 "https://index.hu/" "PostmanRuntime/7.32.2"
10.0.0.2 - - [25/Apr/2025:16:57:42 ] "GET / HTTP/1.1" 400 1289 "https://ctfd.nki.gov.hu/" "Mozilla/5.0 (Macintosh; Intel Mac OS X 10_15_7) Safari/605.1.15"
2025-04-25T16:57:45 221.160.119.221 → 1.0.0.1: PTR? ads.tracker.net
203.0.113.12 - - [25/Apr/2025:16:58:00 ] "POST / HTTP/2.0" 200 270 "https://x.com/" "Mozilla/5.0 (Windows NT 10.0; Win64; x64) Chrome/112.0.0.0"
2025-04-25T16:58:02 214.63.226.206 → 9.9.9.9: SOA? random.subdomain.example.com
172.67.182.147 - - [25/Apr/2025:16:58:05 ] "POST /ugtykwwcx HTTP/2.0" 400 3878 "https://x.com/" "Mozilla/5.0 (Windows NT 10.0; Win64; x64) Chrome/112.0.0.0"
203.0.113.12 - - [25/Apr/2025:16:58:08 ] "PUT /uzhwlmtfyc HTTP/1.1" 502 512 "https://index.hu/" "Mozilla/5.0 (Windows NT 10.0; Win64; x64) Chrome/112.0.0.0"
198.51.100.34 - - [25/Apr/2025:16:58:09 ] "PUT /lfthgtmewzmh HTTP/2.0" 400 4710 "https://www.google.com/" "Mozilla/5.0 (Windows NT 10.0; Win64; x64) Chrome/112.0.0.0"
198.51.100.34 - - [25/Apr/2025:16:58:16 ] "GET /ntayd HTTP/1.1" 404 1555 "https://facebook.com/" "PostmanRuntime/7.32.2"
10.0.0.2 - - [25/Apr/2025:16:58:16 ] "POST /tazxkxurd HTTP/2.0" 302 1381 "https://ctfd.nki.gov.hu/" "PostmanRuntime/7.32.2"
172.16.0.5 - - [25/Apr/2025:16:58:32 ] "POST /images/logo.png HTTP/2.0" 500 2922 "https://chatgpt.com/" "PostmanRuntime/7.32.2"
2025-04-25T16:58:38 195.14.188.4 → 77.88.8.8: TXT? https://index.hu/
2025-04-25T16:58:45 199.161.87.186 → 208.67.222.222: PTR? https://wikipedia.org
172.67.182.147 - - [25/Apr/2025:16:58:46 ] "HEAD /index.html HTTP/2.0" 301 2873 "https://wikipedia.org" "Mozilla/5.0 (Macintosh; Intel Mac OS X 10_15_7) Safari/605.1.15"
10.0.0.2 - - [25/Apr/2025:16:58:55 ] "PUT /onxtpo HTTP/1.1" 302 4630 "https://ctfd.nki.gov.hu/" "Mozilla/5.0 (Macintosh; Intel Mac OS X 10_15_7) Safari/605.1.15"
2025-04-25T16:59:00 192.134.87.145 → 8.8.4.4: A? update.check.software
2025-04-25T16:59:09 219.112.67.32 → 208.67.222.222: AAAA? https://gchq.github.io/
10.0.0.2 - - [25/Apr/2025:16:59:09 ] "PUT /hpvawocedwr HTTP/1.1" 500 3643 "https://wikipedia.org" "Mozilla/5.0 (Macintosh; Intel Mac OS X 10_15_7) Safari/605.1.15"
10.0.0.2 - - [25/Apr/2025:16:59:16 ] "PUT / HTTP/1.1" 500 3377 "https://facebook.com/" "curl/7.68.0"
172.16.0.5 - - [25/Apr/2025:16:59:20 ] "PUT /index.html HTTP/2.0" 401 4057 "https://wikipedia.org" "curl/7.68.0"
198.51.100.34 - - [25/Apr/2025:16:59:29 ] "POST /api/data HTTP/2.0" 403 178 "https://www.google.com/" "Mozilla/5.0 (Windows NT 10.0; Win64; x64) Chrome/112.0.0.0"
172.67.182.147 - - [25/Apr/2025:16:59:30 ] "HEAD /api/data HTTP/2.0" 302 2296 "https://www.google.com/" "PostmanRuntime/7.32.2"
172.16.0.5 - - [25/Apr/2025:16:59:37 ] "GET /jclfhujrdswl HTTP/1.1" 403 4797 "https://www.google.com/" "PostmanRuntime/7.32.2"
2025-04-25T16:59:38 205.146.251.82 → 185.228.168.9: SOA? update.check.software
172.67.182.147 - - [25/Apr/2025:16:59:39 ] "HEAD /login HTTP/2.0" 301 4703 "https://facebook.com/" "Mozilla/5.0 (Macintosh; Intel Mac OS X 10_15_7) Safari/605.1.15"
2025-04-25T16:59:45 221.192.85.107 → 77.88.8.8: AAAA? junk.data.net
203.0.113.12 - - [25/Apr/2025:16:59:57 ] "POST /djlxjfzsnhw HTTP/1.1" 301 3951 "https://stackoverflow.com" "Mozilla/5.0 (Windows NT 10.0; Win64; x64) Chrome/112.0.0.0"
172.67.182.147 - - [25/Apr/2025:17:00:02 ] "POST /index.html HTTP/1.1" 301 2223 "https://www.google.com/" "PostmanRuntime/7.32.2"
2025-04-25T17:00:05 208.138.109.219 → 1.0.0.1: SOA? https://chatgpt.com/
10.0.0.2 - - [25/Apr/2025:17:00:08 ] "OPTIONS /index.html HTTP/1.1" 500 2016 "https://chatgpt.com/" "Mozilla/5.0 (Macintosh; Intel Mac OS X 10_15_7) Safari/605.1.15"
203.0.113.12 - - [25/Apr/2025:17:00:15 ] "POST / HTTP/1.1" 502 879 "https://x.com/" "Mozilla/5.0 (Macintosh; Intel Mac OS X 10_15_7) Safari/605.1.15"
2025-04-25T17:00:18 205.62.52.17 → 1.0.0.1: SOA? https://www.google.com/
2025-04-25T17:00:18 197.103.241.110 → 1.1.1.1: MX? tracker.site.net
2025-04-25T17:00:20 193.182.206.222 → 77.88.8.8: SOA? https://gchq.github.io/
2025-04-25T17:00:25 205.60.159.224 → 1.1.1.1: NS? https://facebook.com/
10.0.0.2 - - [25/Apr/2025:17:00:28 ] "GET /images/logo.png HTTP/1.1" 503 1764 "https://ctfd.nki.gov.hu/" "PostmanRuntime/7.32.2"
2025-04-25T17:00:30 198.188.76.67 → 185.228.168.9: AAAA? https://stackoverflow.com
2025-04-25T17:00:36 208.12.187.130 → 1.0.0.1: SOA? tracker.site.net
203.0.113.12 - - [25/Apr/2025:17:00:46 ] "OPTIONS /uevcrwgsy HTTP/2.0" 302 4299 "https://stackoverflow.com" "PostmanRuntime/7.32.2"
2025-04-25T17:00:51 218.227.75.179 → 208.67.222.222: PTR? https://news.ycombinator.com/
2025-04-25T17:01:02 215.202.84.180 → 8.8.4.4: PTR? random.subdomain.example.com
104.16.132.229 - - [25/Apr/2025:17:01:02 ] "GET / HTTP/2.0" 502 1562 "https://index.hu/" "curl/7.68.0"
172.16.0.5 - - [25/Apr/2025:17:01:10 ] "HEAD /login HTTP/1.1" 502 4833 "https://stackoverflow.com" "Mozilla/5.0 (Windows NT 10.0; Win64; x64) Chrome/112.0.0.0"
2025-04-25T17:01:18 217.128.151.103 → 9.9.9.9: TXT? noise.testdomain.org
2025-04-25T17:01:22 223.97.20.135 → 1.0.0.1: CNAME? mail.google.com
2025-04-25T17:01:22 212.141.75.148 → 77.88.8.8: NS? update.check.software
2025-04-25T17:01:30 214.10.247.126 → 77.88.8.8: A? cHJvdG9udnBz.gov.hu
203.0.113.12 - - [25/Apr/2025:17:01:30 ] "HEAD /login HTTP/2.0" 500 3108 "https://index.hu/" "curl/7.68.0"
203.0.113.12 - - [25/Apr/2025:17:01:41 ] "HEAD /wwgilbqs HTTP/2.0" 502 1367 "https://facebook.com/" "Mozilla/5.0 (Windows NT 10.0; Win64; x64) Chrome/112.0.0.0"
2025-04-25T17:01:48 204.38.33.43 → 77.88.8.8: NS? metrics.analytics.co
192.168.1.1 - - [25/Apr/2025:17:01:57 ] "PUT /xvtxkgjgqdr HTTP/1.1" 302 4145 "https://x.com/" "curl/7.68.0"
2025-04-25T17:02:00 201.116.52.63 → 1.0.0.1: A? https://gchq.github.io/
192.168.1.1 - - [25/Apr/2025:17:02:06 ] "DELETE /images/logo.png HTTP/1.1" 500 434 "https://chatgpt.com/" "PostmanRuntime/7.32.2"
2025-04-25T17:02:18 203.153.42.15 → 185.228.168.9: MX? https://facebook.com/
2025-04-25T17:02:22 206.97.12.184 → 208.67.222.222: PTR? update.check.software
10.0.0.2 - - [25/Apr/2025:17:02:23 ] "PUT /ffpbasqbgyzm HTTP/2.0" 503 4079 "https://wikipedia.org" "curl/7.68.0"
2025-04-25T17:02:24 216.155.10.154 → 208.67.222.222: NS? https://gchq.github.io/
10.0.0.2 - - [25/Apr/2025:17:02:28 ] "HEAD /images/logo.png HTTP/2.0" 400 3544 "https://stackoverflow.com" "Mozilla/5.0 (Macintosh; Intel Mac OS X 10_15_7) Safari/605.1.15"
2025-04-25T17:02:34 193.189.28.233 → 185.228.168.9: TXT? junk.data.net
203.0.113.12 - - [25/Apr/2025:17:02:41 ] "GET /api/data HTTP/1.1" 502 2881 "https://index.hu/" "PostmanRuntime/7.32.2"
172.16.0.5 - - [25/Apr/2025:17:02:54 ] "DELETE /login HTTP/2.0" 302 495 "https://chatgpt.com/" "curl/7.68.0"
2025-04-25T17:03:03 210.157.201.227 → 208.67.222.222: TXT? https://stackoverflow.com
2025-04-25T17:03:14 223.234.54.32 → 1.1.1.1: PTR? https://stackoverflow.com
192.0.2.99 - - [25/Apr/2025:17:03:14 ] "OPTIONS /djryi HTTP/1.1" 302 2540 "https://facebook.com/" "Mozilla/5.0 (Windows NT 10.0; Win64; x64) Chrome/112.0.0.0"
2025-04-25T17:03:25 214.91.153.31 → 8.8.8.8: MX? ads.doubleclick.net
2025-04-25T17:03:26 216.154.254.180 → 77.88.8.8: A? https://facebook.com/
10.0.0.2 - - [25/Apr/2025:17:03:34 ] "HEAD /bwbwdjy HTTP/2.0" 503 2585 "https://gchq.github.io/" "Mozilla/5.0 (Macintosh; Intel Mac OS X 10_15_7) Safari/605.1.15"
2025-04-25T17:03:35 201.66.0.64 → 208.67.222.222: CNAME? https://www.google.com/
198.51.100.34 - - [25/Apr/2025:17:03:38 ] "DELETE /login HTTP/2.0" 401 751 "https://stackoverflow.com" "PostmanRuntime/7.32.2"
2025-04-25T17:03:39 217.184.97.158 → 1.0.0.1: SOA? pixel.tracking.net
2025-04-25T17:03:48 203.111.191.80 → 185.228.168.9: PTR? https://www.reddit.com/
203.0.113.12 - - [25/Apr/2025:17:03:49 ] "GET /hihsuzscpsob HTTP/1.1" 503 3440 "-" "PostmanRuntime/7.32.2"
192.0.2.99 - - [25/Apr/2025:17:03:56 ] "PUT /rfnwqyyjxrce HTTP/1.1" 502 3279 "https://stackoverflow.com" "Mozilla/5.0 (Windows NT 10.0; Win64; x64) Chrome/112.0.0.0"
104.16.132.229 - - [25/Apr/2025:17:03:57 ] "GET /images/logo.png HTTP/1.1" 302 2564 "-" "curl/7.68.0"
2025-04-25T17:03:58 203.46.128.212 → 77.88.8.8: MX? https://index.hu/
172.16.0.5 - - [25/Apr/2025:17:04:04 ] "HEAD /agyxqzakebi HTTP/1.1" 500 567 "-" "curl/7.68.0"
2025-04-25T17:04:06 213.14.236.8 → 8.8.8.8: SOA? https://stackoverflow.com
2025-04-25T17:04:06 219.174.2.104 → 8.8.8.8: CNAME? https://news.ycombinator.com/
192.168.1.1 - - [25/Apr/2025:17:04:07 ] "GET /index.html HTTP/2.0" 301 1256 "https://x.com/" "Mozilla/5.0 (Macintosh; Intel Mac OS X 10_15_7) Safari/605.1.15"
2025-04-25T17:04:10 210.124.0.164 → 1.1.1.1: AAAA? ads.tracker.net
172.16.0.5 - - [25/Apr/2025:17:04:23 ] "HEAD /ozohrbx HTTP/2.0" 502 3823 "https://news.ycombinator.com/" "PostmanRuntime/7.32.2"
172.16.0.5 - - [25/Apr/2025:17:04:31 ] "DELETE /images/logo.png HTTP/1.1" 401 1022 "https://wikipedia.org" "Mozilla/5.0 (Macintosh; Intel Mac OS X 10_15_7) Safari/605.1.15"
172.16.0.5 - - [25/Apr/2025:17:04:35 ] "POST /login HTTP/2.0" 301 199 "https://facebook.com/" "PostmanRuntime/7.32.2"
2025-04-25T17:04:50 222.83.194.135 → 8.8.4.4: SOA? https://stackoverflow.com
198.51.100.34 - - [25/Apr/2025:17:04:51 ] "DELETE /index.html HTTP/1.1" 301 2312 "https://www.reddit.com/" "curl/7.68.0"
2025-04-25T17:05:00 212.146.242.65 → 185.228.168.9: TXT? random.subdomain.example.com
172.67.182.147 - - [25/Apr/2025:17:05:04 ] "POST /ufhpgkacc HTTP/1.1" 500 2320 "https://www.google.com/" "Mozilla/5.0 (Macintosh; Intel Mac OS X 10_15_7) Safari/605.1.15"
2025-04-25T17:05:06 199.34.49.190 → 77.88.8.8: TXT? random.subdomain.example.com
2025-04-25T17:05:09 196.123.124.203 → 8.8.4.4: PTR? tracker.site.net
192.0.2.99 - - [25/Apr/2025:17:05:23 ] "OPTIONS /mqkaajptjqd HTTP/1.1" 400 3173 "https://facebook.com/" "Mozilla/5.0 (Macintosh; Intel Mac OS X 10_15_7) Safari/605.1.15"
203.0.113.12 - - [25/Apr/2025:17:05:25 ] "OPTIONS /dxhplsj HTTP/2.0" 401 4910 "https://stackoverflow.com" "PostmanRuntime/7.32.2"
2025-04-25T17:05:30 218.107.222.140 → 9.9.9.9: A? junk.data.net
2025-04-25T17:05:31 212.28.25.206 → 208.67.222.222: AAAA? update.check.software
203.0.113.12 - - [25/Apr/2025:17:05:41 ] "DELETE /oymcfvzpqil HTTP/1.1" 301 3457 "https://gchq.github.io/" "curl/7.68.0"
2025-04-25T17:05:50 217.20.30.238 → 9.9.9.9: AAAA? https://ctfd.nki.gov.hu/
203.0.113.12 - - [25/Apr/2025:17:05:54 ] "PUT /api/data HTTP/1.1" 500 4494 "https://www.reddit.com/" "Mozilla/5.0 (Windows NT 10.0; Win64; x64) Chrome/112.0.0.0"
2025-04-25T17:06:00 201.246.52.36 → 1.1.1.1: AAAA? https://www.google.com/
2025-04-25T17:06:02 222.215.80.212 → 208.67.222.222: CNAME? metrics.analytics.co
192.168.1.1 - - [25/Apr/2025:17:06:02 ] "GET /darnwhf HTTP/2.0" 400 214 "https://ctfd.nki.gov.hu/" "Mozilla/5.0 (Macintosh; Intel Mac OS X 10_15_7) Safari/605.1.15"
172.67.182.147 - - [25/Apr/2025:17:06:20 ] "HEAD /index.html HTTP/1.1" 302 2841 "https://ctfd.nki.gov.hu/" "curl/7.68.0"
172.16.0.5 - - [25/Apr/2025:17:06:22 ] "GET /login HTTP/2.0" 302 1059 "https://www.reddit.com/" "Mozilla/5.0 (Macintosh; Intel Mac OS X 10_15_7) Safari/605.1.15"
2025-04-25T17:06:30 192.188.168.100 → 185.228.168.9: PTR? https://index.hu/
172.16.0.5 - - [25/Apr/2025:17:06:31 ] "POST / HTTP/2.0" 403 3248 "https://www.reddit.com/" "Mozilla/5.0 (Windows NT 10.0; Win64; x64) Chrome/112.0.0.0"
2025-04-25T17:06:39 217.207.209.96 → 8.8.4.4: PTR? https://chatgpt.com/
192.168.1.1 - - [25/Apr/2025:17:06:41 ] "HEAD /index.html HTTP/1.1" 503 3680 "https://news.ycombinator.com/" "Mozilla/5.0 (Macintosh; Intel Mac OS X 10_15_7) Safari/605.1.15"
2025-04-25T17:06:48 199.241.33.163 → 8.8.4.4: A? tracker.site.net
203.0.113.12 - - [25/Apr/2025:17:06:53 ] "DELETE /gesez HTTP/1.1" 404 259 "https://stackoverflow.com" "curl/7.68.0"
203.0.113.12 - - [25/Apr/2025:17:07:01 ] "HEAD / HTTP/1.1" 503 2389 "https://index.hu/" "curl/7.68.0"
198.51.100.34 - - [25/Apr/2025:17:07:02 ] "PUT /utzycujw HTTP/2.0" 200 1976 "-" "Mozilla/5.0 (Macintosh; Intel Mac OS X 10_15_7) Safari/605.1.15"
2025-04-25T17:07:06 219.74.8.245 → 9.9.9.9: PTR? https://gchq.github.io/
172.16.0.5 - - [25/Apr/2025:17:07:11 ] "POST /api/data HTTP/1.1" 403 4310 "https://facebook.com/" "Mozilla/5.0 (Macintosh; Intel Mac OS X 10_15_7) Safari/605.1.15"
2025-04-25T17:07:18 219.21.2.236 → 77.88.8.8: MX? https://www.google.com/
10.0.0.2 - - [25/Apr/2025:17:07:25 ] "HEAD /yukkjaligzj HTTP/1.1" 503 407 "https://index.hu/" "curl/7.68.0"
192.0.2.99 - - [25/Apr/2025:17:07:29 ] "PUT /api/data HTTP/2.0" 302 1401 "https://www.reddit.com/" "curl/7.68.0"
2025-04-25T17:07:30 196.103.97.111 → 8.8.8.8: CNAME? https://wikipedia.org
2025-04-25T17:07:30 196.206.37.79 → 1.0.0.1: MX? metrics.analytics.co
2025-04-25T17:07:36 193.125.242.213 → 9.9.9.9: MX? api.cloudflare.com
192.0.2.99 - - [25/Apr/2025:17:07:40 ] "GET /images/logo.png HTTP/1.1" 503 4881 "https://www.google.com/" "Mozilla/5.0 (Macintosh; Intel Mac OS X 10_15_7) Safari/605.1.15"
172.67.182.147 - - [25/Apr/2025:17:07:52 ] "HEAD /login HTTP/1.1" 502 994 "https://stackoverflow.com" "Mozilla/5.0 (Macintosh; Intel Mac OS X 10_15_7) Safari/605.1.15"
172.16.0.5 - - [25/Apr/2025:17:07:52 ] "POST /index.html HTTP/2.0" 502 2196 "-" "curl/7.68.0"
2025-04-25T17:07:54 215.226.168.79 → 9.9.9.9: SOA? ads.doubleclick.net
104.16.132.229 - - [25/Apr/2025:17:08:11 ] "HEAD /httmmh HTTP/2.0" 400 4474 "-" "Mozilla/5.0 (Windows NT 10.0; Win64; x64) Chrome/112.0.0.0"
2025-04-25T17:08:20 204.203.238.92 → 77.88.8.8: SOA? update.check.software
172.16.0.5 - - [25/Apr/2025:17:08:24 ] "PUT /api/data HTTP/1.1" 500 1349 "https://facebook.com/" "Mozilla/5.0 (Windows NT 10.0; Win64; x64) Chrome/112.0.0.0"
192.168.1.1 - - [25/Apr/2025:17:08:28 ] "HEAD /images/logo.png HTTP/1.1" 401 798 "https://chatgpt.com/" "Mozilla/5.0 (Macintosh; Intel Mac OS X 10_15_7) Safari/605.1.15"
192.0.2.99 - - [25/Apr/2025:17:08:32 ] "GET /api/data HTTP/2.0" 401 2515 "-" "curl/7.68.0"
2025-04-25T17:08:40 220.127.233.154 → 1.0.0.1: TXT? noise.testdomain.org
2025-04-25T17:08:42 210.255.95.233 → 8.8.4.4: SOA? noise.testdomain.org
192.168.1.1 - - [25/Apr/2025:17:08:48 ] "POST /eigqfqxbdzny HTTP/2.0" 502 2634 "https://facebook.com/" "PostmanRuntime/7.32.2"
2025-04-25T17:08:54 217.33.216.137 → 185.228.168.9: TXT? https://ctfd.nki.gov.hu/
172.16.0.5 - - [25/Apr/2025:17:09:00 ] "GET /bverzvrqfh HTTP/2.0" 400 4189 "https://ctfd.nki.gov.hu/" "curl/7.68.0"
203.0.113.12 - - [25/Apr/2025:17:09:18 ] "HEAD /jgnjni HTTP/2.0" 400 459 "https://chatgpt.com/" "curl/7.68.0"
2025-04-25T17:09:25 193.127.159.111 → 8.8.8.8: MX? junk.data.net
2025-04-25T17:09:29 202.170.19.130 → 77.88.8.8: SOA? https://stackoverflow.com
172.67.182.147 - - [25/Apr/2025:17:09:38 ] "GET / HTTP/1.1" 500 3017 "https://news.ycombinator.com/" "curl/7.68.0"
172.67.182.147 - - [25/Apr/2025:17:09:51 ] "PUT /login HTTP/1.1" 500 178 "https://www.reddit.com/" "PostmanRuntime/7.32.2"
198.51.100.34 - - [25/Apr/2025:17:09:53 ] "PUT /index.html HTTP/2.0" 302 4262 "https://index.hu/" "Mozilla/5.0 (Macintosh; Intel Mac OS X 10_15_7) Safari/605.1.15"
2025-04-25T17:09:57 221.150.142.129 → 8.8.8.8: TXT? junk.data.net
2025-04-25T17:10:04 199.191.15.85 → 77.88.8.8: MX? ads.tracker.net
203.0.113.12 - - [25/Apr/2025:17:10:05 ] "DELETE /index.html HTTP/2.0" 404 4249 "https://gchq.github.io/" "curl/7.68.0"
172.67.182.147 - - [25/Apr/2025:17:10:06 ] "HEAD /ydrskeithnhg HTTP/1.1" 302 3021 "-" "curl/7.68.0"
192.0.2.99 - - [25/Apr/2025:17:10:16 ] "HEAD /login HTTP/1.1" 302 3350 "https://x.com/" "curl/7.68.0"
192.0.2.99 - - [25/Apr/2025:17:10:26 ] "HEAD /hjvpecewyg HTTP/2.0" 302 2438 "https://www.google.com/" "Mozilla/5.0 (Windows NT 10.0; Win64; x64) Chrome/112.0.0.0"
192.0.2.99 - - [25/Apr/2025:17:10:34 ] "OPTIONS /index.html HTTP/2.0" 403 3085 "https://ctfd.nki.gov.hu/" "curl/7.68.0"
10.0.0.2 - - [25/Apr/2025:17:10:42 ] "GET /tcwvq HTTP/1.1" 500 2398 "https://www.reddit.com/" "Mozilla/5.0 (Windows NT 10.0; Win64; x64) Chrome/112.0.0.0"
2025-04-25T17:10:58 217.52.154.77 → 1.0.0.1: AAAA? tracker.site.net
203.0.113.12 - - [25/Apr/2025:17:10:59 ] "OPTIONS /sikmag HTTP/2.0" 401 530 "https://index.hu/" "Mozilla/5.0 (Macintosh; Intel Mac OS X 10_15_7) Safari/605.1.15"
2025-04-25T17:11:00 195.199.108.93 → 8.8.4.4: MX? https://www.reddit.com/
2025-04-25T17:11:00 218.112.124.144 → 8.8.8.8: PTR? https://x.com/
2025-04-25T17:11:10 197.97.57.115 → 9.9.9.9: NS? pixel.tracking.net
2025-04-25T17:11:14 220.178.71.49 → 185.228.168.9: NS? noise.testdomain.org
2025-04-25T17:11:14 216.17.204.177 → 1.0.0.1: PTR? tracker.site.net
203.0.113.12 - - [25/Apr/2025:17:11:16 ] "HEAD /index.html HTTP/2.0" 200 1110 "https://gchq.github.io/" "curl/7.68.0"
172.16.0.5 - - [25/Apr/2025:17:11:33 ] "HEAD /api/data HTTP/2.0" 404 3266 "https://facebook.com/" "Mozilla/5.0 (Windows NT 10.0; Win64; x64) Chrome/112.0.0.0"
172.67.182.147 - - [25/Apr/2025:17:11:40 ] "HEAD /index.html HTTP/1.1" 500 1972 "https://facebook.com/" "PostmanRuntime/7.32.2"
2025-04-25T17:11:45 223.221.130.140 → 8.8.4.4: SOA? tracker.site.net
172.16.0.5 - - [25/Apr/2025:17:11:48 ] "OPTIONS / HTTP/1.1" 500 2925 "-" "Mozilla/5.0 (Macintosh; Intel Mac OS X 10_15_7) Safari/605.1.15"
2025-04-25T17:11:50 195.93.96.226 → 9.9.9.9: TXT? pixel.tracking.net
2025-04-25T17:12:02 221.8.24.137 → 1.0.0.1: SOA? tracker.site.net
203.0.113.12 - - [25/Apr/2025:17:12:07 ] "DELETE /mgrvakqet HTTP/1.1" 500 4560 "-" "Mozilla/5.0 (Macintosh; Intel Mac OS X 10_15_7) Safari/605.1.15"
2025-04-25T17:12:18 193.247.3.122 → 185.228.168.9: TXT? pixel.tracking.net
2025-04-25T17:12:20 216.209.33.116 → 77.88.8.8: TXT? https://gchq.github.io/
2025-04-25T17:12:21 201.145.221.5 → 1.0.0.1: MX? https://gchq.github.io/
192.168.1.1 - - [25/Apr/2025:17:12:21 ] "GET /api/data HTTP/2.0" 500 4554 "https://www.reddit.com/" "curl/7.68.0"
192.168.1.1 - - [25/Apr/2025:17:12:28 ] "PUT /index.html HTTP/1.1" 500 3231 "https://wikipedia.org" "curl/7.68.0"
203.0.113.12 - - [25/Apr/2025:17:12:38 ] "DELETE /images/logo.png HTTP/2.0" 401 2035 "https://www.google.com/" "curl/7.68.0"
10.0.0.2 - - [25/Apr/2025:17:12:38 ] "PUT / HTTP/2.0" 301 1295 "https://news.ycombinator.com/" "Mozilla/5.0 (Windows NT 10.0; Win64; x64) Chrome/112.0.0.0"
2025-04-25T17:12:45 213.173.1.240 → 185.228.168.9: CNAME? cHJvdG9udnBz.gov.hu
2025-04-25T17:12:50 220.81.185.166 → 8.8.4.4: TXT? api.cloudflare.com
2025-04-25T17:12:54 216.84.110.215 → 8.8.8.8: PTR? https://news.ycombinator.com/
10.0.0.2 - - [25/Apr/2025:17:12:54 ] "GET /images/logo.png HTTP/1.1" 401 1362 "https://chatgpt.com/" "Mozilla/5.0 (Macintosh; Intel Mac OS X 10_15_7) Safari/605.1.15"
2025-04-25T17:13:00 206.44.199.232 → 8.8.8.8: MX? cHJvdG9udnBz.gov.hu
10.0.0.2 - - [25/Apr/2025:17:13:11 ] "HEAD /xmrzdda HTTP/2.0" 301 4550 "https://stackoverflow.com" "curl/7.68.0"
192.168.1.1 - - [25/Apr/2025:17:13:14 ] "OPTIONS /yvykwtuozyxq HTTP/2.0" 503 2540 "https://www.reddit.com/" "Mozilla/5.0 (Windows NT 10.0; Win64; x64) Chrome/112.0.0.0"
203.0.113.12 - - [25/Apr/2025:17:13:34 ] "POST /bnngkvonv HTTP/2.0" 301 4161 "https://www.reddit.com/" "PostmanRuntime/7.32.2"
2025-04-25T17:13:36 209.92.246.188 → 8.8.8.8: NS? https://gchq.github.io/
2025-04-25T17:13:40 198.196.141.142 → 1.0.0.1: AAAA? https://ctfd.nki.gov.hu/
2025-04-25T17:13:40 205.10.199.161 → 1.0.0.1: CNAME? junk.data.net
2025-04-25T17:13:42 211.228.167.72 → 8.8.8.8: CNAME? mail.google.com
203.0.113.12 - - [25/Apr/2025:17:13:52 ] "PUT /index.html HTTP/2.0" 502 968 "https://facebook.com/" "Mozilla/5.0 (Windows NT 10.0; Win64; x64) Chrome/112.0.0.0"
2025-04-25T17:13:55 192.232.112.176 → 8.8.8.8: A? mail.google.com
2025-04-25T17:14:00 192.101.248.110 → 1.1.1.1: CNAME? api.cloudflare.com
2025-04-25T17:14:00 210.175.185.219 → 185.228.168.9: TXT? https://www.google.com/
2025-04-25T17:14:02 205.213.105.249 → 8.8.4.4: SOA? https://wikipedia.org
192.0.2.99 - - [25/Apr/2025:17:14:02 ] "GET / HTTP/2.0" 503 2826 "https://facebook.com/" "curl/7.68.0"
192.168.1.1 - - [25/Apr/2025:17:14:05 ] "POST / HTTP/1.1" 404 4375 "https://x.com/" "Mozilla/5.0 (Windows NT 10.0; Win64; x64) Chrome/112.0.0.0"
203.0.113.12 - - [25/Apr/2025:17:14:11 ] "PUT /expcslt HTTP/1.1" 301 640 "https://news.ycombinator.com/" "curl/7.68.0"
2025-04-25T17:14:12 194.15.146.127 → 9.9.9.9: CNAME? ads.doubleclick.net
2025-04-25T17:14:20 217.36.114.164 → 8.8.8.8: TXT? ads.tracker.net
203.0.113.12 - - [25/Apr/2025:17:14:25 ] "PUT /index.html HTTP/1.1" 503 2088 "https://www.reddit.com/" "PostmanRuntime/7.32.2"
172.67.182.147 - - [25/Apr/2025:17:14:25 ] "OPTIONS /api/data HTTP/1.1" 401 4788 "https://chatgpt.com/" "Mozilla/5.0 (Macintosh; Intel Mac OS X 10_15_7) Safari/605.1.15"
2025-04-25T17:14:26 207.13.235.164 → 208.67.222.222: NS? https://www.reddit.com/
192.168.1.1 - - [25/Apr/2025:17:14:37 ] "HEAD /images/logo.png HTTP/1.1" 404 1673 "https://wikipedia.org" "PostmanRuntime/7.32.2"
172.67.182.147 - - [25/Apr/2025:17:14:50 ] "POST /api/data HTTP/2.0" 302 4162 "https://chatgpt.com/" "Mozilla/5.0 (Windows NT 10.0; Win64; x64) Chrome/112.0.0.0"
192.0.2.99 - - [25/Apr/2025:17:15:04 ] "GET /index.html HTTP/1.1" 502 3318 "https://ctfd.nki.gov.hu/" "Mozilla/5.0 (Macintosh; Intel Mac OS X 10_15_7) Safari/605.1.15"
2025-04-25T17:15:18 218.89.18.2 → 208.67.222.222: AAAA? junk.data.net
2025-04-25T17:15:21 209.226.33.150 → 1.0.0.1: A? https://ctfd.nki.gov.hu/
198.51.100.34 - - [25/Apr/2025:17:15:21 ] "OPTIONS /images/logo.png HTTP/2.0" 500 2997 "https://news.ycombinator.com/" "PostmanRuntime/7.32.2"
2025-04-25T17:15:25 204.102.101.164 → 8.8.4.4: CNAME? https://www.google.com/
2025-04-25T17:15:26 197.104.156.73 → 77.88.8.8: A? https://chatgpt.com/
198.51.100.34 - - [25/Apr/2025:17:15:32 ] "HEAD /heprrvrbrtle HTTP/1.1" 503 2214 "https://news.ycombinator.com/" "PostmanRuntime/7.32.2"
198.51.100.34 - - [25/Apr/2025:17:15:35 ] "POST /images/logo.png HTTP/1.1" 404 4775 "https://gchq.github.io/" "Mozilla/5.0 (Windows NT 10.0; Win64; x64) Chrome/112.0.0.0"
2025-04-25T17:15:38 209.122.225.146 → 185.228.168.9: AAAA? update.check.software
198.51.100.34 - - [25/Apr/2025:17:15:47 ] "DELETE /index.html HTTP/2.0" 502 2951 "https://chatgpt.com/" "Mozilla/5.0 (Windows NT 10.0; Win64; x64) Chrome/112.0.0.0"
2025-04-25T17:15:50 198.67.203.132 → 208.67.222.222: NS? mail.google.com
2025-04-25T17:16:01 217.173.52.62 → 1.0.0.1: TXT? https://wikipedia.org
192.0.2.99 - - [25/Apr/2025:17:16:02 ] "OPTIONS /index.html HTTP/1.1" 500 630 "https://index.hu/" "PostmanRuntime/7.32.2"
2025-04-25T17:16:18 217.214.252.105 → 9.9.9.9: SOA? metrics.analytics.co
2025-04-25T17:16:18 205.246.179.93 → 8.8.8.8: MX? https://gchq.github.io/
198.51.100.34 - - [25/Apr/2025:17:16:19 ] "PUT /images/logo.png HTTP/2.0" 302 4074 "https://wikipedia.org" "Mozilla/5.0 (Windows NT 10.0; Win64; x64) Chrome/112.0.0.0"
2025-04-25T17:16:26 202.187.159.109 → 9.9.9.9: NS? https://www.google.com/
203.0.113.12 - - [25/Apr/2025:17:16:26 ] "POST / HTTP/1.1" 400 403 "https://gchq.github.io/" "Mozilla/5.0 (Windows NT 10.0; Win64; x64) Chrome/112.0.0.0"
172.67.182.147 - - [25/Apr/2025:17:16:26 ] "HEAD / HTTP/2.0" 500 4402 "https://www.google.com/" "curl/7.68.0"
2025-04-25T17:16:30 211.122.123.113 → 1.0.0.1: CNAME? https://index.hu/
2025-04-25T17:16:34 209.132.38.228 → 1.0.0.1: AAAA? ads.doubleclick.net
172.67.182.147 - - [25/Apr/2025:17:16:39 ] "OPTIONS / HTTP/2.0" 400 967 "https://index.hu/" "Mozilla/5.0 (Macintosh; Intel Mac OS X 10_15_7) Safari/605.1.15"
198.51.100.34 - - [25/Apr/2025:17:16:55 ] "GET /index.html HTTP/2.0" 400 1184 "https://x.com/" "PostmanRuntime/7.32.2"
192.0.2.99 - - [25/Apr/2025:17:16:58 ] "DELETE /images/logo.png HTTP/2.0" 503 3639 "-" "Mozilla/5.0 (Windows NT 10.0; Win64; x64) Chrome/112.0.0.0"
2025-04-25T17:17:00 194.181.228.14 → 1.0.0.1: PTR? ads.tracker.net
10.0.0.2 - - [25/Apr/2025:17:17:02 ] "GET / HTTP/1.1" 302 4436 "https://stackoverflow.com" "PostmanRuntime/7.32.2"
104.16.132.229 - - [25/Apr/2025:17:17:19 ] "OPTIONS /hjcrz HTTP/1.1" 404 1745 "https://x.com/" "curl/7.68.0"
172.67.182.147 - - [25/Apr/2025:17:17:20 ] "DELETE /api/data HTTP/1.1" 301 4738 "https://wikipedia.org" "PostmanRuntime/7.32.2"
2025-04-25T17:17:22 203.64.243.132 → 77.88.8.8: MX? random.subdomain.example.com
203.0.113.12 - - [25/Apr/2025:17:17:23 ] "OPTIONS /images/logo.png HTTP/2.0" 400 2242 "https://www.reddit.com/" "curl/7.68.0"
2025-04-25T17:17:25 194.33.229.188 → 185.228.168.9: MX? noise.testdomain.org
2025-04-25T17:17:30 221.228.233.135 → 208.67.222.222: AAAA? tracker.site.net
10.0.0.2 - - [25/Apr/2025:17:17:32 ] "PUT /kawkyhoc HTTP/1.1" 400 3767 "https://ctfd.nki.gov.hu/" "PostmanRuntime/7.32.2"
172.67.182.147 - - [25/Apr/2025:17:17:33 ] "DELETE /images/logo.png HTTP/2.0" 401 2328 "https://facebook.com/" "curl/7.68.0"
2025-04-25T17:17:36 219.114.94.25 → 8.8.4.4: NS? mail.google.com
2025-04-25T17:17:38 195.144.205.190 → 185.228.168.9: PTR? tracker.site.net
2025-04-25T17:17:45 209.35.227.174 → 9.9.9.9: A? https://wikipedia.org
203.0.113.12 - - [25/Apr/2025:17:17:51 ] "GET /index.html HTTP/1.1" 503 3292 "https://facebook.com/" "PostmanRuntime/7.32.2"
2025-04-25T17:17:53 204.102.27.64 → 208.67.222.222: PTR? cHJvdG9udnBz.gov.hu
2025-04-25T17:17:54 222.209.226.127 → 1.1.1.1: MX? metrics.analytics.co
2025-04-25T17:18:00 194.221.190.179 → 8.8.8.8: PTR? cHJvdG9udnBz.gov.hu
104.16.132.229 - - [25/Apr/2025:17:18:06 ] "DELETE /login HTTP/2.0" 500 189 "https://news.ycombinator.com/" "PostmanRuntime/7.32.2"
192.168.1.1 - - [25/Apr/2025:17:18:06 ] "DELETE /index.html HTTP/2.0" 400 3952 "https://stackoverflow.com" "curl/7.68.0"
2025-04-25T17:18:10 221.205.48.252 → 8.8.8.8: PTR? https://index.hu/
2025-04-25T17:18:18 210.84.20.152 → 9.9.9.9: SOA? https://chatgpt.com/
2025-04-25T17:18:21 208.31.71.170 → 1.0.0.1: PTR? api.cloudflare.com
172.67.182.147 - - [25/Apr/2025:17:18:24 ] "DELETE /login HTTP/2.0" 401 4453 "https://www.google.com/" "curl/7.68.0"
104.16.132.229 - - [25/Apr/2025:17:18:25 ] "POST /index.html HTTP/1.1" 500 1162 "https://www.reddit.com/" "PostmanRuntime/7.32.2"
2025-04-25T17:18:30 221.235.45.116 → 8.8.4.4: TXT? ads.tracker.net
2025-04-25T17:18:35 214.89.47.26 → 9.9.9.9: TXT? mail.google.com
2025-04-25T17:18:40 214.208.118.170 → 1.1.1.1: MX? ads.tracker.net
172.16.0.5 - - [25/Apr/2025:17:18:42 ] "HEAD /images/logo.png HTTP/1.1" 503 861 "https://chatgpt.com/" "curl/7.68.0"
203.0.113.12 - - [25/Apr/2025:17:18:43 ] "DELETE /api/data HTTP/2.0" 502 2670 "https://facebook.com/" "Mozilla/5.0 (Windows NT 10.0; Win64; x64) Chrome/112.0.0.0"
10.0.0.2 - - [25/Apr/2025:17:18:45 ] "HEAD / HTTP/2.0" 502 2866 "https://stackoverflow.com" "Mozilla/5.0 (Windows NT 10.0; Win64; x64) Chrome/112.0.0.0"
192.168.1.1 - - [25/Apr/2025:17:18:51 ] "PUT / HTTP/2.0" 200 1092 "https://news.ycombinator.com/" "PostmanRuntime/7.32.2"
104.16.132.229 - - [25/Apr/2025:17:19:03 ] "OPTIONS /login HTTP/2.0" 503 2887 "-" "curl/7.68.0"
2025-04-25T17:19:06 219.96.63.238 → 1.1.1.1: MX? https://ctfd.nki.gov.hu/
192.168.1.1 - - [25/Apr/2025:17:19:14 ] "OPTIONS /xjlrxuk HTTP/1.1" 400 4848 "https://ctfd.nki.gov.hu/" "Mozilla/5.0 (Windows NT 10.0; Win64; x64) Chrome/112.0.0.0"
2025-04-25T17:19:15 212.52.122.123 → 9.9.9.9: SOA? https://chatgpt.com/
198.51.100.34 - - [25/Apr/2025:17:19:19 ] "DELETE /index.html HTTP/2.0" 500 2928 "https://index.hu/" "PostmanRuntime/7.32.2"
2025-04-25T17:19:22 214.5.116.176 → 185.228.168.9: TXT? update.check.software
203.0.113.12 - - [25/Apr/2025:17:19:25 ] "OPTIONS /index.html HTTP/1.1" 302 875 "https://www.reddit.com/" "Mozilla/5.0 (Macintosh; Intel Mac OS X 10_15_7) Safari/605.1.15"
10.0.0.2 - - [25/Apr/2025:17:19:26 ] "PUT / HTTP/2.0" 503 1515 "https://wikipedia.org" "curl/7.68.0"
172.67.182.147 - - [25/Apr/2025:17:19:26 ] "DELETE /login HTTP/2.0" 500 4756 "https://ctfd.nki.gov.hu/" "Mozilla/5.0 (Macintosh; Intel Mac OS X 10_15_7) Safari/605.1.15"
2025-04-25T17:19:36 215.136.131.89 → 185.228.168.9: NS? https://wikipedia.org
2025-04-25T17:19:38 201.72.210.49 → 185.228.168.9: MX? https://www.google.com/
104.16.132.229 - - [25/Apr/2025:17:19:40 ] "HEAD /itzsqqf HTTP/1.1" 404 4052 "https://ctfd.nki.gov.hu/" "PostmanRuntime/7.32.2"
172.67.182.147 - - [25/Apr/2025:17:19:46 ] "OPTIONS /login HTTP/1.1" 502 2304 "https://ctfd.nki.gov.hu/" "Mozilla/5.0 (Windows NT 10.0; Win64; x64) Chrome/112.0.0.0"
203.0.113.12 - - [25/Apr/2025:17:19:50 ] "POST /api/data HTTP/2.0" 404 109 "https://ctfd.nki.gov.hu/" "Mozilla/5.0 (Macintosh; Intel Mac OS X 10_15_7) Safari/605.1.15"
192.0.2.99 - - [25/Apr/2025:17:19:50 ] "OPTIONS /images/logo.png HTTP/1.1" 403 2060 "https://news.ycombinator.com/" "curl/7.68.0"
104.16.132.229 - - [25/Apr/2025:17:20:00 ] "POST /xlzyeewoc HTTP/2.0" 302 387 "https://facebook.com/" "Mozilla/5.0 (Windows NT 10.0; Win64; x64) Chrome/112.0.0.0"
2025-04-25T17:20:02 201.119.0.1 → 8.8.4.4: MX? https://ctfd.nki.gov.hu/
192.168.1.1 - - [25/Apr/2025:17:20:14 ] "DELETE /index.html HTTP/1.1" 301 2684 "https://stackoverflow.com" "Mozilla/5.0 (Windows NT 10.0; Win64; x64) Chrome/112.0.0.0"
192.0.2.99 - - [25/Apr/2025:17:20:15 ] "GET /fneuhrf HTTP/1.1" 400 3214 "https://stackoverflow.com" "Mozilla/5.0 (Windows NT 10.0; Win64; x64) Chrome/112.0.0.0"
198.51.100.34 - - [25/Apr/2025:17:20:21 ] "GET /api/data HTTP/1.1" 302 4292 "https://index.hu/" "Mozilla/5.0 (Macintosh; Intel Mac OS X 10_15_7) Safari/605.1.15"
172.67.182.147 - - [25/Apr/2025:17:20:32 ] "HEAD /yeqfmzoqqcc HTTP/1.1" 503 4888 "https://index.hu/" "curl/7.68.0"
2025-04-25T17:20:36 202.239.81.215 → 185.228.168.9: SOA? mail.google.com
198.51.100.34 - - [25/Apr/2025:17:20:42 ] "HEAD /images/logo.png HTTP/1.1" 400 961 "https://news.ycombinator.com/" "Mozilla/5.0 (Macintosh; Intel Mac OS X 10_15_7) Safari/605.1.15"
2025-04-25T17:20:48 200.198.239.117 → 8.8.4.4: TXT? https://index.hu/
172.67.182.147 - - [25/Apr/2025:17:21:00 ] "POST /index.html HTTP/1.1" 401 2237 "-" "curl/7.68.0"
10.0.0.2 - - [25/Apr/2025:17:21:05 ] "DELETE /cvrdchlxm HTTP/1.1" 404 505 "-" "curl/7.68.0"
192.0.2.99 - - [25/Apr/2025:17:21:15 ] "POST /ggbszydoqza HTTP/1.1" 301 1742 "https://wikipedia.org" "PostmanRuntime/7.32.2"
2025-04-25T17:21:22 204.157.235.244 → 1.1.1.1: SOA? https://facebook.com/
198.51.100.34 - - [25/Apr/2025:17:21:31 ] "POST /tesdciftfu HTTP/1.1" 502 1006 "https://www.reddit.com/" "PostmanRuntime/7.32.2"
104.16.132.229 - - [25/Apr/2025:17:21:33 ] "GET /api/data HTTP/1.1" 502 1033 "https://chatgpt.com/" "Mozilla/5.0 (Windows NT 10.0; Win64; x64) Chrome/112.0.0.0"
2025-04-25T17:21:42 211.168.66.99 → 8.8.8.8: CNAME? https://facebook.com/
2025-04-25T17:21:44 223.41.123.177 → 77.88.8.8: PTR? update.check.software
172.16.0.5 - - [25/Apr/2025:17:21:47 ] "HEAD /qxfgp HTTP/1.1" 401 1784 "https://index.hu/" "curl/7.68.0"
2025-04-25T17:21:54 198.243.89.225 → 8.8.4.4: CNAME? https://www.google.com/
192.168.1.1 - - [25/Apr/2025:17:21:58 ] "PUT /api/data HTTP/2.0" 403 3948 "https://chatgpt.com/" "Mozilla/5.0 (Macintosh; Intel Mac OS X 10_15_7) Safari/605.1.15"
2025-04-25T17:22:00 196.130.93.213 → 9.9.9.9: AAAA? junk.data.net
203.0.113.12 - - [25/Apr/2025:17:22:03 ] "HEAD / HTTP/2.0" 401 3828 "https://facebook.com/" "PostmanRuntime/7.32.2"
2025-04-25T17:22:20 214.126.54.152 → 1.1.1.1: NS? noise.testdomain.org
203.0.113.12 - - [25/Apr/2025:17:22:22 ] "PUT /awdwusoi HTTP/2.0" 401 4813 "https://x.com/" "Mozilla/5.0 (Windows NT 10.0; Win64; x64) Chrome/112.0.0.0"
2025-04-25T17:22:30 209.20.73.44 → 8.8.8.8: SOA? noise.testdomain.org
203.0.113.12 - - [25/Apr/2025:17:22:37 ] "DELETE /api/data HTTP/2.0" 500 125 "https://news.ycombinator.com/" "Mozilla/5.0 (Windows NT 10.0; Win64; x64) Chrome/112.0.0.0"
2025-04-25T17:22:47 222.203.229.30 → 208.67.222.222: CNAME? cHJvdG9udnBz.gov.hu
2025-04-25T17:22:48 222.88.182.83 → 1.1.1.1: A? pixel.tracking.net
198.51.100.34 - - [25/Apr/2025:17:22:54 ] "DELETE /index.html HTTP/1.1" 301 2378 "https://index.hu/" "PostmanRuntime/7.32.2"
172.67.182.147 - - [25/Apr/2025:17:23:13 ] "POST / HTTP/1.1" 401 3167 "https://gchq.github.io/" "curl/7.68.0"
2025-04-25T17:23:15 215.61.78.77 → 9.9.9.9: MX? https://ctfd.nki.gov.hu/
2025-04-25T17:23:29 216.251.134.76 → 208.67.222.222: AAAA? random.subdomain.example.com
192.168.1.1 - - [25/Apr/2025:17:23:30 ] "GET /api/data HTTP/1.1" 200 3156 "-" "Mozilla/5.0 (Windows NT 10.0; Win64; x64) Chrome/112.0.0.0"
2025-04-25T17:23:42 196.32.14.235 → 77.88.8.8: PTR? pixel.tracking.net
2025-04-25T17:23:45 217.167.0.155 → 77.88.8.8: TXT? https://chatgpt.com/
203.0.113.12 - - [25/Apr/2025:17:23:50 ] "HEAD /api/data HTTP/1.1" 302 2807 "https://x.com/" "Mozilla/5.0 (Macintosh; Intel Mac OS X 10_15_7) Safari/605.1.15"
198.51.100.34 - - [25/Apr/2025:17:24:03 ] "POST / HTTP/2.0" 302 2127 "https://ctfd.nki.gov.hu/" "PostmanRuntime/7.32.2"
104.16.132.229 - - [25/Apr/2025:17:24:11 ] "GET / HTTP/2.0" 503 2409 "https://index.hu/" "curl/7.68.0"
172.67.182.147 - - [25/Apr/2025:17:24:11 ] "HEAD /index.html HTTP/1.1" 500 4646 "https://ctfd.nki.gov.hu/" "Mozilla/5.0 (Windows NT 10.0; Win64; x64) Chrome/112.0.0.0"
2025-04-25T17:24:18 198.41.134.124 → 185.228.168.9: A? ads.doubleclick.net
2025-04-25T17:24:21 221.140.117.208 → 1.1.1.1: MX? metrics.analytics.co
203.0.113.12 - - [25/Apr/2025:17:24:28 ] "HEAD /login HTTP/2.0" 403 3677 "https://stackoverflow.com" "PostmanRuntime/7.32.2"
2025-04-25T17:24:30 218.201.214.102 → 9.9.9.9: TXT? mail.google.com
2025-04-25T17:24:36 193.180.176.31 → 1.1.1.1: AAAA? https://chatgpt.com/
2025-04-25T17:24:39 196.76.96.25 → 8.8.4.4: NS? https://chatgpt.com/
198.51.100.34 - - [25/Apr/2025:17:24:46 ] "OPTIONS / HTTP/2.0" 503 1595 "https://x.com/" "PostmanRuntime/7.32.2"
2025-04-25T17:24:48 219.104.88.184 → 1.0.0.1: MX? https://index.hu/
104.16.132.229 - - [25/Apr/2025:17:25:01 ] "HEAD /login HTTP/2.0" 404 4655 "https://ctfd.nki.gov.hu/" "PostmanRuntime/7.32.2"
172.16.0.5 - - [25/Apr/2025:17:25:04 ] "DELETE / HTTP/1.1" 200 630 "https://news.ycombinator.com/" "Mozilla/5.0 (Windows NT 10.0; Win64; x64) Chrome/112.0.0.0"
2025-04-25T17:25:06 202.4.150.96 → 1.1.1.1: TXT? junk.data.net
2025-04-25T17:25:06 206.187.121.28 → 9.9.9.9: NS? https://www.reddit.com/
2025-04-25T17:25:14 194.118.37.33 → 1.0.0.1: NS? update.check.software
172.16.0.5 - - [25/Apr/2025:17:25:23 ] "POST /woyvx HTTP/2.0" 500 1431 "-" "PostmanRuntime/7.32.2"
192.0.2.99 - - [25/Apr/2025:17:25:31 ] "GET / HTTP/2.0" 400 4965 "https://www.google.com/" "curl/7.68.0"
2025-04-25T17:25:33 222.118.206.121 → 9.9.9.9: AAAA? junk.data.net
192.168.1.1 - - [25/Apr/2025:17:25:49 ] "DELETE / HTTP/1.1" 400 615 "https://facebook.com/" "curl/7.68.0"
203.0.113.12 - - [25/Apr/2025:17:25:49 ] "OPTIONS /api/data HTTP/1.1" 200 3367 "https://index.hu/" "Mozilla/5.0 (Windows NT 10.0; Win64; x64) Chrome/112.0.0.0"
2025-04-25T17:25:51 205.116.2.9 → 8.8.8.8: SOA? https://facebook.com/
198.51.100.34 - - [25/Apr/2025:17:25:56 ] "PUT /mvosoysaqma HTTP/2.0" 301 216 "https://ctfd.nki.gov.hu/" "Mozilla/5.0 (Windows NT 10.0; Win64; x64) Chrome/112.0.0.0"
172.67.182.147 - - [25/Apr/2025:17:26:13 ] "POST / HTTP/1.1" 200 3201 "https://www.reddit.com/" "Mozilla/5.0 (Windows NT 10.0; Win64; x64) Chrome/112.0.0.0"
192.0.2.99 - - [25/Apr/2025:17:26:15 ] "POST /login HTTP/2.0" 301 3022 "https://x.com/" "Mozilla/5.0 (Windows NT 10.0; Win64; x64) Chrome/112.0.0.0"
2025-04-25T17:26:30 213.135.144.2 → 185.228.168.9: CNAME? https://stackoverflow.com
198.51.100.34 - - [25/Apr/2025:17:26:33 ] "DELETE /images/logo.png HTTP/1.1" 403 1752 "https://wikipedia.org" "Mozilla/5.0 (Windows NT 10.0; Win64; x64) Chrome/112.0.0.0"
172.16.0.5 - - [25/Apr/2025:17:26:34 ] "POST /login HTTP/2.0" 404 1971 "https://index.hu/" "curl/7.68.0"
203.0.113.12 - - [25/Apr/2025:17:26:41 ] "POST /jegmmhr HTTP/1.1" 200 541 "https://news.ycombinator.com/" "curl/7.68.0"
2025-04-25T17:26:50 218.99.112.246 → 77.88.8.8: TXT? update.check.software
2025-04-25T17:26:58 207.12.186.86 → 8.8.8.8: MX? https://wikipedia.org
172.67.182.147 - - [25/Apr/2025:17:26:58 ] "GET / HTTP/2.0" 403 2643 "https://news.ycombinator.com/" "Mozilla/5.0 (Macintosh; Intel Mac OS X 10_15_7) Safari/605.1.15"
2025-04-25T17:27:00 197.154.249.186 → 208.67.222.222: AAAA? https://www.google.com/
198.51.100.34 - - [25/Apr/2025:17:27:08 ] "GET /images/logo.png HTTP/1.1" 200 491 "-" "curl/7.68.0"
192.168.1.1 - - [25/Apr/2025:17:27:09 ] "GET /olyao HTTP/1.1" 302 2851 "https://wikipedia.org" "PostmanRuntime/7.32.2"
2025-04-25T17:27:12 204.36.27.196 → 185.228.168.9: AAAA? https://news.ycombinator.com/
104.16.132.229 - - [25/Apr/2025:17:27:16 ] "GET /api/data HTTP/1.1" 503 3986 "https://chatgpt.com/" "PostmanRuntime/7.32.2"
2025-04-25T17:27:20 202.58.100.8 → 1.1.1.1: CNAME? api.cloudflare.com
10.0.0.2 - - [25/Apr/2025:17:27:29 ] "OPTIONS /api/data HTTP/1.1" 200 3611 "https://index.hu/" "PostmanRuntime/7.32.2"
2025-04-25T17:27:30 203.220.42.17 → 9.9.9.9: MX? https://www.reddit.com/
104.16.132.229 - - [25/Apr/2025:17:27:30 ] "DELETE /login HTTP/1.1" 404 1094 "https://gchq.github.io/" "Mozilla/5.0 (Windows NT 10.0; Win64; x64) Chrome/112.0.0.0"
2025-04-25T17:27:34 195.191.229.194 → 8.8.4.4: TXT? random.subdomain.example.com
198.51.100.34 - - [25/Apr/2025:17:27:44 ] "GET /api/data HTTP/1.1" 400 1469 "https://www.reddit.com/" "Mozilla/5.0 (Windows NT 10.0; Win64; x64) Chrome/112.0.0.0"
2025-04-25T17:27:54 211.161.148.60 → 8.8.8.8: A? update.check.software
2025-04-25T17:27:54 215.203.24.38 → 8.8.8.8: PTR? junk.data.net
104.16.132.229 - - [25/Apr/2025:17:28:04 ] "DELETE /images/logo.png HTTP/2.0" 502 1549 "https://news.ycombinator.com/" "Mozilla/5.0 (Windows NT 10.0; Win64; x64) Chrome/112.0.0.0"
198.51.100.34 - - [25/Apr/2025:17:28:15 ] "POST /cknnh HTTP/1.1" 200 1179 "https://facebook.com/" "PostmanRuntime/7.32.2"
192.168.1.1 - - [25/Apr/2025:17:28:16 ] "PUT /images/logo.png HTTP/1.1" 403 1907 "https://facebook.com/" "curl/7.68.0"
2025-04-25T17:28:18 201.139.244.196 → 185.228.168.9: SOA? random.subdomain.example.com
2025-04-25T17:28:30 200.5.254.163 → 8.8.4.4: MX? mail.google.com
192.0.2.99 - - [25/Apr/2025:17:28:30 ] "HEAD /login HTTP/2.0" 302 3416 "https://www.google.com/" "Mozilla/5.0 (Macintosh; Intel Mac OS X 10_15_7) Safari/605.1.15"
10.0.0.2 - - [25/Apr/2025:17:28:30 ] "POST /images/logo.png HTTP/2.0" 302 3655 "https://x.com/" "PostmanRuntime/7.32.2"
2025-04-25T17:28:34 216.231.199.111 → 1.0.0.1: AAAA? https://gchq.github.io/
192.168.1.1 - - [25/Apr/2025:17:28:37 ] "POST /login HTTP/2.0" 302 1391 "https://ctfd.nki.gov.hu/" "Mozilla/5.0 (Macintosh; Intel Mac OS X 10_15_7) Safari/605.1.15"
2025-04-25T17:28:40 223.88.89.13 → 77.88.8.8: SOA? https://news.ycombinator.com/
192.168.1.1 - - [25/Apr/2025:17:28:53 ] "DELETE / HTTP/2.0" 302 3469 "https://index.hu/" "Mozilla/5.0 (Macintosh; Intel Mac OS X 10_15_7) Safari/605.1.15"
172.16.0.5 - - [25/Apr/2025:17:28:55 ] "OPTIONS /images/logo.png HTTP/1.1" 301 3340 "https://www.reddit.com/" "Mozilla/5.0 (Windows NT 10.0; Win64; x64) Chrome/112.0.0.0"
2025-04-25T17:28:58 198.10.7.161 → 185.228.168.9: MX? ads.tracker.net
2025-04-25T17:29:00 222.185.86.251 → 208.67.222.222: AAAA? https://index.hu/
2025-04-25T17:29:10 206.118.34.103 → 185.228.168.9: SOA? random.subdomain.example.com
172.16.0.5 - - [25/Apr/2025:17:29:14 ] "PUT /fgeiteukz HTTP/1.1" 502 2995 "https://www.reddit.com/" "Mozilla/5.0 (Windows NT 10.0; Win64; x64) Chrome/112.0.0.0"
198.51.100.34 - - [25/Apr/2025:17:29:15 ] "DELETE /login HTTP/1.1" 403 3694 "https://stackoverflow.com" "curl/7.68.0"
203.0.113.12 - - [25/Apr/2025:17:29:31 ] "PUT / HTTP/2.0" 502 377 "https://ctfd.nki.gov.hu/" "Mozilla/5.0 (Windows NT 10.0; Win64; x64) Chrome/112.0.0.0"
2025-04-25T17:29:33 197.36.25.42 → 8.8.4.4: MX? https://x.com/
10.0.0.2 - - [25/Apr/2025:17:29:42 ] "PUT /images/logo.png HTTP/2.0" 301 891 "https://index.hu/" "Mozilla/5.0 (Macintosh; Intel Mac OS X 10_15_7) Safari/605.1.15"
198.51.100.34 - - [25/Apr/2025:17:29:52 ] "PUT /twtlybddjmm HTTP/1.1" 403 4711 "https://www.google.com/" "PostmanRuntime/7.32.2"
2025-04-25T17:29:54 206.255.106.211 → 185.228.168.9: NS? https://ctfd.nki.gov.hu/
2025-04-25T17:30:00 203.188.51.116 → 1.0.0.1: SOA? https://stackoverflow.com
192.0.2.99 - - [25/Apr/2025:17:30:03 ] "DELETE /login HTTP/1.1" 400 4180 "https://wikipedia.org" "PostmanRuntime/7.32.2"
2025-04-25T17:30:06 217.152.188.25 → 8.8.8.8: SOA? https://www.reddit.com/
2025-04-25T17:30:20 201.28.25.92 → 208.67.222.222: MX? https://index.hu/
192.168.1.1 - - [25/Apr/2025:17:30:20 ] "HEAD / HTTP/1.1" 401 1646 "https://index.hu/" "Mozilla/5.0 (Windows NT 10.0; Win64; x64) Chrome/112.0.0.0"
172.16.0.5 - - [25/Apr/2025:17:30:23 ] "DELETE /api/data HTTP/2.0" 404 1513 "https://wikipedia.org" "Mozilla/5.0 (Macintosh; Intel Mac OS X 10_15_7) Safari/605.1.15"
198.51.100.34 - - [25/Apr/2025:17:30:25 ] "OPTIONS /login HTTP/2.0" 403 2109 "https://ctfd.nki.gov.hu/" "curl/7.68.0"
2025-04-25T17:30:36 192.189.63.112 → 185.228.168.9: NS? ads.tracker.net
203.0.113.12 - - [25/Apr/2025:17:30:40 ] "PUT / HTTP/2.0" 404 2423 "https://www.reddit.com/" "curl/7.68.0"
2025-04-25T17:30:50 192.97.56.162 → 8.8.8.8: SOA? https://index.hu/
2025-04-25T17:30:54 220.28.228.63 → 1.0.0.1: A? ads.tracker.net
172.16.0.5 - - [25/Apr/2025:17:30:55 ] "HEAD /bqmirdilxecs HTTP/2.0" 403 2567 "-" "curl/7.68.0"
10.0.0.2 - - [25/Apr/2025:17:31:05 ] "DELETE /login HTTP/1.1" 400 3338 "https://index.hu/" "PostmanRuntime/7.32.2"
172.67.182.147 - - [25/Apr/2025:17:31:08 ] "POST / HTTP/1.1" 302 3518 "https://wikipedia.org" "Mozilla/5.0 (Macintosh; Intel Mac OS X 10_15_7) Safari/605.1.15"
2025-04-25T17:31:14 219.158.70.124 → 1.1.1.1: CNAME? ads.doubleclick.net
10.0.0.2 - - [25/Apr/2025:17:31:19 ] "POST /login HTTP/2.0" 302 382 "https://www.reddit.com/" "Mozilla/5.0 (Macintosh; Intel Mac OS X 10_15_7) Safari/605.1.15"
192.168.1.1 - - [25/Apr/2025:17:31:25 ] "OPTIONS /api/data HTTP/1.1" 200 3135 "-" "Mozilla/5.0 (Macintosh; Intel Mac OS X 10_15_7) Safari/605.1.15"
192.0.2.99 - - [25/Apr/2025:17:31:35 ] "HEAD /index.html HTTP/1.1" 302 4387 "https://www.reddit.com/" "PostmanRuntime/7.32.2"
2025-04-25T17:31:39 216.71.213.21 → 8.8.8.8: SOA? ads.tracker.net
2025-04-25T17:31:50 220.153.0.59 → 1.0.0.1: A? https://ctfd.nki.gov.hu/
172.16.0.5 - - [25/Apr/2025:17:31:55 ] "OPTIONS /index.html HTTP/1.1" 500 1176 "https://ctfd.nki.gov.hu/" "Mozilla/5.0 (Macintosh; Intel Mac OS X 10_15_7) Safari/605.1.15"
192.168.1.1 - - [25/Apr/2025:17:32:02 ] "PUT /swmml HTTP/1.1" 401 2345 "https://news.ycombinator.com/" "curl/7.68.0"
192.0.2.99 - - [25/Apr/2025:17:32:04 ] "DELETE /uifajyqrskp HTTP/1.1" 401 1050 "https://facebook.com/" "PostmanRuntime/7.32.2"
192.168.1.1 - - [25/Apr/2025:17:32:13 ] "GET /api/data HTTP/1.1" 401 2890 "https://wikipedia.org" "PostmanRuntime/7.32.2"
2025-04-25T17:32:28 206.169.85.65 → 1.0.0.1: TXT? ads.doubleclick.net
172.16.0.5 - - [25/Apr/2025:17:32:29 ] "OPTIONS /ocualfpet HTTP/1.1" 301 3755 "https://gchq.github.io/" "Mozilla/5.0 (Windows NT 10.0; Win64; x64) Chrome/112.0.0.0"
172.67.182.147 - - [25/Apr/2025:17:32:32 ] "POST /chgxuek HTTP/2.0" 301 4408 "-" "PostmanRuntime/7.32.2"
203.0.113.12 - - [25/Apr/2025:17:32:35 ] "OPTIONS /cxjwiqonfkw HTTP/2.0" 404 1947 "https://news.ycombinator.com/" "curl/7.68.0"
2025-04-25T17:32:42 223.44.52.231 → 1.0.0.1: AAAA? metrics.analytics.co
192.0.2.99 - - [25/Apr/2025:17:32:47 ] "OPTIONS /index.html HTTP/1.1" 302 1806 "https://stackoverflow.com" "PostmanRuntime/7.32.2"
2025-04-25T17:32:54 210.207.15.96 → 1.0.0.1: MX? ads.tracker.net
104.16.132.229 - - [25/Apr/2025:17:32:58 ] "HEAD /images/logo.png HTTP/1.1" 500 715 "https://stackoverflow.com" "Mozilla/5.0 (Macintosh; Intel Mac OS X 10_15_7) Safari/605.1.15"
2025-04-25T17:33:00 197.131.146.134 → 185.228.168.9: PTR? cHJvdG9udnBz.gov.hu
172.67.182.147 - - [25/Apr/2025:17:33:18 ] "POST / HTTP/2.0" 500 339 "https://x.com/" "Mozilla/5.0 (Macintosh; Intel Mac OS X 10_15_7) Safari/605.1.15"
104.16.132.229 - - [25/Apr/2025:17:33:28 ] "PUT /images/logo.png HTTP/1.1" 400 885 "https://stackoverflow.com" "curl/7.68.0"
2025-04-25T17:33:39 213.9.158.23 → 9.9.9.9: MX? noise.testdomain.org
172.67.182.147 - - [25/Apr/2025:17:33:48 ] "DELETE /nelodf HTTP/2.0" 502 4330 "https://www.reddit.com/" "curl/7.68.0"
2025-04-25T17:33:52 198.29.170.195 → 208.67.222.222: TXT? random.subdomain.example.com
2025-04-25T17:33:59 219.134.118.84 → 1.0.0.1: MX? metrics.analytics.co
192.168.1.1 - - [25/Apr/2025:17:34:00 ] "POST /txamzx HTTP/1.1" 302 4888 "https://www.reddit.com/" "Mozilla/5.0 (Windows NT 10.0; Win64; x64) Chrome/112.0.0.0"
2025-04-25T17:34:06 215.53.111.219 → 9.9.9.9: TXT? https://www.reddit.com/
2025-04-25T17:34:10 215.63.139.150 → 9.9.9.9: NS? https://wikipedia.org
104.16.132.229 - - [25/Apr/2025:17:34:12 ] "PUT /anwatoxhm HTTP/2.0" 502 4751 "https://index.hu/" "Mozilla/5.0 (Macintosh; Intel Mac OS X 10_15_7) Safari/605.1.15"
2025-04-25T17:34:18 195.56.241.172 → 1.1.1.1: PTR? https://wikipedia.org
2025-04-25T17:34:20 198.214.164.214 → 8.8.4.4: MX? junk.data.net
2025-04-25T17:34:20 216.7.249.80 → 77.88.8.8: TXT? ads.tracker.net
192.168.1.1 - - [25/Apr/2025:17:34:24 ] "PUT /api/data HTTP/2.0" 302 2740 "https://news.ycombinator.com/" "Mozilla/5.0 (Macintosh; Intel Mac OS X 10_15_7) Safari/605.1.15"
172.16.0.5 - - [25/Apr/2025:17:34:37 ] "OPTIONS /ujjnlotoed HTTP/1.1" 301 848 "https://ctfd.nki.gov.hu/" "curl/7.68.0"
2025-04-25T17:34:42 200.19.145.191 → 8.8.8.8: SOA? https://wikipedia.org
192.168.1.1 - - [25/Apr/2025:17:34:53 ] "OPTIONS / HTTP/1.1" 401 127 "https://www.google.com/" "Mozilla/5.0 (Macintosh; Intel Mac OS X 10_15_7) Safari/605.1.15"
2025-04-25T17:35:00 203.37.212.119 → 8.8.4.4: TXT? api.cloudflare.com
172.16.0.5 - - [25/Apr/2025:17:35:12 ] "OPTIONS /login HTTP/1.1" 502 3282 "https://ctfd.nki.gov.hu/" "Mozilla/5.0 (Windows NT 10.0; Win64; x64) Chrome/112.0.0.0"
198.51.100.34 - - [25/Apr/2025:17:35:16 ] "DELETE /login HTTP/1.1" 200 3888 "https://stackoverflow.com" "Mozilla/5.0 (Windows NT 10.0; Win64; x64) Chrome/112.0.0.0"
198.51.100.34 - - [25/Apr/2025:17:35:21 ] "DELETE /api/data HTTP/2.0" 404 1241 "https://wikipedia.org" "Mozilla/5.0 (Windows NT 10.0; Win64; x64) Chrome/112.0.0.0"
2025-04-25T17:35:23 223.51.202.141 → 9.9.9.9: A? https://www.reddit.com/
198.51.100.34 - - [25/Apr/2025:17:35:27 ] "POST /images/logo.png HTTP/2.0" 301 786 "https://facebook.com/" "curl/7.68.0"
10.0.0.2 - - [25/Apr/2025:17:35:32 ] "GET /login HTTP/2.0" 404 1549 "https://news.ycombinator.com/" "PostmanRuntime/7.32.2"
2025-04-25T17:35:37 213.239.188.46 → 9.9.9.9: PTR? tracker.site.net
10.0.0.2 - - [25/Apr/2025:17:35:37 ] "POST /bxmrcl HTTP/1.1" 400 3977 "https://gchq.github.io/" "Mozilla/5.0 (Macintosh; Intel Mac OS X 10_15_7) Safari/605.1.15"
192.0.2.99 - - [25/Apr/2025:17:35:39 ] "PUT /api/data HTTP/1.1" 400 1824 "https://facebook.com/" "Mozilla/5.0 (Macintosh; Intel Mac OS X 10_15_7) Safari/605.1.15"
2025-04-25T17:35:42 203.134.63.154 → 8.8.8.8: NS? ads.tracker.net
172.16.0.5 - - [25/Apr/2025:17:35:45 ] "PUT /lsfylnviy HTTP/2.0" 302 2007 "https://stackoverflow.com" "Mozilla/5.0 (Windows NT 10.0; Win64; x64) Chrome/112.0.0.0"
2025-04-25T17:35:54 204.200.225.253 → 1.1.1.1: TXT? metrics.analytics.co
2025-04-25T17:36:02 193.227.45.152 → 8.8.4.4: MX? https://stackoverflow.com
104.16.132.229 - - [25/Apr/2025:17:36:04 ] "HEAD /api/data HTTP/2.0" 503 4505 "-" "Mozilla/5.0 (Macintosh; Intel Mac OS X 10_15_7) Safari/605.1.15"
2025-04-25T17:36:12 210.176.179.229 → 1.0.0.1: CNAME? cHJvdG9udnBz.gov.hu
198.51.100.34 - - [25/Apr/2025:17:36:16 ] "PUT /index.html HTTP/1.1" 200 850 "https://gchq.github.io/" "Mozilla/5.0 (Macintosh; Intel Mac OS X 10_15_7) Safari/605.1.15"
2025-04-25T17:36:18 218.94.117.242 → 208.67.222.222: TXT? https://facebook.com/
2025-04-25T17:36:19 204.61.91.3 → 1.0.0.1: SOA? noise.testdomain.org
192.168.1.1 - - [25/Apr/2025:17:36:29 ] "POST /login HTTP/2.0" 404 3215 "https://stackoverflow.com" "curl/7.68.0"
