104.16.132.229 - - [25/Apr/2025:16:21:46 ] "PUT /oignlln HTTP/1.1" 503 4761 "https://gchq.github.io/" "Mozilla/5.0 (Macintosh; Intel Mac OS X 10_15_7) Safari/605.1.15"
2025-04-25T16:21:50 195.226.57.135 → 8.8.4.4: SOA? noise.testdomain.org
172.16.0.5 - - [25/Apr/2025:16:21:54 ] "PUT / HTTP/1.1" 403 1832 "https://gchq.github.io/" "Mozilla/5.0 (Windows NT 10.0; Win64; x64) Chrome/112.0.0.0"
192.0.2.99 - - [25/Apr/2025:16:21:55 ] "OPTIONS /login HTTP/2.0" 200 1324 "https://chatgpt.com/" "curl/7.68.0"
2025-04-25T16:21:57 222.126.227.112 → 1.0.0.1: A? ads.doubleclick.net
2025-04-25T16:22:03 214.64.103.156 → 1.0.0.1: TXT? tracker.site.net
2025-04-25T16:22:06 195.125.85.42 → 185.228.168.9: PTR? update.check.software
10.0.0.2 - - [25/Apr/2025:16:22:07 ] "GET /api/data HTTP/2.0" 503 1699 "https://stackoverflow.com" "Mozilla/5.0 (Macintosh; Intel Mac OS X 10_15_7) Safari/605.1.15"
2025-04-25T16:22:12 223.141.246.59 → 1.0.0.1: CNAME? cHJvdG9udnBz.gov.hu
2025-04-25T16:22:18 197.102.249.222 → 8.8.4.4: PTR? https://news.ycombinator.com/
2025-04-25T16:22:18 199.39.186.69 → 1.0.0.1: MX? https://x.com/
172.16.0.5 - - [25/Apr/2025:16:22:19 ] "DELETE /login HTTP/1.1" 302 2049 "-" "PostmanRuntime/7.32.2"
2025-04-25T16:22:24 204.89.51.112 → 1.1.1.1: AAAA? pixel.tracking.net
192.0.2.99 - - [25/Apr/2025:16:22:26 ] "PUT /index.html HTTP/2.0" 502 3913 "https://news.ycombinator.com/" "Mozilla/5.0 (Macintosh; Intel Mac OS X 10_15_7) Safari/605.1.15"
10.0.0.2 - - [25/Apr/2025:16:22:28 ] "OPTIONS / HTTP/2.0" 500 730 "https://chatgpt.com/" "Mozilla/5.0 (Windows NT 10.0; Win64; x64) Chrome/112.0.0.0"
198.51.100.34 - - [25/Apr/2025:16:22:38 ] "HEAD /images/logo.png HTTP/2.0" 500 506 "https://gchq.github.io/" "PostmanRuntime/7.32.2"
172.16.0.5 - - [25/Apr/2025:16:22:54 ] "HEAD /eqoqjepowdat HTTP/1.1" 403 3127 "https://facebook.com/" "Mozilla/5.0 (Windows NT 10.0; Win64; x64) Chrome/112.0.0.0"
2025-04-25T16:23:00 193.158.189.172 → 208.67.222.222: NS? cHJvdG9udnBz.gov.hu
2025-04-25T16:23:09 207.50.210.193 → 8.8.8.8: PTR? https://ctfd.nki.gov.hu/
2025-04-25T16:23:12 212.159.108.43 → 1.0.0.1: AAAA? https://stackoverflow.com
10.0.0.2 - - [25/Apr/2025:16:23:14 ] "PUT /kkpgyfubaa HTTP/1.1" 200 1749 "-" "Mozilla/5.0 (Windows NT 10.0; Win64; x64) Chrome/112.0.0.0"
2025-04-25T16:23:15 214.160.245.218 → 8.8.8.8: CNAME? random.subdomain.example.com
2025-04-25T16:23:21 209.69.26.87 → 1.0.0.1: TXT? cHJvdG9udnBz.gov.hu
2025-04-25T16:23:22 214.208.21.127 → 77.88.8.8: AAAA? https://www.google.com/
2025-04-25T16:23:24 210.145.218.16 → 208.67.222.222: SOA? https://chatgpt.com/
192.0.2.99 - - [25/Apr/2025:16:23:24 ] "OPTIONS /index.html HTTP/1.1" 404 3596 "https://index.hu/" "Mozilla/5.0 (Macintosh; Intel Mac OS X 10_15_7) Safari/605.1.15"
2025-04-25T16:23:34 208.90.1.76 → 8.8.4.4: A? api.cloudflare.com
198.51.100.34 - - [25/Apr/2025:16:23:42 ] "HEAD /hrgmeiijkz HTTP/2.0" 200 2991 "https://wikipedia.org" "Mozilla/5.0 (Macintosh; Intel Mac OS X 10_15_7) Safari/605.1.15"
104.16.132.229 - - [25/Apr/2025:16:23:42 ] "OPTIONS / HTTP/1.1" 400 2383 "https://www.reddit.com/" "PostmanRuntime/7.32.2"
2025-04-25T16:23:44 221.224.212.42 → 1.0.0.1: A? https://stackoverflow.com
2025-04-25T16:23:48 209.149.40.135 → 9.9.9.9: CNAME? update.check.software
2025-04-25T16:23:48 198.78.145.125 → 77.88.8.8: CNAME? https://stackoverflow.com
104.16.132.229 - - [25/Apr/2025:16:23:59 ] "GET / HTTP/1.1" 200 4150 "https://facebook.com/" "Mozilla/5.0 (Windows NT 10.0; Win64; x64) Chrome/112.0.0.0"
2025-04-25T16:24:00 200.243.50.249 → 8.8.8.8: NS? junk.data.net
2025-04-25T16:24:00 215.212.210.246 → 208.67.222.222: PTR? https://index.hu/
2025-04-25T16:24:06 217.186.5.18 → 208.67.222.222: CNAME? api.cloudflare.com
2025-04-25T16:24:06 206.99.170.194 → 77.88.8.8: A? ads.tracker.net
172.67.182.147 - - [25/Apr/2025:16:24:08 ] "POST /evausjvc HTTP/1.1" 302 3196 "https://gchq.github.io/" "Mozilla/5.0 (Windows NT 10.0; Win64; x64) Chrome/112.0.0.0"
2025-04-25T16:24:10 195.165.243.93 → 208.67.222.222: MX? https://ctfd.nki.gov.hu/
2025-04-25T16:24:12 222.187.88.55 → 77.88.8.8: SOA? https://stackoverflow.com
2025-04-25T16:24:22 223.171.196.242 → 208.67.222.222: MX? https://www.google.com/
10.0.0.2 - - [25/Apr/2025:16:24:26 ] "OPTIONS /index.html HTTP/1.1" 302 1080 "https://index.hu/" "Mozilla/5.0 (Macintosh; Intel Mac OS X 10_15_7) Safari/605.1.15"
2025-04-25T16:24:30 203.86.118.225 → 1.1.1.1: NS? tracker.site.net
2025-04-25T16:24:30 194.206.102.103 → 1.0.0.1: SOA? https://x.com/
2025-04-25T16:24:30 198.63.5.211 → 1.0.0.1: AAAA? ads.doubleclick.net
2025-04-25T16:24:34 212.229.250.44 → 8.8.4.4: NS? metrics.analytics.co
172.16.0.5 - - [25/Apr/2025:16:24:37 ] "OPTIONS /login HTTP/1.1" 502 1355 "https://news.ycombinator.com/" "Mozilla/5.0 (Windows NT 10.0; Win64; x64) Chrome/112.0.0.0"
2025-04-25T16:24:40 203.169.221.227 → 208.67.222.222: AAAA? metrics.analytics.co
2025-04-25T16:24:45 223.58.254.69 → 9.9.9.9: CNAME? https://facebook.com/
10.0.0.2 - - [25/Apr/2025:16:24:46 ] "HEAD /vbdwq HTTP/2.0" 200 4999 "https://news.ycombinator.com/" "Mozilla/5.0 (Macintosh; Intel Mac OS X 10_15_7) Safari/605.1.15"
2025-04-25T16:24:48 201.12.128.128 → 77.88.8.8: SOA? api.cloudflare.com
2025-04-25T16:24:50 200.26.114.78 → 185.228.168.9: TXT? https://chatgpt.com/
2025-04-25T16:24:58 212.24.236.156 → 9.9.9.9: SOA? mail.google.com
10.0.0.2 - - [25/Apr/2025:16:25:00 ] "POST /rixhowomcd HTTP/2.0" 500 2058 "https://index.hu/" "curl/7.68.0"
2025-04-25T16:25:06 223.216.37.109 → 77.88.8.8: AAAA? pixel.tracking.net
2025-04-25T16:25:08 219.243.30.57 → 1.1.1.1: AAAA? https://gchq.github.io/
2025-04-25T16:25:14 215.44.159.31 → 8.8.8.8: TXT? ads.doubleclick.net
192.0.2.99 - - [25/Apr/2025:16:25:17 ] "GET /images/logo.png HTTP/2.0" 404 965 "-" "Mozilla/5.0 (Macintosh; Intel Mac OS X 10_15_7) Safari/605.1.15"
2025-04-25T16:25:18 192.173.57.87 → 8.8.4.4: PTR? pixel.tracking.net
203.0.113.12 - - [25/Apr/2025:16:25:33 ] "PUT /cjqkessja HTTP/2.0" 400 2715 "https://stackoverflow.com" "Mozilla/5.0 (Windows NT 10.0; Win64; x64) Chrome/112.0.0.0"
2025-04-25T16:25:40 211.223.56.134 → 8.8.8.8: MX? ads.tracker.net
198.51.100.34 - - [25/Apr/2025:16:25:53 ] "OPTIONS /login HTTP/2.0" 200 1227 "https://stackoverflow.com" "PostmanRuntime/7.32.2"
2025-04-25T16:25:54 215.185.30.53 → 1.1.1.1: MX? https://index.hu/
2025-04-25T16:25:58 220.81.154.19 → 1.0.0.1: TXT? metrics.analytics.co
172.16.0.5 - - [25/Apr/2025:16:25:59 ] "GET /txddrlnx HTTP/2.0" 401 2717 "https://gchq.github.io/" "Mozilla/5.0 (Windows NT 10.0; Win64; x64) Chrome/112.0.0.0"
2025-04-25T16:26:00 205.207.187.158 → 77.88.8.8: TXT? https://x.com/
2025-04-25T16:26:00 207.154.32.221 → 1.0.0.1: SOA? metrics.analytics.co
2025-04-25T16:26:03 212.247.21.247 → 8.8.8.8: TXT? https://stackoverflow.com
2025-04-25T16:26:04 192.36.121.106 → 8.8.8.8: MX? https://ctfd.nki.gov.hu/
2025-04-25T16:26:10 214.65.230.137 → 1.1.1.1: A? ads.tracker.net
2025-04-25T16:26:14 218.172.77.250 → 185.228.168.9: MX? ads.doubleclick.net
2025-04-25T16:26:18 196.127.87.29 → 8.8.4.4: PTR? update.check.software
198.51.100.34 - - [25/Apr/2025:16:26:19 ] "OPTIONS /api/data HTTP/2.0" 502 1115 "https://index.hu/" "PostmanRuntime/7.32.2"
2025-04-25T16:26:30 200.239.66.120 → 8.8.4.4: NS? mail.google.com
192.0.2.99 - - [25/Apr/2025:16:26:34 ] "POST /api/data HTTP/1.1" 302 4636 "https://x.com/" "Mozilla/5.0 (Macintosh; Intel Mac OS X 10_15_7) Safari/605.1.15"
2025-04-25T16:26:36 202.135.174.78 → 208.67.222.222: NS? tracker.site.net
2025-04-25T16:26:40 208.148.165.253 → 9.9.9.9: TXT? https://index.hu/
2025-04-25T16:26:44 198.55.106.58 → 208.67.222.222: AAAA? mail.google.com
172.16.0.5 - - [25/Apr/2025:16:26:46 ] "POST /nftenwneulm HTTP/2.0" 200 1131 "-" "Mozilla/5.0 (Macintosh; Intel Mac OS X 10_15_7) Safari/605.1.15"
2025-04-25T16:26:47 213.151.116.91 → 8.8.4.4: CNAME? https://gchq.github.io/
2025-04-25T16:26:52 201.23.229.65 → 185.228.168.9: A? api.cloudflare.com
2025-04-25T16:26:54 199.239.9.239 → 1.0.0.1: CNAME? mail.google.com
2025-04-25T16:26:54 211.181.251.99 → 185.228.168.9: MX? ads.tracker.net
104.16.132.229 - - [25/Apr/2025:16:26:56 ] "GET /login HTTP/2.0" 503 2301 "https://news.ycombinator.com/" "Mozilla/5.0 (Windows NT 10.0; Win64; x64) Chrome/112.0.0.0"
2025-04-25T16:26:58 194.225.205.77 → 77.88.8.8: PTR? noise.testdomain.org
2025-04-25T16:26:58 222.40.201.248 → 1.1.1.1: AAAA? https://www.google.com/
2025-04-25T16:27:03 192.94.165.50 → 1.0.0.1: A? https://x.com/
104.16.132.229 - - [25/Apr/2025:16:27:03 ] "OPTIONS /index.html HTTP/1.1" 401 4941 "https://x.com/" "Mozilla/5.0 (Macintosh; Intel Mac OS X 10_15_7) Safari/605.1.15"
2025-04-25T16:27:06 220.110.249.125 → 1.0.0.1: MX? pixel.tracking.net
2025-04-25T16:27:15 214.28.43.246 → 208.67.222.222: AAAA? api.cloudflare.com
2025-04-25T16:27:15 214.106.172.60 → 185.228.168.9: CNAME? https://ctfd.nki.gov.hu/
2025-04-25T16:27:16 194.160.247.103 → 208.67.222.222: AAAA? https://index.hu/
192.168.1.1 - - [25/Apr/2025:16:27:19 ] "DELETE /jhkxefq HTTP/1.1" 200 2187 "-" "curl/7.68.0"
2025-04-25T16:27:21 193.101.50.147 → 8.8.8.8: SOA? https://stackoverflow.com
2025-04-25T16:27:21 201.9.199.157 → 185.228.168.9: MX? https://www.google.com/
2025-04-25T16:27:30 222.166.249.97 → 1.1.1.1: TXT? https://news.ycombinator.com/
2025-04-25T16:27:30 207.91.232.3 → 77.88.8.8: PTR? metrics.analytics.co
2025-04-25T16:27:30 208.149.177.154 → 1.1.1.1: AAAA? api.cloudflare.com
172.67.182.147 - - [25/Apr/2025:16:27:32 ] "PUT /usgvncfpmm HTTP/1.1" 500 2106 "https://index.hu/" "Mozilla/5.0 (Macintosh; Intel Mac OS X 10_15_7) Safari/605.1.15"
2025-04-25T16:27:36 219.156.207.17 → 1.0.0.1: CNAME? random.subdomain.example.com
2025-04-25T16:27:40 199.64.91.207 → 9.9.9.9: TXT? metrics.analytics.co
2025-04-25T16:27:42 205.157.229.184 → 1.1.1.1: TXT? https://www.google.com/
2025-04-25T16:27:45 219.75.113.112 → 8.8.4.4: AAAA? metrics.analytics.co
2025-04-25T16:27:46 215.106.99.204 → 77.88.8.8: PTR? https://wikipedia.org
192.0.2.99 - - [25/Apr/2025:16:27:47 ] "POST /images/logo.png HTTP/2.0" 500 1529 "https://index.hu/" "Mozilla/5.0 (Windows NT 10.0; Win64; x64) Chrome/112.0.0.0"
2025-04-25T16:27:48 206.188.137.53 → 208.67.222.222: SOA? junk.data.net
104.16.132.229 - - [25/Apr/2025:16:27:54 ] "PUT /login HTTP/1.1" 503 2104 "https://stackoverflow.com" "PostmanRuntime/7.32.2"
2025-04-25T16:27:57 199.43.55.189 → 77.88.8.8: SOA? https://news.ycombinator.com/
2025-04-25T16:28:00 206.64.40.198 → 8.8.8.8: MX? junk.data.net
2025-04-25T16:28:06 196.57.201.13 → 185.228.168.9: PTR? https://news.ycombinator.com/
2025-04-25T16:28:06 213.174.74.37 → 1.1.1.1: SOA? noise.testdomain.org
2025-04-25T16:28:10 202.110.4.136 → 9.9.9.9: MX? update.check.software
2025-04-25T16:28:12 207.217.194.230 → 208.67.222.222: NS? update.check.software
192.0.2.99 - - [25/Apr/2025:16:28:14 ] "DELETE /images/logo.png HTTP/1.1" 503 4163 "https://www.google.com/" "Mozilla/5.0 (Windows NT 10.0; Win64; x64) Chrome/112.0.0.0"
192.0.2.99 - - [25/Apr/2025:16:28:14 ] "PUT / HTTP/1.1" 503 2280 "https://stackoverflow.com" "curl/7.68.0"
2025-04-25T16:28:15 192.7.70.155 → 77.88.8.8: SOA? random.subdomain.example.com
2025-04-25T16:28:18 206.86.127.147 → 77.88.8.8: PTR? pixel.tracking.net
203.0.113.12 - - [25/Apr/2025:16:28:19 ] "OPTIONS /api/data HTTP/1.1" 400 2794 "https://www.google.com/" "PostmanRuntime/7.32.2"
2025-04-25T16:28:28 215.53.77.126 → 9.9.9.9: PTR? random.subdomain.example.com
2025-04-25T16:28:30 222.233.178.67 → 77.88.8.8: PTR? cHJvdG9udnBz.gov.hu
2025-04-25T16:28:32 211.28.51.224 → 9.9.9.9: SOA? random.subdomain.example.com
2025-04-25T16:28:33 219.145.158.178 → 208.67.222.222: A? https://www.reddit.com/
2025-04-25T16:28:34 217.173.14.30 → 9.9.9.9: A? ads.doubleclick.net
104.16.132.229 - - [25/Apr/2025:16:28:34 ] "PUT /login HTTP/2.0" 401 1749 "https://www.reddit.com/" "Mozilla/5.0 (Macintosh; Intel Mac OS X 10_15_7) Safari/605.1.15"
2025-04-25T16:28:42 192.24.184.151 → 208.67.222.222: PTR? https://index.hu/
192.168.1.1 - - [25/Apr/2025:16:28:42 ] "HEAD /index.html HTTP/2.0" 401 4772 "https://x.com/" "curl/7.68.0"
2025-04-25T16:28:45 195.201.211.61 → 208.67.222.222: SOA? random.subdomain.example.com
192.168.1.1 - - [25/Apr/2025:16:28:50 ] "HEAD /images/logo.png HTTP/1.1" 302 2289 "https://www.reddit.com/" "PostmanRuntime/7.32.2"
2025-04-25T16:28:51 221.80.16.91 → 185.228.168.9: TXT? random.subdomain.example.com
198.51.100.34 - - [25/Apr/2025:16:28:51 ] "PUT /api/data HTTP/1.1" 500 1701 "https://x.com/" "Mozilla/5.0 (Windows NT 10.0; Win64; x64) Chrome/112.0.0.0"
172.16.0.5 - - [25/Apr/2025:16:28:53 ] "OPTIONS /qeqpql HTTP/2.0" 403 691 "https://facebook.com/" "Mozilla/5.0 (Windows NT 10.0; Win64; x64) Chrome/112.0.0.0"
10.0.0.2 - - [25/Apr/2025:16:28:54 ] "POST /index.html HTTP/2.0" 401 3357 "https://stackoverflow.com" "PostmanRuntime/7.32.2"
2025-04-25T16:28:58 221.9.25.219 → 208.67.222.222: PTR? https://ctfd.nki.gov.hu/
2025-04-25T16:29:00 194.219.189.167 → 208.67.222.222: AAAA? https://x.com/
104.16.132.229 - - [25/Apr/2025:16:29:07 ] "DELETE /index.html HTTP/1.1" 404 296 "https://facebook.com/" "curl/7.68.0"
2025-04-25T16:29:21 194.218.215.59 → 8.8.8.8: NS? junk.data.net
2025-04-25T16:29:24 214.135.237.67 → 185.228.168.9: NS? update.check.software
192.168.1.1 - - [25/Apr/2025:16:29:25 ] "DELETE /vksmavrrhbnn HTTP/1.1" 302 3437 "https://facebook.com/" "Mozilla/5.0 (Windows NT 10.0; Win64; x64) Chrome/112.0.0.0"
2025-04-25T16:29:32 206.59.20.204 → 185.228.168.9: TXT? https://facebook.com/
172.67.182.147 - - [25/Apr/2025:16:29:35 ] "POST /api/data HTTP/1.1" 404 2125 "https://stackoverflow.com" "Mozilla/5.0 (Macintosh; Intel Mac OS X 10_15_7) Safari/605.1.15"
104.16.132.229 - - [25/Apr/2025:16:29:35 ] "HEAD /images/logo.png HTTP/1.1" 403 612 "https://ctfd.nki.gov.hu/" "Mozilla/5.0 (Windows NT 10.0; Win64; x64) Chrome/112.0.0.0"
2025-04-25T16:29:42 200.191.211.139 → 8.8.8.8: A? https://gchq.github.io/
104.16.132.229 - - [25/Apr/2025:16:29:45 ] "HEAD /zledr HTTP/1.1" 301 3982 "https://wikipedia.org" "Mozilla/5.0 (Windows NT 10.0; Win64; x64) Chrome/112.0.0.0"
2025-04-25T16:29:50 199.23.232.118 → 208.67.222.222: TXT? junk.data.net
2025-04-25T16:29:52 208.247.20.180 → 208.67.222.222: NS? tracker.site.net
2025-04-25T16:29:58 194.24.64.25 → 77.88.8.8: CNAME? noise.testdomain.org
2025-04-25T16:30:00 195.126.62.206 → 9.9.9.9: CNAME? https://ctfd.nki.gov.hu/
2025-04-25T16:30:04 200.66.211.202 → 8.8.8.8: CNAME? https://ctfd.nki.gov.hu/
10.0.0.2 - - [25/Apr/2025:16:30:04 ] "OPTIONS /login HTTP/2.0" 503 2953 "https://wikipedia.org" "PostmanRuntime/7.32.2"
172.67.182.147 - - [25/Apr/2025:16:30:17 ] "POST / HTTP/1.1" 400 2430 "https://ctfd.nki.gov.hu/" "Mozilla/5.0 (Macintosh; Intel Mac OS X 10_15_7) Safari/605.1.15"
2025-04-25T16:30:18 206.162.138.151 → 8.8.4.4: TXT? random.subdomain.example.com
192.168.1.1 - - [25/Apr/2025:16:30:18 ] "POST /gpuyyrfn HTTP/1.1" 401 1918 "https://index.hu/" "Mozilla/5.0 (Windows NT 10.0; Win64; x64) Chrome/112.0.0.0"
2025-04-25T16:30:26 203.76.125.9 → 1.1.1.1: MX? random.subdomain.example.com
192.168.1.1 - - [25/Apr/2025:16:30:34 ] "GET / HTTP/2.0" 401 4887 "https://www.google.com/" "curl/7.68.0"
2025-04-25T16:30:35 213.171.10.197 → 8.8.4.4: MX? mail.google.com
2025-04-25T16:30:36 219.233.68.194 → 1.0.0.1: PTR? noise.testdomain.org
172.67.182.147 - - [25/Apr/2025:16:30:38 ] "PUT /index.html HTTP/1.1" 403 4448 "https://ctfd.nki.gov.hu/" "PostmanRuntime/7.32.2"
2025-04-25T16:30:54 210.70.98.230 → 77.88.8.8: AAAA? https://chatgpt.com/
172.67.182.147 - - [25/Apr/2025:16:30:57 ] "HEAD /luabla HTTP/1.1" 503 4581 "https://stackoverflow.com" "curl/7.68.0"
10.0.0.2 - - [25/Apr/2025:16:30:59 ] "DELETE /images/logo.png HTTP/2.0" 500 3076 "-" "curl/7.68.0"
192.0.2.99 - - [25/Apr/2025:16:31:05 ] "GET /api/data HTTP/2.0" 404 3955 "https://stackoverflow.com" "curl/7.68.0"
2025-04-25T16:31:12 194.165.166.55 → 8.8.4.4: TXT? https://www.reddit.com/
2025-04-25T16:31:20 194.9.90.43 → 208.67.222.222: MX? update.check.software
172.67.182.147 - - [25/Apr/2025:16:31:22 ] "DELETE /api/data HTTP/1.1" 301 1684 "-" "Mozilla/5.0 (Macintosh; Intel Mac OS X 10_15_7) Safari/605.1.15"
2025-04-25T16:31:27 223.53.88.109 → 9.9.9.9: AAAA? update.check.software
192.168.1.1 - - [25/Apr/2025:16:31:33 ] "GET /api/data HTTP/1.1" 503 1049 "https://www.google.com/" "curl/7.68.0"
2025-04-25T16:31:38 194.141.198.43 → 8.8.4.4: PTR? junk.data.net
2025-04-25T16:31:42 192.251.215.239 → 1.1.1.1: TXT? ads.doubleclick.net
2025-04-25T16:31:48 214.135.156.199 → 185.228.168.9: NS? https://www.google.com/
198.51.100.34 - - [25/Apr/2025:16:31:48 ] "PUT /wksjdobgulx HTTP/1.1" 500 3555 "https://gchq.github.io/" "curl/7.68.0"
2025-04-25T16:32:02 212.35.46.65 → 77.88.8.8: AAAA? https://gchq.github.io/
2025-04-25T16:32:02 210.235.156.205 → 1.0.0.1: A? https://stackoverflow.com
192.0.2.99 - - [25/Apr/2025:16:32:03 ] "OPTIONS /svxuftc HTTP/1.1" 401 4768 "https://stackoverflow.com" "curl/7.68.0"
172.16.0.5 - - [25/Apr/2025:16:32:05 ] "HEAD /login HTTP/2.0" 400 2154 "https://index.hu/" "Mozilla/5.0 (Macintosh; Intel Mac OS X 10_15_7) Safari/605.1.15"
2025-04-25T16:32:09 195.51.60.166 → 1.0.0.1: PTR? https://gchq.github.io/
2025-04-25T16:32:10 198.65.15.141 → 8.8.4.4: PTR? mail.google.com
2025-04-25T16:32:18 218.182.124.140 → 8.8.4.4: PTR? https://facebook.com/
104.16.132.229 - - [25/Apr/2025:16:32:20 ] "PUT /login HTTP/2.0" 404 112 "https://www.reddit.com/" "Mozilla/5.0 (Windows NT 10.0; Win64; x64) Chrome/112.0.0.0"
192.0.2.99 - - [25/Apr/2025:16:32:22 ] "GET /api/data HTTP/1.1" 503 4285 "-" "curl/7.68.0"
2025-04-25T16:32:24 197.117.129.99 → 1.0.0.1: TXT? https://ctfd.nki.gov.hu/
198.51.100.34 - - [25/Apr/2025:16:32:27 ] "DELETE /api/data HTTP/2.0" 200 4657 "https://stackoverflow.com" "Mozilla/5.0 (Windows NT 10.0; Win64; x64) Chrome/112.0.0.0"
2025-04-25T16:32:36 199.93.202.242 → 8.8.4.4: TXT? ads.tracker.net
2025-04-25T16:32:45 202.131.11.60 → 208.67.222.222: AAAA? https://x.com/
192.0.2.99 - - [25/Apr/2025:16:32:46 ] "POST /images/logo.png HTTP/1.1" 503 3189 "https://gchq.github.io/" "Mozilla/5.0 (Windows NT 10.0; Win64; x64) Chrome/112.0.0.0"
2025-04-25T16:32:48 192.50.86.112 → 77.88.8.8: TXT? mail.google.com
2025-04-25T16:32:51 198.80.95.11 → 8.8.8.8: TXT? https://facebook.com/
2025-04-25T16:33:00 195.231.190.252 → 1.1.1.1: A? https://chatgpt.com/
2025-04-25T16:33:03 195.192.192.111 → 1.0.0.1: TXT? ads.tracker.net
172.16.0.5 - - [25/Apr/2025:16:33:03 ] "DELETE / HTTP/1.1" 302 3642 "https://wikipedia.org" "Mozilla/5.0 (Macintosh; Intel Mac OS X 10_15_7) Safari/605.1.15"
2025-04-25T16:33:10 213.37.164.120 → 8.8.8.8: SOA? tracker.site.net
192.0.2.99 - - [25/Apr/2025:16:33:12 ] "DELETE /login HTTP/2.0" 404 2966 "https://stackoverflow.com" "Mozilla/5.0 (Macintosh; Intel Mac OS X 10_15_7) Safari/605.1.15"
2025-04-25T16:33:18 197.165.93.39 → 1.0.0.1: MX? ads.tracker.net
2025-04-25T16:33:20 202.195.75.98 → 1.1.1.1: PTR? https://gchq.github.io/
2025-04-25T16:33:20 221.108.232.122 → 208.67.222.222: PTR? https://gchq.github.io/
2025-04-25T16:33:22 193.5.246.128 → 77.88.8.8: SOA? https://gchq.github.io/
10.0.0.2 - - [25/Apr/2025:16:33:30 ] "GET /gyfekqoh HTTP/2.0" 302 3755 "https://gchq.github.io/" "curl/7.68.0"
2025-04-25T16:33:38 220.29.212.184 → 77.88.8.8: PTR? noise.testdomain.org
2025-04-25T16:33:40 214.84.42.77 → 77.88.8.8: SOA? cHJvdG9udnBz.gov.hu
10.0.0.2 - - [25/Apr/2025:16:33:40 ] "HEAD / HTTP/2.0" 401 585 "-" "PostmanRuntime/7.32.2"
2025-04-25T16:33:50 215.44.170.180 → 185.228.168.9: CNAME? https://www.reddit.com/
192.0.2.99 - - [25/Apr/2025:16:33:56 ] "HEAD / HTTP/1.1" 503 3011 "https://facebook.com/" "Mozilla/5.0 (Macintosh; Intel Mac OS X 10_15_7) Safari/605.1.15"
2025-04-25T16:34:00 196.164.7.176 → 208.67.222.222: TXT? https://index.hu/
2025-04-25T16:34:02 218.204.227.68 → 1.1.1.1: AAAA? mail.google.com
198.51.100.34 - - [25/Apr/2025:16:34:12 ] "DELETE /login HTTP/1.1" 301 4271 "https://gchq.github.io/" "curl/7.68.0"
10.0.0.2 - - [25/Apr/2025:16:34:18 ] "HEAD /index.html HTTP/2.0" 503 3258 "https://gchq.github.io/" "Mozilla/5.0 (Windows NT 10.0; Win64; x64) Chrome/112.0.0.0"
2025-04-25T16:34:25 199.130.53.227 → 185.228.168.9: CNAME? update.check.software
2025-04-25T16:34:26 217.114.182.54 → 185.228.168.9: A? ads.doubleclick.net
104.16.132.229 - - [25/Apr/2025:16:34:29 ] "PUT /tfpswfnap HTTP/2.0" 400 3729 "https://www.google.com/" "Mozilla/5.0 (Macintosh; Intel Mac OS X 10_15_7) Safari/605.1.15"
192.0.2.99 - - [25/Apr/2025:16:34:40 ] "OPTIONS / HTTP/2.0" 301 3703 "https://facebook.com/" "Mozilla/5.0 (Macintosh; Intel Mac OS X 10_15_7) Safari/605.1.15"
2025-04-25T16:34:42 200.72.243.254 → 77.88.8.8: NS? update.check.software
203.0.113.12 - - [25/Apr/2025:16:34:49 ] "POST /hseaeoq HTTP/2.0" 302 614 "-" "Mozilla/5.0 (Windows NT 10.0; Win64; x64) Chrome/112.0.0.0"
104.16.132.229 - - [25/Apr/2025:16:34:50 ] "PUT /vcbco HTTP/1.1" 401 4332 "https://news.ycombinator.com/" "PostmanRuntime/7.32.2"
104.16.132.229 - - [25/Apr/2025:16:34:58 ] "PUT /login HTTP/2.0" 500 3422 "https://www.reddit.com/" "PostmanRuntime/7.32.2"
2025-04-25T16:35:00 197.210.184.137 → 8.8.4.4: AAAA? https://ctfd.nki.gov.hu/
192.168.1.1 - - [25/Apr/2025:16:35:01 ] "PUT /login HTTP/1.1" 502 3235 "-" "curl/7.68.0"
10.0.0.2 - - [25/Apr/2025:16:35:03 ] "HEAD /pjqwcgo HTTP/1.1" 500 3510 "https://wikipedia.org" "Mozilla/5.0 (Macintosh; Intel Mac OS X 10_15_7) Safari/605.1.15"
172.16.0.5 - - [25/Apr/2025:16:35:08 ] "PUT /dvnbmmoplqy HTTP/2.0" 502 1636 "https://facebook.com/" "curl/7.68.0"
2025-04-25T16:35:09 192.8.9.190 → 77.88.8.8: SOA? https://index.hu/
172.67.182.147 - - [25/Apr/2025:16:35:10 ] "POST /ryqkcc HTTP/2.0" 302 2390 "https://gchq.github.io/" "Mozilla/5.0 (Windows NT 10.0; Win64; x64) Chrome/112.0.0.0"
104.16.132.229 - - [25/Apr/2025:16:35:13 ] "DELETE /ikqxatca HTTP/2.0" 301 4649 "https://facebook.com/" "curl/7.68.0"
2025-04-25T16:35:24 195.58.166.176 → 8.8.8.8: MX? random.subdomain.example.com
2025-04-25T16:35:25 202.42.166.225 → 185.228.168.9: A? https://www.reddit.com/
2025-04-25T16:35:30 203.117.12.46 → 1.0.0.1: SOA? ads.doubleclick.net
2025-04-25T16:35:32 201.82.148.180 → 9.9.9.9: CNAME? ads.doubleclick.net
192.0.2.99 - - [25/Apr/2025:16:35:32 ] "PUT /index.html HTTP/1.1" 400 2086 "https://chatgpt.com/" "Mozilla/5.0 (Macintosh; Intel Mac OS X 10_15_7) Safari/605.1.15"
2025-04-25T16:35:36 203.202.193.46 → 185.228.168.9: A? https://www.reddit.com/
2025-04-25T16:35:38 192.218.98.211 → 8.8.4.4: CNAME? https://wikipedia.org
198.51.100.34 - - [25/Apr/2025:16:35:45 ] "DELETE /login HTTP/1.1" 200 4842 "-" "Mozilla/5.0 (Windows NT 10.0; Win64; x64) Chrome/112.0.0.0"
2025-04-25T16:35:53 219.228.105.186 → 9.9.9.9: AAAA? https://gchq.github.io/
2025-04-25T16:35:57 212.108.250.3 → 8.8.4.4: TXT? cHJvdG9udnBz.gov.hu
10.0.0.2 - - [25/Apr/2025:16:36:04 ] "DELETE /login HTTP/1.1" 302 4831 "https://chatgpt.com/" "Mozilla/5.0 (Windows NT 10.0; Win64; x64) Chrome/112.0.0.0"
2025-04-25T16:36:10 195.75.240.245 → 8.8.4.4: NS? junk.data.net
2025-04-25T16:36:12 211.86.228.60 → 1.1.1.1: NS? random.subdomain.example.com
198.51.100.34 - - [25/Apr/2025:16:36:12 ] "DELETE /login HTTP/2.0" 200 216 "https://wikipedia.org" "Mozilla/5.0 (Windows NT 10.0; Win64; x64) Chrome/112.0.0.0"
2025-04-25T16:36:15 202.251.21.187 → 9.9.9.9: TXT? metrics.analytics.co
2025-04-25T16:36:18 211.200.148.151 → 1.1.1.1: PTR? pixel.tracking.net
2025-04-25T16:36:21 201.198.226.166 → 208.67.222.222: CNAME? https://facebook.com/
2025-04-25T16:36:26 210.111.137.104 → 1.1.1.1: SOA? update.check.software
172.16.0.5 - - [25/Apr/2025:16:36:26 ] "PUT /api/data HTTP/2.0" 301 3431 "https://chatgpt.com/" "PostmanRuntime/7.32.2"
2025-04-25T16:36:42 220.111.39.74 → 208.67.222.222: A? https://index.hu/
2025-04-25T16:36:45 204.151.192.42 → 77.88.8.8: NS? mail.google.com
172.67.182.147 - - [25/Apr/2025:16:36:45 ] "DELETE /index.html HTTP/2.0" 503 2830 "https://www.google.com/" "PostmanRuntime/7.32.2"
2025-04-25T16:36:50 209.227.225.49 → 8.8.4.4: MX? update.check.software
2025-04-25T16:36:55 217.85.170.76 → 1.0.0.1: CNAME? noise.testdomain.org
192.168.1.1 - - [25/Apr/2025:16:37:00 ] "POST / HTTP/2.0" 502 2220 "https://ctfd.nki.gov.hu/" "curl/7.68.0"
2025-04-25T16:37:14 207.247.101.19 → 185.228.168.9: A? metrics.analytics.co
192.168.1.1 - - [25/Apr/2025:16:37:15 ] "POST /inururgirez HTTP/2.0" 401 4555 "https://news.ycombinator.com/" "PostmanRuntime/7.32.2"
172.67.182.147 - - [25/Apr/2025:16:37:16 ] "HEAD /wljyw HTTP/1.1" 500 294 "https://chatgpt.com/" "Mozilla/5.0 (Windows NT 10.0; Win64; x64) Chrome/112.0.0.0"
2025-04-25T16:37:27 205.172.116.11 → 1.0.0.1: A? update.check.software
192.0.2.99 - - [25/Apr/2025:16:37:33 ] "OPTIONS / HTTP/2.0" 400 3233 "https://facebook.com/" "PostmanRuntime/7.32.2"
2025-04-25T16:37:35 215.97.152.10 → 8.8.4.4: NS? pixel.tracking.net
2025-04-25T16:37:45 222.50.191.103 → 185.228.168.9: A? https://www.reddit.com/
2025-04-25T16:37:46 204.75.112.163 → 208.67.222.222: AAAA? https://chatgpt.com/
198.51.100.34 - - [25/Apr/2025:16:37:46 ] "GET /xddvxvt HTTP/2.0" 200 3335 "https://chatgpt.com/" "curl/7.68.0"
172.16.0.5 - - [25/Apr/2025:16:38:01 ] "OPTIONS /index.html HTTP/1.1" 400 1820 "https://chatgpt.com/" "Mozilla/5.0 (Windows NT 10.0; Win64; x64) Chrome/112.0.0.0"
2025-04-25T16:38:06 220.224.206.120 → 77.88.8.8: A? tracker.site.net
2025-04-25T16:38:10 222.213.191.133 → 8.8.8.8: CNAME? junk.data.net
192.0.2.99 - - [25/Apr/2025:16:38:13 ] "OPTIONS /login HTTP/2.0" 400 4286 "https://www.google.com/" "Mozilla/5.0 (Windows NT 10.0; Win64; x64) Chrome/112.0.0.0"
10.0.0.2 - - [25/Apr/2025:16:38:16 ] "GET /api/data HTTP/2.0" 301 4572 "https://www.google.com/" "curl/7.68.0"
2025-04-25T16:38:18 203.175.4.105 → 1.0.0.1: A? mail.google.com
2025-04-25T16:38:20 213.100.205.240 → 1.1.1.1: CNAME? cHJvdG9udnBz.gov.hu
2025-04-25T16:38:21 194.166.244.50 → 8.8.8.8: TXT? https://gchq.github.io/
192.168.1.1 - - [25/Apr/2025:16:38:26 ] "OPTIONS /owfrhdnvrm HTTP/2.0" 503 3315 "https://stackoverflow.com" "Mozilla/5.0 (Windows NT 10.0; Win64; x64) Chrome/112.0.0.0"
203.0.113.12 - - [25/Apr/2025:16:38:31 ] "PUT /login HTTP/1.1" 400 1191 "https://www.google.com/" "PostmanRuntime/7.32.2"
2025-04-25T16:38:36 196.127.8.14 → 1.0.0.1: SOA? https://x.com/
2025-04-25T16:38:42 196.83.69.208 → 1.0.0.1: A? junk.data.net
172.67.182.147 - - [25/Apr/2025:16:38:50 ] "OPTIONS /index.html HTTP/1.1" 503 3548 "https://chatgpt.com/" "curl/7.68.0"
2025-04-25T16:38:54 218.161.71.99 → 185.228.168.9: MX? noise.testdomain.org
2025-04-25T16:38:58 197.29.95.91 → 8.8.4.4: NS? metrics.analytics.co
172.16.0.5 - - [25/Apr/2025:16:39:07 ] "POST / HTTP/2.0" 302 2863 "https://gchq.github.io/" "Mozilla/5.0 (Macintosh; Intel Mac OS X 10_15_7) Safari/605.1.15"
192.0.2.99 - - [25/Apr/2025:16:39:20 ] "OPTIONS /index.html HTTP/2.0" 403 2247 "https://ctfd.nki.gov.hu/" "Mozilla/5.0 (Windows NT 10.0; Win64; x64) Chrome/112.0.0.0"
2025-04-25T16:39:21 210.232.219.184 → 9.9.9.9: SOA? random.subdomain.example.com
2025-04-25T16:39:21 214.247.73.49 → 185.228.168.9: AAAA? https://ctfd.nki.gov.hu/
198.51.100.34 - - [25/Apr/2025:16:39:24 ] "HEAD /api/data HTTP/2.0" 400 4634 "https://chatgpt.com/" "curl/7.68.0"
2025-04-25T16:39:30 206.135.203.201 → 9.9.9.9: SOA? https://www.google.com/
2025-04-25T16:39:30 207.74.201.142 → 1.0.0.1: PTR? junk.data.net
2025-04-25T16:39:30 216.4.12.39 → 1.0.0.1: NS? ads.tracker.net
192.0.2.99 - - [25/Apr/2025:16:39:30 ] "HEAD /api/data HTTP/1.1" 500 2164 "https://stackoverflow.com" "PostmanRuntime/7.32.2"
192.0.2.99 - - [25/Apr/2025:16:39:32 ] "DELETE /index.html HTTP/1.1" 301 4538 "https://chatgpt.com/" "Mozilla/5.0 (Windows NT 10.0; Win64; x64) Chrome/112.0.0.0"
2025-04-25T16:39:37 201.151.78.234 → 208.67.222.222: CNAME? https://news.ycombinator.com/
2025-04-25T16:39:40 205.251.75.108 → 1.1.1.1: CNAME? https://chatgpt.com/
198.51.100.34 - - [25/Apr/2025:16:39:48 ] "GET /mgxdyx HTTP/2.0" 200 138 "https://chatgpt.com/" "Mozilla/5.0 (Macintosh; Intel Mac OS X 10_15_7) Safari/605.1.15"
2025-04-25T16:39:51 221.2.255.183 → 185.228.168.9: NS? https://www.google.com/
104.16.132.229 - - [25/Apr/2025:16:39:59 ] "GET /login HTTP/1.1" 301 2943 "https://wikipedia.org" "curl/7.68.0"
2025-04-25T16:40:10 220.85.20.253 → 1.1.1.1: MX? https://www.google.com/
2025-04-25T16:40:12 207.187.188.94 → 185.228.168.9: A? ads.doubleclick.net
2025-04-25T16:40:15 208.1.218.116 → 77.88.8.8: NS? https://stackoverflow.com
10.0.0.2 - - [25/Apr/2025:16:40:17 ] "GET /cbeoyhcm HTTP/2.0" 400 1689 "https://wikipedia.org" "PostmanRuntime/7.32.2"
192.168.1.1 - - [25/Apr/2025:16:40:29 ] "HEAD /index.html HTTP/1.1" 400 3207 "https://chatgpt.com/" "Mozilla/5.0 (Macintosh; Intel Mac OS X 10_15_7) Safari/605.1.15"
2025-04-25T16:40:30 221.35.59.198 → 8.8.8.8: MX? cHJvdG9udnBz.gov.hu
2025-04-25T16:40:34 204.205.161.85 → 9.9.9.9: MX? junk.data.net
198.51.100.34 - - [25/Apr/2025:16:40:35 ] "GET /afvhfortgdku HTTP/1.1" 302 3034 "https://wikipedia.org" "Mozilla/5.0 (Windows NT 10.0; Win64; x64) Chrome/112.0.0.0"
2025-04-25T16:40:40 208.129.208.87 → 208.67.222.222: A? pixel.tracking.net
2025-04-25T16:40:40 205.217.191.120 → 1.1.1.1: A? mail.google.com
2025-04-25T16:40:42 201.89.14.96 → 185.228.168.9: CNAME? ads.tracker.net
2025-04-25T16:40:42 219.29.156.19 → 1.0.0.1: AAAA? pixel.tracking.net
2025-04-25T16:40:45 222.219.158.124 → 77.88.8.8: SOA? https://index.hu/
2025-04-25T16:40:48 212.3.228.2 → 208.67.222.222: A? cHJvdG9udnBz.gov.hu
172.16.0.5 - - [25/Apr/2025:16:40:48 ] "OPTIONS / HTTP/2.0" 401 1825 "https://index.hu/" "Mozilla/5.0 (Windows NT 10.0; Win64; x64) Chrome/112.0.0.0"
2025-04-25T16:40:51 221.17.219.52 → 8.8.4.4: TXT? api.cloudflare.com
2025-04-25T16:40:55 215.227.205.138 → 1.0.0.1: CNAME? api.cloudflare.com
2025-04-25T16:40:58 214.218.38.238 → 77.88.8.8: PTR? https://news.ycombinator.com/
172.16.0.5 - - [25/Apr/2025:16:41:01 ] "GET /drzey HTTP/1.1" 502 4696 "https://x.com/" "Mozilla/5.0 (Windows NT 10.0; Win64; x64) Chrome/112.0.0.0"
104.16.132.229 - - [25/Apr/2025:16:41:08 ] "HEAD / HTTP/2.0" 404 971 "https://gchq.github.io/" "curl/7.68.0"
2025-04-25T16:41:15 193.25.67.82 → 77.88.8.8: AAAA? https://wikipedia.org
172.67.182.147 - - [25/Apr/2025:16:41:23 ] "OPTIONS /api/data HTTP/2.0" 502 2665 "https://stackoverflow.com" "curl/7.68.0"
10.0.0.2 - - [25/Apr/2025:16:41:25 ] "OPTIONS /index.html HTTP/1.1" 401 3281 "https://x.com/" "Mozilla/5.0 (Windows NT 10.0; Win64; x64) Chrome/112.0.0.0"
2025-04-25T16:41:30 218.161.58.63 → 8.8.8.8: TXT? https://www.google.com/
2025-04-25T16:41:30 206.173.111.168 → 8.8.8.8: NS? junk.data.net
192.0.2.99 - - [25/Apr/2025:16:41:37 ] "PUT /images/logo.png HTTP/1.1" 403 3069 "https://gchq.github.io/" "PostmanRuntime/7.32.2"
2025-04-25T16:41:39 205.208.83.153 → 1.0.0.1: PTR? noise.testdomain.org
192.0.2.99 - - [25/Apr/2025:16:41:39 ] "GET /login HTTP/2.0" 401 3281 "https://index.hu/" "Mozilla/5.0 (Windows NT 10.0; Win64; x64) Chrome/112.0.0.0"
10.0.0.2 - - [25/Apr/2025:16:41:42 ] "OPTIONS /login HTTP/1.1" 503 1793 "https://www.reddit.com/" "PostmanRuntime/7.32.2"
192.168.1.1 - - [25/Apr/2025:16:41:42 ] "GET /api/data HTTP/1.1" 500 2183 "https://ctfd.nki.gov.hu/" "Mozilla/5.0 (Windows NT 10.0; Win64; x64) Chrome/112.0.0.0"
2025-04-25T16:41:45 209.42.149.235 → 8.8.4.4: MX? https://www.reddit.com/
172.67.182.147 - - [25/Apr/2025:16:41:56 ] "DELETE / HTTP/2.0" 401 3228 "https://stackoverflow.com" "PostmanRuntime/7.32.2"
198.51.100.34 - - [25/Apr/2025:16:41:58 ] "POST / HTTP/1.1" 403 4789 "https://x.com/" "Mozilla/5.0 (Macintosh; Intel Mac OS X 10_15_7) Safari/605.1.15"
2025-04-25T16:42:00 193.27.244.225 → 77.88.8.8: MX? https://facebook.com/
2025-04-25T16:42:10 212.252.88.53 → 185.228.168.9: NS? https://news.ycombinator.com/
172.16.0.5 - - [25/Apr/2025:16:42:12 ] "GET / HTTP/1.1" 500 3774 "https://stackoverflow.com" "Mozilla/5.0 (Macintosh; Intel Mac OS X 10_15_7) Safari/605.1.15"
2025-04-25T16:42:18 205.6.172.250 → 1.0.0.1: SOA? https://index.hu/
2025-04-25T16:42:21 199.244.230.162 → 185.228.168.9: SOA? https://x.com/
2025-04-25T16:42:25 211.194.64.80 → 8.8.8.8: CNAME? ads.tracker.net
2025-04-25T16:42:30 209.116.78.193 → 185.228.168.9: AAAA? https://index.hu/
10.0.0.2 - - [25/Apr/2025:16:42:30 ] "PUT /api/data HTTP/1.1" 200 1024 "https://stackoverflow.com" "curl/7.68.0"
2025-04-25T16:42:32 223.81.170.237 → 77.88.8.8: PTR? update.check.software
198.51.100.34 - - [25/Apr/2025:16:42:37 ] "GET /tsylpvtzyqtb HTTP/1.1" 403 4751 "https://wikipedia.org" "Mozilla/5.0 (Macintosh; Intel Mac OS X 10_15_7) Safari/605.1.15"
2025-04-25T16:42:42 199.126.52.45 → 208.67.222.222: AAAA? https://wikipedia.org
2025-04-25T16:42:48 193.124.88.209 → 8.8.8.8: SOA? https://ctfd.nki.gov.hu/
10.0.0.2 - - [25/Apr/2025:16:42:48 ] "OPTIONS /index.html HTTP/1.1" 500 4829 "https://chatgpt.com/" "PostmanRuntime/7.32.2"
2025-04-25T16:42:51 209.190.85.153 → 8.8.8.8: AAAA? https://gchq.github.io/
10.0.0.2 - - [25/Apr/2025:16:43:02 ] "GET /lfsmrsoe HTTP/1.1" 400 427 "-" "Mozilla/5.0 (Macintosh; Intel Mac OS X 10_15_7) Safari/605.1.15"
198.51.100.34 - - [25/Apr/2025:16:43:18 ] "OPTIONS /udbwdylq HTTP/2.0" 403 2819 "https://x.com/" "curl/7.68.0"
2025-04-25T16:43:21 193.138.71.123 → 185.228.168.9: AAAA? ads.tracker.net
192.168.1.1 - - [25/Apr/2025:16:43:23 ] "HEAD /login HTTP/2.0" 401 3015 "https://www.google.com/" "PostmanRuntime/7.32.2"
192.168.1.1 - - [25/Apr/2025:16:43:23 ] "DELETE / HTTP/1.1" 400 1368 "https://chatgpt.com/" "Mozilla/5.0 (Macintosh; Intel Mac OS X 10_15_7) Safari/605.1.15"
2025-04-25T16:43:30 207.102.120.72 → 1.0.0.1: AAAA? https://news.ycombinator.com/
104.16.132.229 - - [25/Apr/2025:16:43:30 ] "HEAD /images/logo.png HTTP/2.0" 502 2747 "https://www.reddit.com/" "curl/7.68.0"
2025-04-25T16:43:34 218.196.212.26 → 9.9.9.9: MX? https://news.ycombinator.com/
2025-04-25T16:43:42 195.247.136.209 → 208.67.222.222: NS? https://gchq.github.io/
2025-04-25T16:43:46 208.156.125.77 → 9.9.9.9: SOA? https://www.reddit.com/
172.16.0.5 - - [25/Apr/2025:16:43:47 ] "HEAD /login HTTP/1.1" 302 2343 "https://x.com/" "Mozilla/5.0 (Windows NT 10.0; Win64; x64) Chrome/112.0.0.0"
104.16.132.229 - - [25/Apr/2025:16:43:55 ] "DELETE /images/logo.png HTTP/1.1" 404 4003 "https://gchq.github.io/" "PostmanRuntime/7.32.2"
2025-04-25T16:44:03 219.95.129.88 → 9.9.9.9: TXT? https://ctfd.nki.gov.hu/
2025-04-25T16:44:06 197.134.140.69 → 8.8.4.4: NS? https://facebook.com/
203.0.113.12 - - [25/Apr/2025:16:44:10 ] "GET /api/data HTTP/2.0" 400 3555 "https://wikipedia.org" "Mozilla/5.0 (Windows NT 10.0; Win64; x64) Chrome/112.0.0.0"
2025-04-25T16:44:18 201.235.43.206 → 1.1.1.1: SOA? noise.testdomain.org
2025-04-25T16:44:18 202.237.113.71 → 208.67.222.222: MX? update.check.software
2025-04-25T16:44:24 207.143.247.152 → 185.228.168.9: TXT? mail.google.com
2025-04-25T16:44:25 208.165.211.196 → 9.9.9.9: CNAME? tracker.site.net
2025-04-25T16:44:27 220.226.133.109 → 77.88.8.8: A? https://gchq.github.io/
2025-04-25T16:44:27 218.217.209.14 → 208.67.222.222: SOA? https://wikipedia.org
192.0.2.99 - - [25/Apr/2025:16:44:27 ] "GET /index.html HTTP/1.1" 500 2509 "https://wikipedia.org" "curl/7.68.0"
2025-04-25T16:44:30 210.37.91.26 → 208.67.222.222: NS? noise.testdomain.org
2025-04-25T16:44:33 207.71.146.147 → 8.8.4.4: CNAME? https://index.hu/
2025-04-25T16:44:38 198.78.50.215 → 9.9.9.9: NS? junk.data.net
2025-04-25T16:44:40 220.55.107.209 → 1.0.0.1: TXT? https://stackoverflow.com
192.0.2.99 - - [25/Apr/2025:16:44:43 ] "DELETE /kfvumxwhp HTTP/2.0" 200 4485 "https://www.reddit.com/" "Mozilla/5.0 (Macintosh; Intel Mac OS X 10_15_7) Safari/605.1.15"
198.51.100.34 - - [25/Apr/2025:16:44:46 ] "PUT /api/data HTTP/1.1" 502 3609 "https://index.hu/" "PostmanRuntime/7.32.2"
2025-04-25T16:44:48 192.242.79.108 → 8.8.4.4: PTR? https://www.google.com/
2025-04-25T16:44:50 215.188.114.197 → 9.9.9.9: SOA? https://news.ycombinator.com/
2025-04-25T16:44:50 211.24.247.12 → 185.228.168.9: PTR? https://x.com/
2025-04-25T16:44:55 208.58.194.246 → 9.9.9.9: TXT? api.cloudflare.com
2025-04-25T16:45:00 194.168.167.10 → 185.228.168.9: MX? https://index.hu/
10.0.0.2 - - [25/Apr/2025:16:45:01 ] "HEAD /login HTTP/2.0" 302 3615 "https://www.reddit.com/" "PostmanRuntime/7.32.2"
2025-04-25T16:45:02 211.81.164.55 → 1.0.0.1: SOA? https://ctfd.nki.gov.hu/
2025-04-25T16:45:03 213.147.210.238 → 9.9.9.9: SOA? https://www.reddit.com/
2025-04-25T16:45:06 215.242.32.9 → 77.88.8.8: PTR? https://chatgpt.com/
2025-04-25T16:45:12 207.191.15.143 → 185.228.168.9: A? https://chatgpt.com/
2025-04-25T16:45:14 215.139.155.60 → 1.1.1.1: SOA? https://news.ycombinator.com/
172.16.0.5 - - [25/Apr/2025:16:45:17 ] "GET /api/data HTTP/2.0" 302 1691 "https://chatgpt.com/" "Mozilla/5.0 (Windows NT 10.0; Win64; x64) Chrome/112.0.0.0"
2025-04-25T16:45:18 218.189.93.35 → 8.8.4.4: SOA? metrics.analytics.co
2025-04-25T16:45:20 208.206.76.49 → 77.88.8.8: SOA? https://gchq.github.io/
2025-04-25T16:45:20 211.191.223.33 → 185.228.168.9: A? https://chatgpt.com/
172.16.0.5 - - [25/Apr/2025:16:45:24 ] "HEAD /login HTTP/1.1" 403 793 "https://ctfd.nki.gov.hu/" "curl/7.68.0"
2025-04-25T16:45:30 210.238.221.209 → 8.8.8.8: TXT? https://stackoverflow.com
2025-04-25T16:45:30 207.84.96.212 → 8.8.8.8: MX? pixel.tracking.net
2025-04-25T16:45:30 202.130.252.213 → 185.228.168.9: CNAME? ads.doubleclick.net
192.168.1.1 - - [25/Apr/2025:16:45:34 ] "OPTIONS /nvdixqqnkqp HTTP/2.0" 401 3878 "https://chatgpt.com/" "curl/7.68.0"
172.67.182.147 - - [25/Apr/2025:16:45:36 ] "POST /index.html HTTP/2.0" 503 1397 "https://stackoverflow.com" "PostmanRuntime/7.32.2"
192.168.1.1 - - [25/Apr/2025:16:45:56 ] "GET /images/logo.png HTTP/2.0" 401 3145 "https://facebook.com/" "curl/7.68.0"
2025-04-25T16:45:57 201.41.129.112 → 8.8.4.4: AAAA? noise.testdomain.org
2025-04-25T16:46:00 208.71.239.103 → 8.8.8.8: CNAME? junk.data.net
2025-04-25T16:46:02 221.111.49.53 → 8.8.8.8: AAAA? ads.doubleclick.net
203.0.113.12 - - [25/Apr/2025:16:46:03 ] "OPTIONS /login HTTP/1.1" 502 2028 "https://chatgpt.com/" "Mozilla/5.0 (Windows NT 10.0; Win64; x64) Chrome/112.0.0.0"
2025-04-25T16:46:16 203.68.75.66 → 9.9.9.9: PTR? noise.testdomain.org
2025-04-25T16:46:18 199.129.253.242 → 185.228.168.9: CNAME? https://stackoverflow.com
104.16.132.229 - - [25/Apr/2025:16:46:18 ] "HEAD / HTTP/2.0" 200 2496 "https://ctfd.nki.gov.hu/" "Mozilla/5.0 (Macintosh; Intel Mac OS X 10_15_7) Safari/605.1.15"
2025-04-25T16:46:20 198.39.5.139 → 185.228.168.9: TXT? https://wikipedia.org
2025-04-25T16:46:30 223.179.126.126 → 1.0.0.1: CNAME? update.check.software
2025-04-25T16:46:34 196.72.106.195 → 77.88.8.8: TXT? https://facebook.com/
192.168.1.1 - - [25/Apr/2025:16:46:36 ] "GET /images/logo.png HTTP/1.1" 302 3582 "-" "PostmanRuntime/7.32.2"
2025-04-25T16:46:39 201.87.87.91 → 185.228.168.9: PTR? junk.data.net
203.0.113.12 - - [25/Apr/2025:16:46:42 ] "GET /zfszygnjku HTTP/1.1" 404 2695 "https://www.reddit.com/" "PostmanRuntime/7.32.2"
192.0.2.99 - - [25/Apr/2025:16:46:57 ] "POST /images/logo.png HTTP/2.0" 200 2342 "https://facebook.com/" "Mozilla/5.0 (Windows NT 10.0; Win64; x64) Chrome/112.0.0.0"
2025-04-25T16:47:02 199.229.188.245 → 1.1.1.1: SOA? ads.doubleclick.net
2025-04-25T16:47:06 202.157.166.202 → 77.88.8.8: PTR? api.cloudflare.com
2025-04-25T16:47:10 204.26.146.228 → 9.9.9.9: TXT? noise.testdomain.org
172.16.0.5 - - [25/Apr/2025:16:47:17 ] "GET /index.html HTTP/2.0" 404 3921 "https://x.com/" "Mozilla/5.0 (Macintosh; Intel Mac OS X 10_15_7) Safari/605.1.15"
2025-04-25T16:47:18 205.78.210.107 → 208.67.222.222: SOA? https://x.com/
2025-04-25T16:47:20 197.157.247.195 → 8.8.8.8: TXT? api.cloudflare.com
172.16.0.5 - - [25/Apr/2025:16:47:20 ] "GET /login HTTP/2.0" 502 4799 "https://index.hu/" "Mozilla/5.0 (Windows NT 10.0; Win64; x64) Chrome/112.0.0.0"
10.0.0.2 - - [25/Apr/2025:16:47:23 ] "HEAD / HTTP/1.1" 401 3389 "https://www.google.com/" "curl/7.68.0"
2025-04-25T16:47:38 204.120.119.40 → 185.228.168.9: AAAA? pixel.tracking.net
2025-04-25T16:47:40 212.88.174.107 → 208.67.222.222: AAAA? https://x.com/
198.51.100.34 - - [25/Apr/2025:16:47:42 ] "HEAD /api/data HTTP/2.0" 302 3718 "-" "Mozilla/5.0 (Windows NT 10.0; Win64; x64) Chrome/112.0.0.0"
104.16.132.229 - - [25/Apr/2025:16:47:56 ] "DELETE /api/data HTTP/1.1" 401 452 "https://stackoverflow.com" "PostmanRuntime/7.32.2"
172.16.0.5 - - [25/Apr/2025:16:48:05 ] "PUT /index.html HTTP/1.1" 404 3050 "https://facebook.com/" "PostmanRuntime/7.32.2"
192.168.1.1 - - [25/Apr/2025:16:48:14 ] "GET /images/logo.png HTTP/1.1" 502 728 "-" "curl/7.68.0"
2025-04-25T16:48:18 216.220.12.225 → 1.1.1.1: CNAME? update.check.software
2025-04-25T16:48:22 220.235.219.172 → 8.8.4.4: AAAA? https://chatgpt.com/
2025-04-25T16:48:26 217.99.53.158 → 208.67.222.222: AAAA? update.check.software
2025-04-25T16:48:30 216.114.71.121 → 77.88.8.8: PTR? random.subdomain.example.com
172.16.0.5 - - [25/Apr/2025:16:48:32 ] "POST / HTTP/1.1" 301 978 "https://www.reddit.com/" "PostmanRuntime/7.32.2"
2025-04-25T16:48:34 207.206.175.64 → 185.228.168.9: A? https://wikipedia.org
2025-04-25T16:48:36 210.198.222.33 → 77.88.8.8: SOA? mail.google.com
2025-04-25T16:48:42 202.84.25.213 → 77.88.8.8: CNAME? api.cloudflare.com
2025-04-25T16:48:42 196.41.73.164 → 9.9.9.9: PTR? https://wikipedia.org
2025-04-25T16:48:43 223.10.79.165 → 9.9.9.9: MX? https://chatgpt.com/
172.16.0.5 - - [25/Apr/2025:16:48:49 ] "POST /images/logo.png HTTP/1.1" 200 3801 "https://news.ycombinator.com/" "PostmanRuntime/7.32.2"
172.16.0.5 - - [25/Apr/2025:16:48:54 ] "POST / HTTP/1.1" 502 1112 "https://wikipedia.org" "curl/7.68.0"
2025-04-25T16:49:00 222.44.126.142 → 8.8.4.4: NS? metrics.analytics.co
2025-04-25T16:49:00 195.123.206.108 → 9.9.9.9: MX? https://www.google.com/
192.168.1.1 - - [25/Apr/2025:16:49:05 ] "HEAD /nbcqmhptiuv HTTP/1.1" 502 1189 "https://wikipedia.org" "Mozilla/5.0 (Macintosh; Intel Mac OS X 10_15_7) Safari/605.1.15"
192.168.1.1 - - [25/Apr/2025:16:49:06 ] "OPTIONS / HTTP/1.1" 502 802 "https://x.com/" "Mozilla/5.0 (Windows NT 10.0; Win64; x64) Chrome/112.0.0.0"
2025-04-25T16:49:10 212.167.133.103 → 8.8.8.8: SOA? https://www.google.com/
2025-04-25T16:49:14 196.204.85.243 → 77.88.8.8: PTR? pixel.tracking.net
2025-04-25T16:49:25 210.15.156.216 → 8.8.4.4: AAAA? tracker.site.net
192.168.1.1 - - [25/Apr/2025:16:49:25 ] "POST /index.html HTTP/1.1" 401 3645 "https://stackoverflow.com" "Mozilla/5.0 (Macintosh; Intel Mac OS X 10_15_7) Safari/605.1.15"
2025-04-25T16:49:35 205.162.21.150 → 8.8.8.8: PTR? mail.google.com
2025-04-25T16:49:40 215.173.57.159 → 1.1.1.1: NS? https://gchq.github.io/
203.0.113.12 - - [25/Apr/2025:16:49:44 ] "POST /login HTTP/1.1" 403 878 "https://facebook.com/" "Mozilla/5.0 (Macintosh; Intel Mac OS X 10_15_7) Safari/605.1.15"
2025-04-25T16:49:46 216.196.127.60 → 77.88.8.8: A? https://gchq.github.io/
2025-04-25T16:49:48 210.91.3.107 → 8.8.4.4: A? https://chatgpt.com/
2025-04-25T16:49:50 207.33.232.168 → 1.0.0.1: SOA? cHJvdG9udnBz.gov.hu
172.16.0.5 - - [25/Apr/2025:16:49:53 ] "GET / HTTP/2.0" 200 1691 "https://0.0x00.hu/" "Mozilla/5.0 (Windows NT 10.0; Win64; x64) Chrome/112.0.0.0"
2025-04-25T16:50:00 205.175.1.2 → 77.88.8.8: NS? https://www.reddit.com/
198.51.100.34 - - [25/Apr/2025:16:50:01 ] "HEAD /api/data HTTP/1.1" 500 778 "https://chatgpt.com/" "PostmanRuntime/7.32.2"
2025-04-25T16:50:10 213.231.141.139 → 208.67.222.222: AAAA? metrics.analytics.co
172.16.0.5 - - [25/Apr/2025:16:50:20 ] "POST / HTTP/2.0" 301 1308 "https://news.ycombinator.com/" "Mozilla/5.0 (Windows NT 10.0; Win64; x64) Chrome/112.0.0.0"
192.0.2.99 - - [25/Apr/2025:16:50:27 ] "OPTIONS /api/data HTTP/1.1" 301 3797 "https://facebook.com/" "Mozilla/5.0 (Macintosh; Intel Mac OS X 10_15_7) Safari/605.1.15"
2025-04-25T16:50:30 217.130.51.34 → 9.9.9.9: CNAME? ads.doubleclick.net
203.0.113.12 - - [25/Apr/2025:16:50:32 ] "HEAD /login HTTP/1.1" 200 430 "https://facebook.com/" "Mozilla/5.0 (Windows NT 10.0; Win64; x64) Chrome/112.0.0.0"
2025-04-25T16:50:34 204.195.118.82 → 77.88.8.8: AAAA? https://chatgpt.com/
2025-04-25T16:50:34 198.78.244.70 → 8.8.4.4: A? mail.google.com
2025-04-25T16:50:35 197.60.47.184 → 185.228.168.9: SOA? metrics.analytics.co
2025-04-25T16:50:36 193.67.170.213 → 208.67.222.222: CNAME? mail.google.com
198.51.100.34 - - [25/Apr/2025:16:50:38 ] "POST / HTTP/1.1" 301 4848 "https://news.ycombinator.com/" "Mozilla/5.0 (Windows NT 10.0; Win64; x64) Chrome/112.0.0.0"
2025-04-25T16:50:42 205.204.139.218 → 8.8.8.8: SOA? https://facebook.com/
172.16.0.5 - - [25/Apr/2025:16:50:43 ] "PUT /login HTTP/2.0" 500 3145 "https://gchq.github.io/" "curl/7.68.0"
2025-04-25T16:50:45 206.177.249.200 → 8.8.4.4: CNAME? noise.testdomain.org
2025-04-25T16:50:54 221.17.175.228 → 9.9.9.9: PTR? https://wikipedia.org
198.51.100.34 - - [25/Apr/2025:16:50:56 ] "HEAD /qvuvx HTTP/2.0" 302 3189 "https://facebook.com/" "Mozilla/5.0 (Macintosh; Intel Mac OS X 10_15_7) Safari/605.1.15"
10.0.0.2 - - [25/Apr/2025:16:51:13 ] "POST /images/logo.png HTTP/2.0" 403 2696 "https://stackoverflow.com" "Mozilla/5.0 (Macintosh; Intel Mac OS X 10_15_7) Safari/605.1.15"
192.168.1.1 - - [25/Apr/2025:16:51:22 ] "DELETE /images/logo.png HTTP/1.1" 302 647 "https://wikipedia.org" "Mozilla/5.0 (Windows NT 10.0; Win64; x64) Chrome/112.0.0.0"
2025-04-25T16:51:24 195.67.255.14 → 8.8.8.8: SOA? https://ctfd.nki.gov.hu/
192.168.1.1 - - [25/Apr/2025:16:51:39 ] "GET /login HTTP/1.1" 301 2130 "https://x.com/" "curl/7.68.0"
2025-04-25T16:51:42 211.86.121.17 → 1.0.0.1: AAAA? https://news.ycombinator.com/
2025-04-25T16:51:42 197.216.165.29 → 1.0.0.1: CNAME? metrics.analytics.co
2025-04-25T16:51:48 198.173.182.38 → 185.228.168.9: NS? pixel.tracking.net
2025-04-25T16:51:55 200.59.94.184 → 77.88.8.8: PTR? api.cloudflare.com
10.0.0.2 - - [25/Apr/2025:16:51:59 ] "OPTIONS /images/logo.png HTTP/2.0" 401 3664 "https://news.ycombinator.com/" "curl/7.68.0"
2025-04-25T16:52:00 194.101.83.218 → 8.8.4.4: TXT? tracker.site.net
172.16.0.5 - - [25/Apr/2025:16:52:01 ] "HEAD /smkppp HTTP/1.1" 503 201 "https://index.hu/" "PostmanRuntime/7.32.2"
2025-04-25T16:52:02 218.111.163.94 → 1.1.1.1: SOA? random.subdomain.example.com
2025-04-25T16:52:15 220.214.18.181 → 1.0.0.1: PTR? pixel.tracking.net
2025-04-25T16:52:15 206.247.233.148 → 1.1.1.1: TXT? junk.data.net
203.0.113.12 - - [25/Apr/2025:16:52:15 ] "PUT /twadloiqpf HTTP/1.1" 401 1382 "https://www.reddit.com/" "curl/7.68.0"
192.168.1.1 - - [25/Apr/2025:16:52:29 ] "OPTIONS /login HTTP/2.0" 302 3687 "https://index.hu/" "curl/7.68.0"
2025-04-25T16:52:33 197.134.115.147 → 1.0.0.1: PTR? tracker.site.net
2025-04-25T16:52:35 205.141.8.88 → 185.228.168.9: AAAA? https://www.reddit.com/
172.16.0.5 - - [25/Apr/2025:16:52:36 ] "POST /kodlvecjkt HTTP/1.1" 500 286 "https://ctfd.nki.gov.hu/" "PostmanRuntime/7.32.2"
2025-04-25T16:52:51 203.142.178.15 → 1.0.0.1: A? ads.doubleclick.net
172.16.0.5 - - [25/Apr/2025:16:52:56 ] "PUT /login HTTP/1.1" 502 472 "https://gchq.github.io/" "PostmanRuntime/7.32.2"
2025-04-25T16:52:58 213.111.73.213 → 9.9.9.9: SOA? https://x.com/
172.67.182.147 - - [25/Apr/2025:16:53:00 ] "PUT /login HTTP/1.1" 404 1594 "https://x.com/" "Mozilla/5.0 (Windows NT 10.0; Win64; x64) Chrome/112.0.0.0"
2025-04-25T16:53:06 208.127.95.16 → 185.228.168.9: SOA? metrics.analytics.co
192.168.1.1 - - [25/Apr/2025:16:53:10 ] "GET /login HTTP/2.0" 302 221 "https://news.ycombinator.com/" "PostmanRuntime/7.32.2"
104.16.132.229 - - [25/Apr/2025:16:53:18 ] "POST /index.html HTTP/1.1" 404 1840 "https://stackoverflow.com" "PostmanRuntime/7.32.2"
172.67.182.147 - - [25/Apr/2025:16:53:21 ] "GET /images/logo.png HTTP/1.1" 302 779 "https://x.com/" "PostmanRuntime/7.32.2"
192.0.2.99 - - [25/Apr/2025:16:53:34 ] "GET /index.html HTTP/1.1" 503 3906 "https://facebook.com/" "Mozilla/5.0 (Windows NT 10.0; Win64; x64) Chrome/112.0.0.0"
2025-04-25T16:53:40 217.231.239.220 → 1.1.1.1: PTR? https://stackoverflow.com
192.168.1.1 - - [25/Apr/2025:16:53:53 ] "POST / HTTP/2.0" 502 3876 "https://news.ycombinator.com/" "PostmanRuntime/7.32.2"
2025-04-25T16:53:54 208.155.80.206 → 208.67.222.222: MX? https://ctfd.nki.gov.hu/
2025-04-25T16:53:54 204.80.36.119 → 1.0.0.1: PTR? mail.google.com
104.16.132.229 - - [25/Apr/2025:16:54:11 ] "PUT / HTTP/2.0" 403 1725 "https://x.com/" "curl/7.68.0"
2025-04-25T16:54:14 196.85.93.250 → 9.9.9.9: NS? https://news.ycombinator.com/
172.16.0.5 - - [25/Apr/2025:16:54:22 ] "POST /zopsmkkc HTTP/2.0" 503 774 "https://stackoverflow.com" "PostmanRuntime/7.32.2"
198.51.100.34 - - [25/Apr/2025:16:54:26 ] "DELETE /wrkko HTTP/2.0" 301 3385 "https://x.com/" "curl/7.68.0"
198.51.100.34 - - [25/Apr/2025:16:54:32 ] "OPTIONS /login HTTP/2.0" 502 892 "https://x.com/" "Mozilla/5.0 (Windows NT 10.0; Win64; x64) Chrome/112.0.0.0"
198.51.100.34 - - [25/Apr/2025:16:54:41 ] "HEAD /login HTTP/2.0" 200 4634 "https://wikipedia.org" "PostmanRuntime/7.32.2"
2025-04-25T16:54:42 208.93.60.156 → 208.67.222.222: A? pixel.tracking.net
2025-04-25T16:54:45 208.244.115.213 → 9.9.9.9: CNAME? pixel.tracking.net
2025-04-25T16:54:50 201.53.205.59 → 208.67.222.222: CNAME? https://x.com/
192.0.2.99 - - [25/Apr/2025:16:55:01 ] "GET /index.html HTTP/1.1" 301 672 "https://news.ycombinator.com/" "Mozilla/5.0 (Macintosh; Intel Mac OS X 10_15_7) Safari/605.1.15"
192.168.1.1 - - [25/Apr/2025:16:55:16 ] "PUT /api/data HTTP/1.1" 502 1740 "https://ctfd.nki.gov.hu/" "PostmanRuntime/7.32.2"
172.67.182.147 - - [25/Apr/2025:16:55:16 ] "HEAD /api/data HTTP/2.0" 302 2347 "https://wikipedia.org" "Mozilla/5.0 (Windows NT 10.0; Win64; x64) Chrome/112.0.0.0"
172.67.182.147 - - [25/Apr/2025:16:55:16 ] "PUT /login HTTP/1.1" 200 2311 "https://facebook.com/" "curl/7.68.0"
2025-04-25T16:55:18 199.138.117.231 → 77.88.8.8: A? pixel.tracking.net
2025-04-25T16:55:26 198.75.133.63 → 1.0.0.1: MX? metrics.analytics.co
203.0.113.12 - - [25/Apr/2025:16:55:27 ] "OPTIONS /yfjqln HTTP/1.1" 404 1082 "-" "PostmanRuntime/7.32.2"
2025-04-25T16:55:29 217.219.38.230 → 1.0.0.1: PTR? ads.tracker.net
2025-04-25T16:55:30 200.154.173.105 → 1.0.0.1: TXT? metrics.analytics.co
2025-04-25T16:55:35 218.246.81.214 → 77.88.8.8: SOA? junk.data.net
104.16.132.229 - - [25/Apr/2025:16:55:47 ] "DELETE / HTTP/1.1" 302 2110 "https://index.hu/" "Mozilla/5.0 (Windows NT 10.0; Win64; x64) Chrome/112.0.0.0"
2025-04-25T16:55:51 212.121.83.226 → 8.8.8.8: TXT? https://ctfd.nki.gov.hu/
2025-04-25T16:56:00 211.121.77.73 → 208.67.222.222: NS? https://chatgpt.com/
