104.16.132.229 - - [25/Apr/2025:17:36:32 ] "POST /login HTTP/1.1" 403 4377 "https://facebook.com/" "Mozilla/5.0 (Macintosh; Intel Mac OS X 10_15_7) Safari/605.1.15"
203.0.113.12 - - [25/Apr/2025:17:36:43 ] "POST /index.html HTTP/2.0" 403 4824 "https://news.ycombinator.com/" "Mozilla/5.0 (Macintosh; Intel Mac OS X 10_15_7) Safari/605.1.15"
2025-04-25T17:36:54 215.116.86.235 → 208.67.222.222: CNAME? api.cloudflare.com
203.0.113.12 - - [25/Apr/2025:17:36:56 ] "GET / HTTP/2.0" 404 3202 "https://chatgpt.com/" "Mozilla/5.0 (Windows NT 10.0; Win64; x64) Chrome/112.0.0.0"
192.0.2.99 - - [25/Apr/2025:17:37:02 ] "GET /login HTTP/2.0" 404 809 "https://ctfd.nki.gov.hu/" "PostmanRuntime/7.32.2"
172.67.182.147 - - [25/Apr/2025:17:37:03 ] "HEAD /lmtmxoyzv HTTP/2.0" 503 4746 "https://index.hu/" "curl/7.68.0"
10.0.0.2 - - [25/Apr/2025:17:37:04 ] "PUT /index.html HTTP/1.1" 400 3382 "https://news.ycombinator.com/" "Mozilla/5.0 (Windows NT 10.0; Win64; x64) Chrome/112.0.0.0"
203.0.113.12 - - [25/Apr/2025:17:37:10 ] "HEAD /uvwzcgctphfy HTTP/2.0" 200 795 "https://chatgpt.com/" "curl/7.68.0"
192.168.1.1 - - [25/Apr/2025:17:37:30 ] "POST /login HTTP/2.0" 503 808 "https://wikipedia.org" "curl/7.68.0"
2025-04-25T17:37:33 219.69.15.28 → 8.8.4.4: NS? update.check.software
104.16.132.229 - - [25/Apr/2025:17:37:47 ] "OPTIONS /impzhpconnab HTTP/2.0" 500 1885 "-" "Mozilla/5.0 (Macintosh; Intel Mac OS X 10_15_7) Safari/605.1.15"
2025-04-25T17:37:51 211.149.242.22 → 9.9.9.9: CNAME? https://ctfd.nki.gov.hu/
10.0.0.2 - - [25/Apr/2025:17:37:59 ] "GET /login HTTP/1.1" 401 4913 "https://www.reddit.com/" "curl/7.68.0"
172.16.0.5 - - [25/Apr/2025:17:38:05 ] "GET /login HTTP/1.1" 403 4952 "https://www.reddit.com/" "Mozilla/5.0 (Macintosh; Intel Mac OS X 10_15_7) Safari/605.1.15"
172.16.0.5 - - [25/Apr/2025:17:38:14 ] "HEAD /cycdme HTTP/1.1" 500 3587 "https://x.com/" "curl/7.68.0"
203.0.113.12 - - [25/Apr/2025:17:38:30 ] "HEAD /login HTTP/2.0" 301 4265 "https://x.com/" "curl/7.68.0"
2025-04-25T17:38:32 208.133.197.35 → 77.88.8.8: NS? cHJvdG9udnBz.gov.hu
172.16.0.5 - - [25/Apr/2025:17:38:38 ] "GET /images/logo.png HTTP/1.1" 302 2829 "https://www.reddit.com/" "PostmanRuntime/7.32.2"
2025-04-25T17:38:50 199.75.72.127 → 185.228.168.9: SOA? junk.data.net
2025-04-25T17:38:54 193.54.21.140 → 1.1.1.1: MX? update.check.software
10.0.0.2 - - [25/Apr/2025:17:38:54 ] "GET /api/data HTTP/1.1" 401 259 "https://stackoverflow.com" "curl/7.68.0"
10.0.0.2 - - [25/Apr/2025:17:39:10 ] "PUT / HTTP/2.0" 500 3691 "https://wikipedia.org" "Mozilla/5.0 (Windows NT 10.0; Win64; x64) Chrome/112.0.0.0"
10.0.0.2 - - [25/Apr/2025:17:39:30 ] "DELETE /login HTTP/1.1" 403 1558 "https://gchq.github.io/" "PostmanRuntime/7.32.2"
2025-04-25T17:39:39 195.117.115.149 → 9.9.9.9: AAAA? https://news.ycombinator.com/
2025-04-25T17:39:40 214.158.21.171 → 8.8.8.8: NS? update.check.software
192.0.2.99 - - [25/Apr/2025:17:39:42 ] "GET /isakh HTTP/1.1" 500 4323 "https://wikipedia.org" "PostmanRuntime/7.32.2"
172.16.0.5 - - [25/Apr/2025:17:40:01 ] "POST /rtfdvfs HTTP/1.1" 503 3272 "https://stackoverflow.com" "Mozilla/5.0 (Macintosh; Intel Mac OS X 10_15_7) Safari/605.1.15"
104.16.132.229 - - [25/Apr/2025:17:40:04 ] "HEAD /qtojrj HTTP/2.0" 401 2782 "https://x.com/" "Mozilla/5.0 (Windows NT 10.0; Win64; x64) Chrome/112.0.0.0"
2025-04-25T17:40:10 207.211.15.173 → 8.8.8.8: A? random.subdomain.example.com
172.16.0.5 - - [25/Apr/2025:17:40:18 ] "GET /index.html HTTP/1.1" 403 1797 "https://ctfd.nki.gov.hu/" "PostmanRuntime/7.32.2"
198.51.100.34 - - [25/Apr/2025:17:40:18 ] "POST /tazvdfexpmuo HTTP/2.0" 200 3127 "https://stackoverflow.com" "curl/7.68.0"
172.16.0.5 - - [25/Apr/2025:17:40:27 ] "GET /uyaiypwsg HTTP/1.1" 404 1190 "https://ctfd.nki.gov.hu/" "PostmanRuntime/7.32.2"
2025-04-25T17:40:34 220.116.97.72 → 77.88.8.8: MX? junk.data.net
203.0.113.12 - - [25/Apr/2025:17:40:44 ] "OPTIONS /qysdckzxzzn HTTP/2.0" 400 1865 "https://news.ycombinator.com/" "curl/7.68.0"
2025-04-25T17:40:50 220.128.182.214 → 1.0.0.1: A? cHJvdG9udnBz.gov.hu
198.51.100.34 - - [25/Apr/2025:17:41:04 ] "HEAD /uvcfrkkjy HTTP/1.1" 401 4443 "https://www.google.com/" "Mozilla/5.0 (Macintosh; Intel Mac OS X 10_15_7) Safari/605.1.15"
203.0.113.12 - - [25/Apr/2025:17:41:07 ] "HEAD /login HTTP/2.0" 302 2387 "https://facebook.com/" "PostmanRuntime/7.32.2"
172.16.0.5 - - [25/Apr/2025:17:41:14 ] "DELETE /index.html HTTP/2.0" 302 632 "https://wikipedia.org" "Mozilla/5.0 (Windows NT 10.0; Win64; x64) Chrome/112.0.0.0"
2025-04-25T17:41:18 211.47.110.71 → 9.9.9.9: CNAME? metrics.analytics.co
2025-04-25T17:41:22 222.151.213.80 → 77.88.8.8: CNAME? https://www.google.com/
203.0.113.12 - - [25/Apr/2025:17:41:31 ] "OPTIONS /zlaxysw HTTP/2.0" 404 3721 "-" "PostmanRuntime/7.32.2"
192.0.2.99 - - [25/Apr/2025:17:41:50 ] "GET /dtktihwr HTTP/1.1" 404 2208 "https://stackoverflow.com" "Mozilla/5.0 (Macintosh; Intel Mac OS X 10_15_7) Safari/605.1.15"
2025-04-25T17:41:54 207.130.168.177 → 208.67.222.222: NS? https://x.com/
172.67.182.147 - - [25/Apr/2025:17:42:09 ] "OPTIONS /login HTTP/2.0" 500 1240 "https://stackoverflow.com" "PostmanRuntime/7.32.2"
192.168.1.1 - - [25/Apr/2025:17:42:20 ] "GET /images/logo.png HTTP/2.0" 503 576 "https://www.google.com/" "PostmanRuntime/7.32.2"
2025-04-25T17:42:23 220.46.123.108 → 8.8.4.4: AAAA? https://facebook.com/
198.51.100.34 - - [25/Apr/2025:17:42:31 ] "DELETE /images/logo.png HTTP/2.0" 401 2280 "-" "Mozilla/5.0 (Macintosh; Intel Mac OS X 10_15_7) Safari/605.1.15"
198.51.100.34 - - [25/Apr/2025:17:42:31 ] "HEAD /lizoicyddzzf HTTP/2.0" 401 3679 "https://gchq.github.io/" "PostmanRuntime/7.32.2"
172.67.182.147 - - [25/Apr/2025:17:42:44 ] "OPTIONS /api/data HTTP/1.1" 503 2914 "-" "curl/7.68.0"
172.16.0.5 - - [25/Apr/2025:17:42:51 ] "POST /images/logo.png HTTP/2.0" 403 1560 "https://news.ycombinator.com/" "curl/7.68.0"
104.16.132.229 - - [25/Apr/2025:17:43:05 ] "HEAD /abbvzmrilmdo HTTP/1.1" 502 776 "https://x.com/" "PostmanRuntime/7.32.2"
2025-04-25T17:43:10 209.159.80.71 → 208.67.222.222: MX? update.check.software
2025-04-25T17:43:20 211.167.145.203 → 8.8.8.8: MX? tracker.site.net
2025-04-25T17:43:22 205.127.19.93 → 1.1.1.1: TXT? noise.testdomain.org
172.16.0.5 - - [25/Apr/2025:17:43:22 ] "GET /login HTTP/2.0" 301 2559 "https://www.google.com/" "PostmanRuntime/7.32.2"
172.16.0.5 - - [25/Apr/2025:17:43:27 ] "PUT /images/logo.png HTTP/1.1" 302 4552 "https://www.google.com/" "Mozilla/5.0 (Windows NT 10.0; Win64; x64) Chrome/112.0.0.0"
2025-04-25T17:43:42 218.217.121.67 → 185.228.168.9: AAAA? random.subdomain.example.com
192.0.2.99 - - [25/Apr/2025:17:43:44 ] "DELETE /images/logo.png HTTP/2.0" 200 3381 "https://ctfd.nki.gov.hu/" "PostmanRuntime/7.32.2"
2025-04-25T17:43:50 210.173.148.181 → 8.8.4.4: TXT? https://www.reddit.com/
2025-04-25T17:43:51 208.117.217.16 → 8.8.8.8: CNAME? noise.testdomain.org
203.0.113.12 - - [25/Apr/2025:17:43:56 ] "POST /index.html HTTP/2.0" 302 4070 "https://index.hu/" "Mozilla/5.0 (Windows NT 10.0; Win64; x64) Chrome/112.0.0.0"
192.0.2.99 - - [25/Apr/2025:17:44:02 ] "POST /index.html HTTP/1.1" 400 3426 "-" "Mozilla/5.0 (Windows NT 10.0; Win64; x64) Chrome/112.0.0.0"
172.67.182.147 - - [25/Apr/2025:17:44:12 ] "GET / HTTP/1.1" 503 3007 "https://chatgpt.com/" "Mozilla/5.0 (Macintosh; Intel Mac OS X 10_15_7) Safari/605.1.15"
10.0.0.2 - - [25/Apr/2025:17:44:20 ] "POST /tauwskx HTTP/2.0" 404 3629 "https://facebook.com/" "PostmanRuntime/7.32.2"
192.0.2.99 - - [25/Apr/2025:17:44:39 ] "OPTIONS / HTTP/1.1" 302 2677 "https://gchq.github.io/" "curl/7.68.0"
10.0.0.2 - - [25/Apr/2025:17:44:59 ] "HEAD / HTTP/2.0" 200 2931 "https://chatgpt.com/" "PostmanRuntime/7.32.2"
172.67.182.147 - - [25/Apr/2025:17:45:16 ] "GET /whgggfpsockh HTTP/1.1" 301 3354 "https://www.reddit.com/" "curl/7.68.0"
2025-04-25T17:45:21 195.195.184.217 → 8.8.8.8: NS? https://news.ycombinator.com/
198.51.100.34 - - [25/Apr/2025:17:45:22 ] "DELETE /api/data HTTP/1.1" 500 2342 "https://stackoverflow.com" "Mozilla/5.0 (Macintosh; Intel Mac OS X 10_15_7) Safari/605.1.15"
2025-04-25T17:45:30 214.72.31.214 → 77.88.8.8: MX? tracker.site.net
172.16.0.5 - - [25/Apr/2025:17:45:32 ] "OPTIONS /api/data HTTP/1.1" 502 1866 "https://facebook.com/" "Mozilla/5.0 (Macintosh; Intel Mac OS X 10_15_7) Safari/605.1.15"
2025-04-25T17:45:38 192.241.227.227 → 185.228.168.9: MX? https://wikipedia.org
2025-04-25T17:45:39 218.41.149.105 → 9.9.9.9: MX? https://www.google.com/
104.16.132.229 - - [25/Apr/2025:17:45:40 ] "POST /index.html HTTP/2.0" 500 3883 "https://facebook.com/" "Mozilla/5.0 (Macintosh; Intel Mac OS X 10_15_7) Safari/605.1.15"
203.0.113.12 - - [25/Apr/2025:17:45:48 ] "OPTIONS /images/logo.png HTTP/1.1" 500 4362 "-" "PostmanRuntime/7.32.2"
172.16.0.5 - - [25/Apr/2025:17:45:51 ] "OPTIONS /api/data HTTP/1.1" 500 4864 "https://chatgpt.com/" "Mozilla/5.0 (Windows NT 10.0; Win64; x64) Chrome/112.0.0.0"
172.16.0.5 - - [25/Apr/2025:17:45:59 ] "POST /index.html HTTP/1.1" 500 4340 "https://x.com/" "curl/7.68.0"
2025-04-25T17:46:00 205.161.2.60 → 8.8.4.4: A? api.cloudflare.com
2025-04-25T17:46:00 204.242.47.1 → 208.67.222.222: PTR? ads.tracker.net
192.0.2.99 - - [25/Apr/2025:17:46:03 ] "DELETE /bagnegzvo HTTP/1.1" 200 4278 "https://index.hu/" "PostmanRuntime/7.32.2"
172.16.0.5 - - [25/Apr/2025:17:46:03 ] "HEAD /adutvtxt HTTP/2.0" 401 189 "https://stackoverflow.com" "Mozilla/5.0 (Macintosh; Intel Mac OS X 10_15_7) Safari/605.1.15"
172.67.182.147 - - [25/Apr/2025:17:46:06 ] "PUT /crhmhu HTTP/1.1" 500 831 "-" "Mozilla/5.0 (Windows NT 10.0; Win64; x64) Chrome/112.0.0.0"
10.0.0.2 - - [25/Apr/2025:17:46:21 ] "GET /kqjwz HTTP/1.1" 400 3761 "https://gchq.github.io/" "PostmanRuntime/7.32.2"
172.67.182.147 - - [25/Apr/2025:17:46:32 ] "HEAD /index.html HTTP/1.1" 500 3802 "https://facebook.com/" "curl/7.68.0"
203.0.113.12 - - [25/Apr/2025:17:46:32 ] "GET /ddfwvcsci HTTP/1.1" 302 741 "https://gchq.github.io/" "PostmanRuntime/7.32.2"
172.67.182.147 - - [25/Apr/2025:17:46:39 ] "GET / HTTP/2.0" 500 1937 "https://gchq.github.io/" "PostmanRuntime/7.32.2"
172.16.0.5 - - [25/Apr/2025:17:46:57 ] "OPTIONS /index.html HTTP/2.0" 200 2974 "https://ctfd.nki.gov.hu/" "PostmanRuntime/7.32.2"
2025-04-25T17:47:10 223.165.149.9 → 77.88.8.8: TXT? junk.data.net
198.51.100.34 - - [25/Apr/2025:17:47:12 ] "PUT /api/data HTTP/1.1" 301 2443 "https://facebook.com/" "PostmanRuntime/7.32.2"
203.0.113.12 - - [25/Apr/2025:17:47:17 ] "DELETE /dfaxvhgxyco HTTP/1.1" 401 4817 "https://facebook.com/" "PostmanRuntime/7.32.2"
2025-04-25T17:47:18 196.237.146.97 → 1.1.1.1: A? pixel.tracking.net
10.0.0.2 - - [25/Apr/2025:17:47:27 ] "GET / HTTP/2.0" 301 3643 "https://x.com/" "Mozilla/5.0 (Windows NT 10.0; Win64; x64) Chrome/112.0.0.0"
2025-04-25T17:47:30 206.186.140.42 → 8.8.4.4: MX? junk.data.net
192.0.2.99 - - [25/Apr/2025:17:47:33 ] "GET /kskqppwhgt HTTP/1.1" 400 2967 "https://stackoverflow.com" "PostmanRuntime/7.32.2"
2025-04-25T17:47:36 213.5.35.56 → 1.0.0.1: PTR? https://x.com/
198.51.100.34 - - [25/Apr/2025:17:47:50 ] "POST /index.html HTTP/2.0" 502 3986 "https://www.google.com/" "Mozilla/5.0 (Macintosh; Intel Mac OS X 10_15_7) Safari/605.1.15"
172.16.0.5 - - [25/Apr/2025:17:47:51 ] "POST /login HTTP/2.0" 500 185 "https://chatgpt.com/" "curl/7.68.0"
10.0.0.2 - - [25/Apr/2025:17:47:56 ] "DELETE /index.html HTTP/2.0" 404 3740 "https://ctfd.nki.gov.hu/" "Mozilla/5.0 (Windows NT 10.0; Win64; x64) Chrome/112.0.0.0"
2025-04-25T17:48:10 204.22.11.68 → 8.8.8.8: SOA? junk.data.net
192.168.1.1 - - [25/Apr/2025:17:48:13 ] "OPTIONS /login HTTP/2.0" 404 636 "https://chatgpt.com/" "PostmanRuntime/7.32.2"
172.16.0.5 - - [25/Apr/2025:17:48:18 ] "PUT /index.html HTTP/1.1" 500 1969 "https://x.com/" "Mozilla/5.0 (Macintosh; Intel Mac OS X 10_15_7) Safari/605.1.15"
2025-04-25T17:48:20 221.74.109.131 → 77.88.8.8: SOA? random.subdomain.example.com
2025-04-25T17:48:26 204.243.80.99 → 9.9.9.9: CNAME? https://gchq.github.io/
2025-04-25T17:48:30 216.132.201.81 → 208.67.222.222: SOA? https://facebook.com/
172.67.182.147 - - [25/Apr/2025:17:48:32 ] "PUT /login HTTP/2.0" 503 4974 "-" "curl/7.68.0"
2025-04-25T17:48:34 208.77.150.132 → 1.0.0.1: SOA? tracker.site.net
172.16.0.5 - - [25/Apr/2025:17:48:34 ] "GET /index.html HTTP/2.0" 200 4121 "https://chatgpt.com/" "curl/7.68.0"
172.16.0.5 - - [25/Apr/2025:17:48:36 ] "HEAD /api/data HTTP/1.1" 502 4298 "https://www.reddit.com/" "Mozilla/5.0 (Macintosh; Intel Mac OS X 10_15_7) Safari/605.1.15"
198.51.100.34 - - [25/Apr/2025:17:48:40 ] "DELETE / HTTP/2.0" 503 4238 "https://stackoverflow.com" "Mozilla/5.0 (Windows NT 10.0; Win64; x64) Chrome/112.0.0.0"
2025-04-25T17:48:48 192.62.174.201 → 185.228.168.9: MX? https://ctfd.nki.gov.hu/
10.0.0.2 - - [25/Apr/2025:17:48:56 ] "DELETE / HTTP/1.1" 301 3807 "https://news.ycombinator.com/" "Mozilla/5.0 (Macintosh; Intel Mac OS X 10_15_7) Safari/605.1.15"
192.168.1.1 - - [25/Apr/2025:17:49:00 ] "HEAD /hdmonltlrr HTTP/1.1" 200 1154 "https://index.hu/" "Mozilla/5.0 (Macintosh; Intel Mac OS X 10_15_7) Safari/605.1.15"
2025-04-25T17:49:06 198.43.31.217 → 77.88.8.8: PTR? metrics.analytics.co
10.0.0.2 - - [25/Apr/2025:17:49:11 ] "DELETE /yfdvizbjp HTTP/2.0" 302 3210 "https://ctfd.nki.gov.hu/" "curl/7.68.0"
203.0.113.12 - - [25/Apr/2025:17:49:23 ] "DELETE /images/logo.png HTTP/1.1" 502 1791 "https://x.com/" "Mozilla/5.0 (Windows NT 10.0; Win64; x64) Chrome/112.0.0.0"
203.0.113.12 - - [25/Apr/2025:17:49:32 ] "GET /index.html HTTP/1.1" 502 920 "https://www.reddit.com/" "Mozilla/5.0 (Windows NT 10.0; Win64; x64) Chrome/112.0.0.0"
104.16.132.229 - - [25/Apr/2025:17:49:44 ] "OPTIONS /index.html HTTP/2.0" 400 2528 "-" "PostmanRuntime/7.32.2"
2025-04-25T17:49:51 194.89.85.173 → 1.0.0.1: NS? https://stackoverflow.com
203.0.113.12 - - [25/Apr/2025:17:49:52 ] "OPTIONS /btscvtzumrqq HTTP/1.1" 400 1474 "-" "PostmanRuntime/7.32.2"
192.168.1.1 - - [25/Apr/2025:17:50:03 ] "HEAD /images/logo.png HTTP/1.1" 301 3299 "https://stackoverflow.com" "PostmanRuntime/7.32.2"
172.67.182.147 - - [25/Apr/2025:17:50:17 ] "PUT /images/logo.png HTTP/1.1" 503 1775 "https://gchq.github.io/" "Mozilla/5.0 (Windows NT 10.0; Win64; x64) Chrome/112.0.0.0"
192.168.1.1 - - [25/Apr/2025:17:50:22 ] "PUT /mfxoaz HTTP/2.0" 302 3517 "https://chatgpt.com/" "Mozilla/5.0 (Macintosh; Intel Mac OS X 10_15_7) Safari/605.1.15"
172.16.0.5 - - [25/Apr/2025:17:50:31 ] "POST /fobgzppkuie HTTP/1.1" 403 3381 "https://stackoverflow.com" "PostmanRuntime/7.32.2"
203.0.113.12 - - [25/Apr/2025:17:50:41 ] "DELETE /login HTTP/2.0" 502 1376 "https://wikipedia.org" "Mozilla/5.0 (Windows NT 10.0; Win64; x64) Chrome/112.0.0.0"
2025-04-25T17:50:54 217.233.56.231 → 208.67.222.222: MX? https://facebook.com/
104.16.132.229 - - [25/Apr/2025:17:51:01 ] "HEAD /index.html HTTP/2.0" 500 1676 "https://news.ycombinator.com/" "curl/7.68.0"
172.67.182.147 - - [25/Apr/2025:17:51:14 ] "DELETE /api/data HTTP/1.1" 302 2780 "https://stackoverflow.com" "Mozilla/5.0 (Macintosh; Intel Mac OS X 10_15_7) Safari/605.1.15"
192.168.1.1 - - [25/Apr/2025:17:51:14 ] "POST / HTTP/2.0" 404 4111 "https://x.com/" "Mozilla/5.0 (Macintosh; Intel Mac OS X 10_15_7) Safari/605.1.15"
172.67.182.147 - - [25/Apr/2025:17:51:14 ] "HEAD /login HTTP/1.1" 200 4189 "https://x.com/" "Mozilla/5.0 (Macintosh; Intel Mac OS X 10_15_7) Safari/605.1.15"
198.51.100.34 - - [25/Apr/2025:17:51:15 ] "GET /wzllz HTTP/2.0" 301 2173 "https://gchq.github.io/" "Mozilla/5.0 (Windows NT 10.0; Win64; x64) Chrome/112.0.0.0"
104.16.132.229 - - [25/Apr/2025:17:51:25 ] "HEAD /sirwud HTTP/1.1" 301 4073 "https://www.reddit.com/" "PostmanRuntime/7.32.2"
2025-04-25T17:51:30 211.118.19.241 → 9.9.9.9: MX? https://chatgpt.com/
2025-04-25T17:51:30 210.236.41.27 → 77.88.8.8: AAAA? https://gchq.github.io/
2025-04-25T17:51:30 213.116.45.82 → 1.1.1.1: PTR? https://chatgpt.com/
2025-04-25T17:51:36 215.195.236.23 → 9.9.9.9: AAAA? https://chatgpt.com/
10.0.0.2 - - [25/Apr/2025:17:51:42 ] "GET /cluhbmbtdqj HTTP/1.1" 403 1103 "https://index.hu/" "Mozilla/5.0 (Windows NT 10.0; Win64; x64) Chrome/112.0.0.0"
2025-04-25T17:51:43 223.223.191.46 → 1.1.1.1: PTR? pixel.tracking.net
192.0.2.99 - - [25/Apr/2025:17:52:00 ] "PUT /api/data HTTP/1.1" 503 546 "https://x.com/" "PostmanRuntime/7.32.2"
104.16.132.229 - - [25/Apr/2025:17:52:06 ] "HEAD /login HTTP/2.0" 502 437 "https://stackoverflow.com" "Mozilla/5.0 (Windows NT 10.0; Win64; x64) Chrome/112.0.0.0"
2025-04-25T17:52:10 222.162.87.43 → 77.88.8.8: AAAA? tracker.site.net
192.0.2.99 - - [25/Apr/2025:17:52:16 ] "DELETE /login HTTP/2.0" 301 2286 "https://www.reddit.com/" "Mozilla/5.0 (Windows NT 10.0; Win64; x64) Chrome/112.0.0.0"
2025-04-25T17:52:32 220.19.14.186 → 9.9.9.9: MX? ads.tracker.net
104.16.132.229 - - [25/Apr/2025:17:52:35 ] "HEAD /login HTTP/1.1" 302 802 "https://ctfd.nki.gov.hu/" "Mozilla/5.0 (Macintosh; Intel Mac OS X 10_15_7) Safari/605.1.15"
172.16.0.5 - - [25/Apr/2025:17:52:46 ] "POST /images/logo.png HTTP/2.0" 403 4794 "https://index.hu/" "PostmanRuntime/7.32.2"
198.51.100.34 - - [25/Apr/2025:17:52:50 ] "PUT / HTTP/2.0" 200 3726 "https://facebook.com/" "Mozilla/5.0 (Macintosh; Intel Mac OS X 10_15_7) Safari/605.1.15"
203.0.113.12 - - [25/Apr/2025:17:53:01 ] "PUT /api/data HTTP/1.1" 301 880 "https://news.ycombinator.com/" "Mozilla/5.0 (Macintosh; Intel Mac OS X 10_15_7) Safari/605.1.15"
2025-04-25T17:53:07 223.124.191.22 → 9.9.9.9: PTR? https://facebook.com/
172.16.0.5 - - [25/Apr/2025:17:53:08 ] "OPTIONS /api/data HTTP/2.0" 403 2608 "https://www.google.com/" "curl/7.68.0"
192.0.2.99 - - [25/Apr/2025:17:53:10 ] "POST /api/data HTTP/2.0" 404 854 "https://stackoverflow.com" "Mozilla/5.0 (Macintosh; Intel Mac OS X 10_15_7) Safari/605.1.15"
192.168.1.1 - - [25/Apr/2025:17:53:16 ] "OPTIONS /fkimprsuhm HTTP/2.0" 400 375 "https://ctfd.nki.gov.hu/" "curl/7.68.0"
2025-04-25T17:53:20 209.157.88.233 → 208.67.222.222: A? pixel.tracking.net
104.16.132.229 - - [25/Apr/2025:17:53:24 ] "GET /api/data HTTP/2.0" 401 792 "https://wikipedia.org" "PostmanRuntime/7.32.2"
192.0.2.99 - - [25/Apr/2025:17:53:41 ] "DELETE /vokia HTTP/1.1" 401 310 "https://index.hu/" "PostmanRuntime/7.32.2"
192.0.2.99 - - [25/Apr/2025:17:53:41 ] "POST /csdepivmdxs HTTP/1.1" 400 1969 "https://www.google.com/" "PostmanRuntime/7.32.2"
172.16.0.5 - - [25/Apr/2025:17:53:47 ] "DELETE /ntxdqmqglv HTTP/1.1" 503 4686 "https://www.reddit.com/" "Mozilla/5.0 (Windows NT 10.0; Win64; x64) Chrome/112.0.0.0"
192.168.1.1 - - [25/Apr/2025:17:53:50 ] "DELETE /login HTTP/1.1" 401 4391 "https://chatgpt.com/" "Mozilla/5.0 (Macintosh; Intel Mac OS X 10_15_7) Safari/605.1.15"
192.168.1.1 - - [25/Apr/2025:17:53:58 ] "DELETE / HTTP/1.1" 400 1714 "https://facebook.com/" "PostmanRuntime/7.32.2"
172.67.182.147 - - [25/Apr/2025:17:54:05 ] "HEAD /jpmtydtvxlwf HTTP/1.1" 403 4524 "https://ctfd.nki.gov.hu/" "PostmanRuntime/7.32.2"
198.51.100.34 - - [25/Apr/2025:17:54:21 ] "POST /api/data HTTP/1.1" 301 4458 "https://ctfd.nki.gov.hu/" "curl/7.68.0"
104.16.132.229 - - [25/Apr/2025:17:54:31 ] "OPTIONS /images/logo.png HTTP/2.0" 404 2029 "-" "Mozilla/5.0 (Windows NT 10.0; Win64; x64) Chrome/112.0.0.0"
2025-04-25T17:54:39 197.102.30.100 → 185.228.168.9: A? random.subdomain.example.com
172.67.182.147 - - [25/Apr/2025:17:54:47 ] "POST /xpgmkvojp HTTP/2.0" 302 493 "https://www.reddit.com/" "Mozilla/5.0 (Macintosh; Intel Mac OS X 10_15_7) Safari/605.1.15"
2025-04-25T17:54:57 222.102.24.202 → 1.1.1.1: AAAA? junk.data.net
192.168.1.1 - - [25/Apr/2025:17:55:06 ] "PUT /index.html HTTP/2.0" 403 2099 "https://x.com/" "curl/7.68.0"
2025-04-25T17:55:10 199.234.101.203 → 77.88.8.8: PTR? https://gchq.github.io/
172.67.182.147 - - [25/Apr/2025:17:55:12 ] "POST /xzxessauq HTTP/2.0" 500 605 "https://www.reddit.com/" "curl/7.68.0"
172.67.182.147 - - [25/Apr/2025:17:55:25 ] "PUT /index.html HTTP/2.0" 503 1133 "https://www.reddit.com/" "PostmanRuntime/7.32.2"
172.67.182.147 - - [25/Apr/2025:17:55:34 ] "POST /index.html HTTP/2.0" 401 4889 "https://wikipedia.org" "PostmanRuntime/7.32.2"
172.67.182.147 - - [25/Apr/2025:17:55:53 ] "HEAD / HTTP/2.0" 404 1838 "-" "Mozilla/5.0 (Windows NT 10.0; Win64; x64) Chrome/112.0.0.0"
10.0.0.2 - - [25/Apr/2025:17:55:54 ] "OPTIONS /adimvgdr HTTP/1.1" 401 1968 "https://chatgpt.com/" "Mozilla/5.0 (Windows NT 10.0; Win64; x64) Chrome/112.0.0.0"
104.16.132.229 - - [25/Apr/2025:17:55:54 ] "HEAD /images/logo.png HTTP/2.0" 401 1522 "https://ctfd.nki.gov.hu/" "Mozilla/5.0 (Macintosh; Intel Mac OS X 10_15_7) Safari/605.1.15"
104.16.132.229 - - [25/Apr/2025:17:55:55 ] "HEAD /api/data HTTP/1.1" 500 2912 "-" "curl/7.68.0"
203.0.113.12 - - [25/Apr/2025:17:55:59 ] "PUT /hfqykhpjd HTTP/1.1" 400 4265 "https://gchq.github.io/" "PostmanRuntime/7.32.2"
2025-04-25T17:56:00 210.125.209.215 → 1.0.0.1: A? update.check.software
192.168.1.1 - - [25/Apr/2025:17:56:06 ] "GET /images/logo.png HTTP/2.0" 403 2714 "https://index.hu/" "PostmanRuntime/7.32.2"
172.16.0.5 - - [25/Apr/2025:17:56:06 ] "POST /login HTTP/2.0" 401 2054 "https://facebook.com/" "Mozilla/5.0 (Windows NT 10.0; Win64; x64) Chrome/112.0.0.0"
2025-04-25T17:56:09 214.49.193.22 → 185.228.168.9: PTR? https://ctfd.nki.gov.hu/
172.16.0.5 - - [25/Apr/2025:17:56:13 ] "OPTIONS /emaldhqfyuwp HTTP/1.1" 200 4590 "https://ctfd.nki.gov.hu/" "Mozilla/5.0 (Windows NT 10.0; Win64; x64) Chrome/112.0.0.0"
192.0.2.99 - - [25/Apr/2025:17:56:29 ] "OPTIONS / HTTP/2.0" 403 1184 "https://x.com/" "PostmanRuntime/7.32.2"
172.16.0.5 - - [25/Apr/2025:17:56:36 ] "POST /ocgnuqzyssl HTTP/1.1" 401 3887 "https://index.hu/" "PostmanRuntime/7.32.2"
2025-04-25T17:56:45 200.69.193.16 → 8.8.8.8: NS? update.check.software
203.0.113.12 - - [25/Apr/2025:17:56:47 ] "HEAD /login HTTP/1.1" 403 4880 "https://ctfd.nki.gov.hu/" "PostmanRuntime/7.32.2"
192.0.2.99 - - [25/Apr/2025:17:56:55 ] "OPTIONS /index.html HTTP/2.0" 500 2875 "https://chatgpt.com/" "Mozilla/5.0 (Macintosh; Intel Mac OS X 10_15_7) Safari/605.1.15"
172.67.182.147 - - [25/Apr/2025:17:56:59 ] "POST /login HTTP/1.1" 301 3501 "https://news.ycombinator.com/" "Mozilla/5.0 (Windows NT 10.0; Win64; x64) Chrome/112.0.0.0"
104.16.132.229 - - [25/Apr/2025:17:57:08 ] "POST /api/data HTTP/2.0" 404 4813 "https://news.ycombinator.com/" "Mozilla/5.0 (Windows NT 10.0; Win64; x64) Chrome/112.0.0.0"
198.51.100.34 - - [25/Apr/2025:17:57:14 ] "PUT /api/data HTTP/2.0" 401 1120 "https://www.reddit.com/" "Mozilla/5.0 (Macintosh; Intel Mac OS X 10_15_7) Safari/605.1.15"
10.0.0.2 - - [25/Apr/2025:17:57:23 ] "PUT /images/logo.png HTTP/1.1" 401 960 "https://index.hu/" "Mozilla/5.0 (Windows NT 10.0; Win64; x64) Chrome/112.0.0.0"
10.0.0.2 - - [25/Apr/2025:17:57:38 ] "PUT /index.html HTTP/2.0" 302 2708 "https://x.com/" "Mozilla/5.0 (Windows NT 10.0; Win64; x64) Chrome/112.0.0.0"
192.0.2.99 - - [25/Apr/2025:17:57:40 ] "HEAD / HTTP/2.0" 301 1792 "https://www.google.com/" "curl/7.68.0"
203.0.113.12 - - [25/Apr/2025:17:57:43 ] "HEAD /index.html HTTP/2.0" 401 876 "https://index.hu/" "Mozilla/5.0 (Windows NT 10.0; Win64; x64) Chrome/112.0.0.0"
2025-04-25T17:57:48 198.125.93.213 → 185.228.168.9: CNAME? tracker.site.net
192.0.2.99 - - [25/Apr/2025:17:58:01 ] "GET /betvemtdgyf HTTP/1.1" 500 4243 "https://x.com/" "Mozilla/5.0 (Macintosh; Intel Mac OS X 10_15_7) Safari/605.1.15"
2025-04-25T17:58:10 199.251.151.161 → 8.8.4.4: SOA? https://ctfd.nki.gov.hu/
2025-04-25T17:58:15 198.195.81.223 → 185.228.168.9: MX? junk.data.net
172.16.0.5 - - [25/Apr/2025:17:58:19 ] "POST /login HTTP/2.0" 301 225 "https://www.reddit.com/" "curl/7.68.0"
10.0.0.2 - - [25/Apr/2025:17:58:31 ] "OPTIONS /fugjltfenmqb HTTP/2.0" 401 719 "https://news.ycombinator.com/" "Mozilla/5.0 (Windows NT 10.0; Win64; x64) Chrome/112.0.0.0"
2025-04-25T17:58:42 192.19.209.90 → 1.1.1.1: PTR? https://www.reddit.com/
10.0.0.2 - - [25/Apr/2025:17:58:49 ] "HEAD /login HTTP/1.1" 502 3479 "https://facebook.com/" "Mozilla/5.0 (Macintosh; Intel Mac OS X 10_15_7) Safari/605.1.15"
2025-04-25T17:58:50 200.183.226.205 → 1.1.1.1: TXT? https://wikipedia.org
104.16.132.229 - - [25/Apr/2025:17:59:00 ] "OPTIONS / HTTP/1.1" 302 3593 "https://x.com/" "Mozilla/5.0 (Macintosh; Intel Mac OS X 10_15_7) Safari/605.1.15"
104.16.132.229 - - [25/Apr/2025:17:59:17 ] "HEAD /index.html HTTP/2.0" 200 4646 "https://wikipedia.org" "Mozilla/5.0 (Macintosh; Intel Mac OS X 10_15_7) Safari/605.1.15"
10.0.0.2 - - [25/Apr/2025:17:59:31 ] "DELETE /ixflzlbxwj HTTP/1.1" 301 3411 "https://chatgpt.com/" "Mozilla/5.0 (Windows NT 10.0; Win64; x64) Chrome/112.0.0.0"
203.0.113.12 - - [25/Apr/2025:17:59:45 ] "HEAD /ixlwv HTTP/2.0" 401 2058 "https://gchq.github.io/" "PostmanRuntime/7.32.2"
172.67.182.147 - - [25/Apr/2025:17:59:48 ] "OPTIONS /login HTTP/1.1" 302 2250 "https://www.google.com/" "Mozilla/5.0 (Windows NT 10.0; Win64; x64) Chrome/112.0.0.0"
10.0.0.2 - - [25/Apr/2025:18:00:03 ] "HEAD /aqypl HTTP/2.0" 401 1292 "https://www.reddit.com/" "Mozilla/5.0 (Macintosh; Intel Mac OS X 10_15_7) Safari/605.1.15"
192.168.1.1 - - [25/Apr/2025:18:00:04 ] "GET /api/data HTTP/2.0" 301 209 "https://wikipedia.org" "Mozilla/5.0 (Macintosh; Intel Mac OS X 10_15_7) Safari/605.1.15"
192.168.1.1 - - [25/Apr/2025:18:00:15 ] "OPTIONS / HTTP/1.1" 401 3151 "https://chatgpt.com/" "Mozilla/5.0 (Macintosh; Intel Mac OS X 10_15_7) Safari/605.1.15"
2025-04-25T18:00:34 194.244.183.156 → 185.228.168.9: CNAME? ads.tracker.net
192.168.1.1 - - [25/Apr/2025:18:00:34 ] "POST /api/data HTTP/2.0" 403 1041 "-" "curl/7.68.0"
2025-04-25T18:00:42 218.120.85.206 → 1.1.1.1: CNAME? https://chatgpt.com/
203.0.113.12 - - [25/Apr/2025:18:00:48 ] "DELETE /index.html HTTP/2.0" 404 2114 "https://news.ycombinator.com/" "PostmanRuntime/7.32.2"
2025-04-25T18:00:57 204.106.145.243 → 9.9.9.9: TXT? https://news.ycombinator.com/
2025-04-25T18:01:00 215.224.120.157 → 8.8.4.4: CNAME? update.check.software
192.168.1.1 - - [25/Apr/2025:18:01:06 ] "GET /xfoqrbqusox HTTP/2.0" 503 4657 "https://wikipedia.org" "curl/7.68.0"
192.0.2.99 - - [25/Apr/2025:18:01:09 ] "GET /sdsbhevmg HTTP/2.0" 302 1299 "https://news.ycombinator.com/" "Mozilla/5.0 (Windows NT 10.0; Win64; x64) Chrome/112.0.0.0"
203.0.113.12 - - [25/Apr/2025:18:01:14 ] "PUT /api/data HTTP/1.1" 403 1061 "https://chatgpt.com/" "Mozilla/5.0 (Windows NT 10.0; Win64; x64) Chrome/112.0.0.0"
192.0.2.99 - - [25/Apr/2025:18:01:23 ] "GET /login HTTP/2.0" 403 204 "https://gchq.github.io/" "Mozilla/5.0 (Windows NT 10.0; Win64; x64) Chrome/112.0.0.0"
198.51.100.34 - - [25/Apr/2025:18:01:32 ] "HEAD /ysecpati HTTP/2.0" 200 3526 "https://wikipedia.org" "Mozilla/5.0 (Windows NT 10.0; Win64; x64) Chrome/112.0.0.0"
198.51.100.34 - - [25/Apr/2025:18:01:44 ] "POST /api/data HTTP/2.0" 400 1719 "-" "curl/7.68.0"
203.0.113.12 - - [25/Apr/2025:18:01:53 ] "OPTIONS /index.html HTTP/2.0" 401 1458 "https://gchq.github.io/" "Mozilla/5.0 (Macintosh; Intel Mac OS X 10_15_7) Safari/605.1.15"
2025-04-25T18:01:54 199.58.49.200 → 8.8.8.8: NS? https://www.reddit.com/
172.16.0.5 - - [25/Apr/2025:18:02:01 ] "OPTIONS /vdkqwp HTTP/1.1" 301 2777 "https://www.google.com/" "curl/7.68.0"
192.168.1.1 - - [25/Apr/2025:18:02:11 ] "POST /login HTTP/2.0" 200 4564 "https://stackoverflow.com" "curl/7.68.0"
192.0.2.99 - - [25/Apr/2025:18:02:17 ] "OPTIONS /index.html HTTP/2.0" 302 1691 "https://gchq.github.io/" "curl/7.68.0"
2025-04-25T18:02:20 207.113.234.154 → 8.8.8.8: A? pixel.tracking.net
192.0.2.99 - - [25/Apr/2025:18:02:32 ] "POST /bozlplredrsm HTTP/1.1" 500 2555 "-" "curl/7.68.0"
2025-04-25T18:02:34 221.94.90.124 → 9.9.9.9: NS? update.check.software
2025-04-25T18:02:36 209.22.120.175 → 1.0.0.1: AAAA? noise.testdomain.org
172.67.182.147 - - [25/Apr/2025:18:02:42 ] "DELETE /login HTTP/1.1" 301 2495 "https://ctfd.nki.gov.hu/" "curl/7.68.0"
192.168.1.1 - - [25/Apr/2025:18:02:47 ] "POST /piibkdzwokwr HTTP/2.0" 502 918 "https://facebook.com/" "curl/7.68.0"
172.16.0.5 - - [25/Apr/2025:18:02:53 ] "HEAD /index.html HTTP/1.1" 200 4509 "https://index.hu/" "Mozilla/5.0 (Windows NT 10.0; Win64; x64) Chrome/112.0.0.0"
2025-04-25T18:02:54 192.140.240.60 → 9.9.9.9: TXT? mail.google.com
198.51.100.34 - - [25/Apr/2025:18:03:11 ] "HEAD /mtjsudmlhp HTTP/2.0" 403 1698 "https://facebook.com/" "PostmanRuntime/7.32.2"
192.0.2.99 - - [25/Apr/2025:18:03:27 ] "PUT /index.html HTTP/2.0" 400 1537 "https://chatgpt.com/" "PostmanRuntime/7.32.2"
2025-04-25T18:03:40 194.197.137.214 → 8.8.4.4: SOA? metrics.analytics.co
172.16.0.5 - - [25/Apr/2025:18:03:44 ] "OPTIONS /api/data HTTP/2.0" 200 1421 "https://news.ycombinator.com/" "curl/7.68.0"
2025-04-25T18:03:50 202.54.54.20 → 1.0.0.1: NS? junk.data.net
203.0.113.12 - - [25/Apr/2025:18:03:52 ] "HEAD /index.html HTTP/1.1" 502 4547 "https://news.ycombinator.com/" "Mozilla/5.0 (Macintosh; Intel Mac OS X 10_15_7) Safari/605.1.15"
2025-04-25T18:03:57 206.111.203.1 → 185.228.168.9: TXT? https://x.com/
104.16.132.229 - - [25/Apr/2025:18:04:12 ] "POST / HTTP/1.1" 502 1784 "https://gchq.github.io/" "Mozilla/5.0 (Windows NT 10.0; Win64; x64) Chrome/112.0.0.0"
172.67.182.147 - - [25/Apr/2025:18:04:28 ] "POST /api/data HTTP/1.1" 503 4496 "https://facebook.com/" "Mozilla/5.0 (Windows NT 10.0; Win64; x64) Chrome/112.0.0.0"
104.16.132.229 - - [25/Apr/2025:18:04:28 ] "DELETE /images/logo.png HTTP/2.0" 301 2639 "https://stackoverflow.com" "Mozilla/5.0 (Windows NT 10.0; Win64; x64) Chrome/112.0.0.0"
172.67.182.147 - - [25/Apr/2025:18:04:31 ] "DELETE /login HTTP/1.1" 301 2323 "https://index.hu/" "Mozilla/5.0 (Macintosh; Intel Mac OS X 10_15_7) Safari/605.1.15"
2025-04-25T18:04:42 223.10.52.128 → 1.1.1.1: AAAA? noise.testdomain.org
192.168.1.1 - - [25/Apr/2025:18:04:49 ] "POST /index.html HTTP/1.1" 404 4573 "https://index.hu/" "curl/7.68.0"
2025-04-25T18:04:51 195.188.78.249 → 77.88.8.8: AAAA? https://index.hu/
192.168.1.1 - - [25/Apr/2025:18:04:58 ] "POST /images/logo.png HTTP/1.1" 400 2692 "https://gchq.github.io/" "Mozilla/5.0 (Windows NT 10.0; Win64; x64) Chrome/112.0.0.0"
192.168.1.1 - - [25/Apr/2025:18:05:06 ] "GET /images/logo.png HTTP/1.1" 400 4323 "https://stackoverflow.com" "PostmanRuntime/7.32.2"
172.67.182.147 - - [25/Apr/2025:18:05:10 ] "DELETE /index.html HTTP/1.1" 502 3875 "https://news.ycombinator.com/" "Mozilla/5.0 (Windows NT 10.0; Win64; x64) Chrome/112.0.0.0"
203.0.113.12 - - [25/Apr/2025:18:05:18 ] "DELETE /images/logo.png HTTP/2.0" 400 176 "https://wikipedia.org" "curl/7.68.0"
198.51.100.34 - - [25/Apr/2025:18:05:19 ] "PUT / HTTP/1.1" 400 2058 "https://news.ycombinator.com/" "PostmanRuntime/7.32.2"
104.16.132.229 - - [25/Apr/2025:18:05:21 ] "PUT /login HTTP/1.1" 302 976 "https://www.reddit.com/" "Mozilla/5.0 (Windows NT 10.0; Win64; x64) Chrome/112.0.0.0"
172.16.0.5 - - [25/Apr/2025:18:05:30 ] "OPTIONS /index.html HTTP/1.1" 400 1903 "https://ctfd.nki.gov.hu/" "curl/7.68.0"
172.16.0.5 - - [25/Apr/2025:18:05:36 ] "HEAD /isdzkpa HTTP/1.1" 503 1659 "https://news.ycombinator.com/" "PostmanRuntime/7.32.2"
172.16.0.5 - - [25/Apr/2025:18:05:40 ] "PUT /zyhwe HTTP/2.0" 400 3825 "https://wikipedia.org" "Mozilla/5.0 (Windows NT 10.0; Win64; x64) Chrome/112.0.0.0"
198.51.100.34 - - [25/Apr/2025:18:05:46 ] "POST /index.html HTTP/2.0" 200 852 "https://wikipedia.org" "Mozilla/5.0 (Macintosh; Intel Mac OS X 10_15_7) Safari/605.1.15"
2025-04-25T18:05:54 209.100.205.209 → 8.8.8.8: PTR? update.check.software
192.0.2.99 - - [25/Apr/2025:18:05:54 ] "GET /bjnyuk HTTP/1.1" 401 942 "https://gchq.github.io/" "PostmanRuntime/7.32.2"
203.0.113.12 - - [25/Apr/2025:18:05:56 ] "DELETE /api/data HTTP/2.0" 302 1047 "https://facebook.com/" "curl/7.68.0"
2025-04-25T18:06:02 199.32.187.123 → 9.9.9.9: MX? https://wikipedia.org
192.0.2.99 - - [25/Apr/2025:18:06:16 ] "PUT /login HTTP/1.1" 301 3022 "https://index.hu/" "PostmanRuntime/7.32.2"
192.0.2.99 - - [25/Apr/2025:18:06:22 ] "POST /index.html HTTP/1.1" 502 4741 "https://www.reddit.com/" "curl/7.68.0"
2025-04-25T18:06:34 213.226.62.212 → 8.8.4.4: AAAA? cHJvdG9udnBz.gov.hu
203.0.113.12 - - [25/Apr/2025:18:06:41 ] "DELETE / HTTP/1.1" 404 343 "https://www.google.com/" "Mozilla/5.0 (Windows NT 10.0; Win64; x64) Chrome/112.0.0.0"
172.67.182.147 - - [25/Apr/2025:18:06:41 ] "POST / HTTP/1.1" 403 3282 "https://www.reddit.com/" "Mozilla/5.0 (Macintosh; Intel Mac OS X 10_15_7) Safari/605.1.15"
203.0.113.12 - - [25/Apr/2025:18:06:41 ] "OPTIONS /ptjtfmxr HTTP/2.0" 401 4083 "https://gchq.github.io/" "Mozilla/5.0 (Macintosh; Intel Mac OS X 10_15_7) Safari/605.1.15"
192.0.2.99 - - [25/Apr/2025:18:06:58 ] "POST /vkvpitxao HTTP/2.0" 200 3243 "https://gchq.github.io/" "Mozilla/5.0 (Windows NT 10.0; Win64; x64) Chrome/112.0.0.0"
172.16.0.5 - - [25/Apr/2025:18:07:00 ] "HEAD /login HTTP/2.0" 502 3014 "https://wikipedia.org" "curl/7.68.0"
10.0.0.2 - - [25/Apr/2025:18:07:00 ] "GET /login HTTP/1.1" 302 4419 "https://index.hu/" "Mozilla/5.0 (Windows NT 10.0; Win64; x64) Chrome/112.0.0.0"
104.16.132.229 - - [25/Apr/2025:18:07:12 ] "GET / HTTP/1.1" 404 1877 "https://stackoverflow.com" "PostmanRuntime/7.32.2"
198.51.100.34 - - [25/Apr/2025:18:07:29 ] "PUT /api/data HTTP/2.0" 400 2366 "https://www.google.com/" "PostmanRuntime/7.32.2"
2025-04-25T18:07:30 223.207.16.28 → 9.9.9.9: A? https://ctfd.nki.gov.hu/
192.168.1.1 - - [25/Apr/2025:18:07:42 ] "POST /ukchkdlteiox HTTP/1.1" 403 3598 "https://news.ycombinator.com/" "curl/7.68.0"
192.168.1.1 - - [25/Apr/2025:18:07:46 ] "GET /ooarmlmoty HTTP/1.1" 503 3675 "-" "Mozilla/5.0 (Windows NT 10.0; Win64; x64) Chrome/112.0.0.0"
198.51.100.34 - - [25/Apr/2025:18:07:46 ] "POST /rlqdjwo HTTP/1.1" 404 4740 "https://facebook.com/" "Mozilla/5.0 (Windows NT 10.0; Win64; x64) Chrome/112.0.0.0"
172.16.0.5 - - [25/Apr/2025:18:08:00 ] "OPTIONS /login HTTP/2.0" 500 3710 "https://ctfd.nki.gov.hu/" "PostmanRuntime/7.32.2"
104.16.132.229 - - [25/Apr/2025:18:08:20 ] "GET /upxijmwaym HTTP/2.0" 301 1929 "https://facebook.com/" "PostmanRuntime/7.32.2"
172.16.0.5 - - [25/Apr/2025:18:08:32 ] "OPTIONS /index.html HTTP/1.1" 404 3727 "https://ctfd.nki.gov.hu/" "curl/7.68.0"
2025-04-25T18:08:36 220.255.220.229 → 185.228.168.9: CNAME? https://chatgpt.com/
172.67.182.147 - - [25/Apr/2025:18:08:36 ] "OPTIONS /images/logo.png HTTP/1.1" 401 3161 "https://stackoverflow.com" "PostmanRuntime/7.32.2"
192.0.2.99 - - [25/Apr/2025:18:08:41 ] "HEAD /images/logo.png HTTP/1.1" 200 3277 "https://stackoverflow.com" "PostmanRuntime/7.32.2"
2025-04-25T18:08:50 194.55.137.111 → 185.228.168.9: NS? https://www.reddit.com/
104.16.132.229 - - [25/Apr/2025:18:08:53 ] "PUT /images/logo.png HTTP/2.0" 403 2160 "https://news.ycombinator.com/" "Mozilla/5.0 (Macintosh; Intel Mac OS X 10_15_7) Safari/605.1.15"
198.51.100.34 - - [25/Apr/2025:18:08:53 ] "GET /yuuikexa HTTP/1.1" 200 141 "-" "Mozilla/5.0 (Macintosh; Intel Mac OS X 10_15_7) Safari/605.1.15"
104.16.132.229 - - [25/Apr/2025:18:09:07 ] "OPTIONS / HTTP/2.0" 401 2895 "https://chatgpt.com/" "PostmanRuntime/7.32.2"
203.0.113.12 - - [25/Apr/2025:18:09:19 ] "POST /keanic HTTP/2.0" 403 2346 "https://gchq.github.io/" "Mozilla/5.0 (Windows NT 10.0; Win64; x64) Chrome/112.0.0.0"
104.16.132.229 - - [25/Apr/2025:18:09:26 ] "HEAD /fqsuzywcxcp HTTP/1.1" 404 4573 "https://news.ycombinator.com/" "Mozilla/5.0 (Windows NT 10.0; Win64; x64) Chrome/112.0.0.0"
2025-04-25T18:09:30 200.167.51.96 → 1.1.1.1: SOA? https://ctfd.nki.gov.hu/
172.67.182.147 - - [25/Apr/2025:18:09:35 ] "DELETE /images/logo.png HTTP/2.0" 400 624 "-" "curl/7.68.0"
104.16.132.229 - - [25/Apr/2025:18:09:38 ] "GET /index.html HTTP/2.0" 302 157 "https://www.google.com/" "Mozilla/5.0 (Macintosh; Intel Mac OS X 10_15_7) Safari/605.1.15"
104.16.132.229 - - [25/Apr/2025:18:09:47 ] "HEAD /api/data HTTP/1.1" 200 3957 "https://stackoverflow.com" "Mozilla/5.0 (Macintosh; Intel Mac OS X 10_15_7) Safari/605.1.15"
172.16.0.5 - - [25/Apr/2025:18:09:48 ] "GET /login HTTP/1.1" 403 4410 "https://chatgpt.com/" "PostmanRuntime/7.32.2"
198.51.100.34 - - [25/Apr/2025:18:10:08 ] "HEAD /api/data HTTP/2.0" 502 3922 "https://chatgpt.com/" "curl/7.68.0"
2025-04-25T18:10:10 215.45.109.25 → 1.0.0.1: A? ads.tracker.net
198.51.100.34 - - [25/Apr/2025:18:10:17 ] "PUT /nwokfwzpoq HTTP/1.1" 301 2373 "https://www.google.com/" "Mozilla/5.0 (Windows NT 10.0; Win64; x64) Chrome/112.0.0.0"
2025-04-25T18:10:20 214.85.65.89 → 77.88.8.8: A? https://index.hu/
172.67.182.147 - - [25/Apr/2025:18:10:22 ] "DELETE /index.html HTTP/1.1" 400 1444 "https://stackoverflow.com" "PostmanRuntime/7.32.2"
10.0.0.2 - - [25/Apr/2025:18:10:32 ] "DELETE /mlfuvgnhy HTTP/2.0" 301 2070 "https://stackoverflow.com" "Mozilla/5.0 (Macintosh; Intel Mac OS X 10_15_7) Safari/605.1.15"
192.168.1.1 - - [25/Apr/2025:18:10:33 ] "GET / HTTP/1.1" 403 4807 "https://www.google.com/" "PostmanRuntime/7.32.2"
10.0.0.2 - - [25/Apr/2025:18:10:36 ] "PUT /images/logo.png HTTP/2.0" 502 1441 "https://news.ycombinator.com/" "PostmanRuntime/7.32.2"
203.0.113.12 - - [25/Apr/2025:18:10:37 ] "GET /index.html HTTP/2.0" 301 3053 "https://index.hu/" "Mozilla/5.0 (Macintosh; Intel Mac OS X 10_15_7) Safari/605.1.15"
192.168.1.1 - - [25/Apr/2025:18:10:46 ] "DELETE /index.html HTTP/2.0" 503 3079 "https://chatgpt.com/" "PostmanRuntime/7.32.2"
10.0.0.2 - - [25/Apr/2025:18:11:06 ] "GET /images/logo.png HTTP/2.0" 404 4764 "https://news.ycombinator.com/" "Mozilla/5.0 (Windows NT 10.0; Win64; x64) Chrome/112.0.0.0"
198.51.100.34 - - [25/Apr/2025:18:11:06 ] "GET /login HTTP/2.0" 503 3626 "https://www.reddit.com/" "curl/7.68.0"
192.0.2.99 - - [25/Apr/2025:18:11:13 ] "DELETE /images/logo.png HTTP/1.1" 403 571 "https://gchq.github.io/" "curl/7.68.0"
172.67.182.147 - - [25/Apr/2025:18:11:22 ] "GET /tnydhkow HTTP/1.1" 401 2462 "https://wikipedia.org" "PostmanRuntime/7.32.2"
2025-04-25T18:11:30 214.122.138.78 → 1.0.0.1: NS? cHJvdG9udnBz.gov.hu
172.16.0.5 - - [25/Apr/2025:18:11:40 ] "POST /hpsdmkhvzwyx HTTP/1.1" 500 2236 "https://ctfd.nki.gov.hu/" "Mozilla/5.0 (Windows NT 10.0; Win64; x64) Chrome/112.0.0.0"
192.0.2.99 - - [25/Apr/2025:18:11:44 ] "POST /index.html HTTP/1.1" 401 3892 "https://www.google.com/" "Mozilla/5.0 (Windows NT 10.0; Win64; x64) Chrome/112.0.0.0"
2025-04-25T18:11:50 205.217.37.103 → 208.67.222.222: TXT? mail.google.com
192.168.1.1 - - [25/Apr/2025:18:11:54 ] "PUT /wdmfdecxsu HTTP/1.1" 404 1291 "https://www.google.com/" "PostmanRuntime/7.32.2"
203.0.113.12 - - [25/Apr/2025:18:12:13 ] "GET /dumxdhr HTTP/1.1" 404 4506 "https://gchq.github.io/" "PostmanRuntime/7.32.2"
198.51.100.34 - - [25/Apr/2025:18:12:15 ] "HEAD /osxbzh HTTP/1.1" 401 249 "https://www.google.com/" "curl/7.68.0"
172.16.0.5 - - [25/Apr/2025:18:12:25 ] "DELETE /login HTTP/1.1" 502 2024 "https://gchq.github.io/" "PostmanRuntime/7.32.2"
2025-04-25T18:12:39 213.129.130.121 → 1.0.0.1: CNAME? https://www.reddit.com/
192.168.1.1 - - [25/Apr/2025:18:12:40 ] "HEAD /spfotk HTTP/1.1" 502 4020 "https://news.ycombinator.com/" "Mozilla/5.0 (Macintosh; Intel Mac OS X 10_15_7) Safari/605.1.15"
2025-04-25T18:12:48 220.140.153.118 → 185.228.168.9: SOA? random.subdomain.example.com
192.168.1.1 - - [25/Apr/2025:18:12:54 ] "HEAD /dtqczg HTTP/2.0" 301 1926 "-" "curl/7.68.0"
192.0.2.99 - - [25/Apr/2025:18:13:12 ] "HEAD / HTTP/2.0" 500 4466 "https://wikipedia.org" "PostmanRuntime/7.32.2"
104.16.132.229 - - [25/Apr/2025:18:13:15 ] "HEAD /index.html HTTP/1.1" 404 2048 "https://x.com/" "Mozilla/5.0 (Macintosh; Intel Mac OS X 10_15_7) Safari/605.1.15"
192.0.2.99 - - [25/Apr/2025:18:13:17 ] "DELETE /index.html HTTP/1.1" 403 3313 "https://wikipedia.org" "Mozilla/5.0 (Windows NT 10.0; Win64; x64) Chrome/112.0.0.0"
198.51.100.34 - - [25/Apr/2025:18:13:24 ] "GET / HTTP/2.0" 403 3536 "https://x.com/" "Mozilla/5.0 (Macintosh; Intel Mac OS X 10_15_7) Safari/605.1.15"
104.16.132.229 - - [25/Apr/2025:18:13:24 ] "HEAD /images/logo.png HTTP/2.0" 500 586 "https://chatgpt.com/" "Mozilla/5.0 (Macintosh; Intel Mac OS X 10_15_7) Safari/605.1.15"
172.16.0.5 - - [25/Apr/2025:18:13:35 ] "POST /login HTTP/2.0" 500 1595 "https://wikipedia.org" "Mozilla/5.0 (Windows NT 10.0; Win64; x64) Chrome/112.0.0.0"
10.0.0.2 - - [25/Apr/2025:18:13:42 ] "POST /api/data HTTP/2.0" 301 2314 "https://news.ycombinator.com/" "curl/7.68.0"
192.0.2.99 - - [25/Apr/2025:18:13:45 ] "DELETE /login HTTP/2.0" 400 1212 "https://ctfd.nki.gov.hu/" "Mozilla/5.0 (Windows NT 10.0; Win64; x64) Chrome/112.0.0.0"
104.16.132.229 - - [25/Apr/2025:18:13:54 ] "GET /index.html HTTP/1.1" 200 2572 "https://index.hu/" "Mozilla/5.0 (Windows NT 10.0; Win64; x64) Chrome/112.0.0.0"
172.67.182.147 - - [25/Apr/2025:18:13:56 ] "DELETE /api/data HTTP/2.0" 401 2058 "https://x.com/" "Mozilla/5.0 (Windows NT 10.0; Win64; x64) Chrome/112.0.0.0"
2025-04-25T18:14:09 213.189.243.94 → 1.0.0.1: CNAME? cHJvdG9udnBz.gov.hu
172.67.182.147 - - [25/Apr/2025:18:14:14 ] "POST /api/data HTTP/2.0" 200 2498 "https://www.reddit.com/" "curl/7.68.0"
203.0.113.12 - - [25/Apr/2025:18:14:17 ] "POST /images/logo.png HTTP/1.1" 302 4928 "https://ctfd.nki.gov.hu/" "Mozilla/5.0 (Macintosh; Intel Mac OS X 10_15_7) Safari/605.1.15"
172.16.0.5 - - [25/Apr/2025:18:14:33 ] "PUT /login HTTP/1.1" 401 878 "https://www.reddit.com/" "PostmanRuntime/7.32.2"
104.16.132.229 - - [25/Apr/2025:18:14:52 ] "POST /login HTTP/2.0" 400 3888 "https://news.ycombinator.com/" "PostmanRuntime/7.32.2"
2025-04-25T18:14:54 211.141.83.44 → 1.0.0.1: AAAA? https://index.hu/
172.67.182.147 - - [25/Apr/2025:18:15:04 ] "DELETE /images/logo.png HTTP/1.1" 503 2665 "https://chatgpt.com/" "Mozilla/5.0 (Windows NT 10.0; Win64; x64) Chrome/112.0.0.0"
192.0.2.99 - - [25/Apr/2025:18:15:17 ] "POST /api/data HTTP/1.1" 503 3877 "https://index.hu/" "Mozilla/5.0 (Macintosh; Intel Mac OS X 10_15_7) Safari/605.1.15"
10.0.0.2 - - [25/Apr/2025:18:15:37 ] "GET /fivglxsd HTTP/2.0" 500 2519 "https://x.com/" "curl/7.68.0"
2025-04-25T18:15:39 216.222.74.150 → 208.67.222.222: A? pixel.tracking.net
192.168.1.1 - - [25/Apr/2025:18:15:56 ] "DELETE / HTTP/2.0" 400 1073 "https://wikipedia.org" "Mozilla/5.0 (Windows NT 10.0; Win64; x64) Chrome/112.0.0.0"
198.51.100.34 - - [25/Apr/2025:18:16:06 ] "DELETE /kexlhu HTTP/2.0" 404 507 "https://chatgpt.com/" "curl/7.68.0"
104.16.132.229 - - [25/Apr/2025:18:16:24 ] "OPTIONS /images/logo.png HTTP/1.1" 302 2761 "https://wikipedia.org" "PostmanRuntime/7.32.2"
192.168.1.1 - - [25/Apr/2025:18:16:31 ] "OPTIONS /images/logo.png HTTP/1.1" 200 3153 "-" "curl/7.68.0"
172.67.182.147 - - [25/Apr/2025:18:16:33 ] "POST /earcah HTTP/2.0" 400 3704 "-" "Mozilla/5.0 (Windows NT 10.0; Win64; x64) Chrome/112.0.0.0"
2025-04-25T18:16:40 221.133.144.158 → 8.8.8.8: MX? noise.testdomain.org
172.16.0.5 - - [25/Apr/2025:18:16:44 ] "OPTIONS /api/data HTTP/2.0" 503 4669 "https://x.com/" "Mozilla/5.0 (Windows NT 10.0; Win64; x64) Chrome/112.0.0.0"
192.168.1.1 - - [25/Apr/2025:18:16:59 ] "OPTIONS /txjqnnrjbw HTTP/2.0" 200 4197 "https://x.com/" "PostmanRuntime/7.32.2"
203.0.113.12 - - [25/Apr/2025:18:17:08 ] "GET /ufkzmb HTTP/1.1" 301 4465 "https://www.google.com/" "PostmanRuntime/7.32.2"
2025-04-25T18:17:10 214.115.215.161 → 1.1.1.1: CNAME? metrics.analytics.co
10.0.0.2 - - [25/Apr/2025:18:17:12 ] "OPTIONS /index.html HTTP/2.0" 401 4815 "-" "Mozilla/5.0 (Macintosh; Intel Mac OS X 10_15_7) Safari/605.1.15"
192.0.2.99 - - [25/Apr/2025:18:17:17 ] "PUT /api/data HTTP/2.0" 401 2142 "https://stackoverflow.com" "Mozilla/5.0 (Windows NT 10.0; Win64; x64) Chrome/112.0.0.0"
10.0.0.2 - - [25/Apr/2025:18:17:24 ] "PUT /api/data HTTP/2.0" 404 4503 "https://facebook.com/" "Mozilla/5.0 (Macintosh; Intel Mac OS X 10_15_7) Safari/605.1.15"
198.51.100.34 - - [25/Apr/2025:18:17:34 ] "GET /images/logo.png HTTP/1.1" 500 1506 "https://x.com/" "PostmanRuntime/7.32.2"
172.67.182.147 - - [25/Apr/2025:18:17:41 ] "HEAD /api/data HTTP/1.1" 404 2277 "https://gchq.github.io/" "curl/7.68.0"
192.168.1.1 - - [25/Apr/2025:18:17:44 ] "GET /login HTTP/2.0" 301 1382 "https://gchq.github.io/" "PostmanRuntime/7.32.2"
172.67.182.147 - - [25/Apr/2025:18:17:55 ] "GET / HTTP/1.1" 403 172 "https://x.com/" "Mozilla/5.0 (Macintosh; Intel Mac OS X 10_15_7) Safari/605.1.15"
2025-04-25T18:18:03 204.230.24.249 → 1.1.1.1: NS? update.check.software
172.67.182.147 - - [25/Apr/2025:18:18:07 ] "PUT /ynwcjkqvti HTTP/2.0" 301 2282 "https://x.com/" "Mozilla/5.0 (Macintosh; Intel Mac OS X 10_15_7) Safari/605.1.15"
192.168.1.1 - - [25/Apr/2025:18:18:16 ] "POST / HTTP/2.0" 400 2291 "https://facebook.com/" "PostmanRuntime/7.32.2"
172.67.182.147 - - [25/Apr/2025:18:18:16 ] "DELETE / HTTP/2.0" 301 2133 "https://www.reddit.com/" "PostmanRuntime/7.32.2"
192.168.1.1 - - [25/Apr/2025:18:18:17 ] "POST /images/logo.png HTTP/1.1" 301 4772 "https://chatgpt.com/" "Mozilla/5.0 (Macintosh; Intel Mac OS X 10_15_7) Safari/605.1.15"
172.67.182.147 - - [25/Apr/2025:18:18:24 ] "OPTIONS /index.html HTTP/2.0" 500 1032 "https://www.reddit.com/" "PostmanRuntime/7.32.2"
198.51.100.34 - - [25/Apr/2025:18:18:43 ] "DELETE /index.html HTTP/1.1" 502 4497 "https://ctfd.nki.gov.hu/" "Mozilla/5.0 (Macintosh; Intel Mac OS X 10_15_7) Safari/605.1.15"
172.16.0.5 - - [25/Apr/2025:18:18:48 ] "GET /images/logo.png HTTP/2.0" 404 3485 "https://index.hu/" "PostmanRuntime/7.32.2"
172.67.182.147 - - [25/Apr/2025:18:19:07 ] "PUT /images/logo.png HTTP/1.1" 302 3601 "https://www.reddit.com/" "Mozilla/5.0 (Macintosh; Intel Mac OS X 10_15_7) Safari/605.1.15"
172.67.182.147 - - [25/Apr/2025:18:19:27 ] "OPTIONS /index.html HTTP/2.0" 200 2300 "https://news.ycombinator.com/" "curl/7.68.0"
172.16.0.5 - - [25/Apr/2025:18:19:32 ] "DELETE /rrwmsckcttyd HTTP/1.1" 404 3061 "https://x.com/" "curl/7.68.0"
172.16.0.5 - - [25/Apr/2025:18:19:37 ] "GET /api/data HTTP/1.1" 403 2169 "https://www.google.com/" "PostmanRuntime/7.32.2"
2025-04-25T18:19:42 217.171.124.136 → 208.67.222.222: AAAA? https://www.reddit.com/
2025-04-25T18:19:50 194.61.77.90 → 8.8.8.8: PTR? https://gchq.github.io/
2025-04-25T18:19:51 217.181.229.163 → 185.228.168.9: A? metrics.analytics.co
192.0.2.99 - - [25/Apr/2025:18:19:57 ] "PUT /login HTTP/1.1" 401 1959 "https://news.ycombinator.com/" "curl/7.68.0"
203.0.113.12 - - [25/Apr/2025:18:20:03 ] "DELETE /vohgoaho HTTP/2.0" 503 1605 "https://gchq.github.io/" "PostmanRuntime/7.32.2"
2025-04-25T18:20:09 205.82.48.207 → 208.67.222.222: SOA? update.check.software
198.51.100.34 - - [25/Apr/2025:18:20:17 ] "OPTIONS /images/logo.png HTTP/1.1" 401 1653 "https://chatgpt.com/" "Mozilla/5.0 (Macintosh; Intel Mac OS X 10_15_7) Safari/605.1.15"
104.16.132.229 - - [25/Apr/2025:18:20:25 ] "DELETE /api/data HTTP/2.0" 302 4588 "https://stackoverflow.com" "curl/7.68.0"
198.51.100.34 - - [25/Apr/2025:18:20:28 ] "POST / HTTP/1.1" 500 552 "https://www.reddit.com/" "Mozilla/5.0 (Windows NT 10.0; Win64; x64) Chrome/112.0.0.0"
2025-04-25T18:20:30 211.25.43.131 → 1.1.1.1: AAAA? noise.testdomain.org
198.51.100.34 - - [25/Apr/2025:18:20:43 ] "GET /login HTTP/1.1" 502 1290 "https://chatgpt.com/" "PostmanRuntime/7.32.2"
192.168.1.1 - - [25/Apr/2025:18:20:51 ] "OPTIONS /eituig HTTP/2.0" 302 3055 "https://facebook.com/" "PostmanRuntime/7.32.2"
172.16.0.5 - - [25/Apr/2025:18:20:52 ] "DELETE /images/logo.png HTTP/2.0" 401 902 "https://ctfd.nki.gov.hu/" "Mozilla/5.0 (Macintosh; Intel Mac OS X 10_15_7) Safari/605.1.15"
192.0.2.99 - - [25/Apr/2025:18:20:53 ] "GET /dsymntvfqbs HTTP/1.1" 200 3155 "https://gchq.github.io/" "Mozilla/5.0 (Macintosh; Intel Mac OS X 10_15_7) Safari/605.1.15"
2025-04-25T18:21:00 199.253.36.9 → 9.9.9.9: NS? junk.data.net
172.16.0.5 - - [25/Apr/2025:18:21:00 ] "PUT /api/data HTTP/2.0" 503 2211 "-" "curl/7.68.0"
198.51.100.34 - - [25/Apr/2025:18:21:19 ] "GET /images/logo.png HTTP/1.1" 400 4474 "https://www.google.com/" "Mozilla/5.0 (Windows NT 10.0; Win64; x64) Chrome/112.0.0.0"
198.51.100.34 - - [25/Apr/2025:18:21:38 ] "OPTIONS /api/data HTTP/1.1" 503 4549 "https://chatgpt.com/" "PostmanRuntime/7.32.2"
203.0.113.12 - - [25/Apr/2025:18:21:38 ] "HEAD / HTTP/2.0" 502 1687 "https://index.hu/" "Mozilla/5.0 (Macintosh; Intel Mac OS X 10_15_7) Safari/605.1.15"
2025-04-25T18:21:48 202.242.229.144 → 185.228.168.9: TXT? metrics.analytics.co
192.168.1.1 - - [25/Apr/2025:18:21:52 ] "PUT /ucmekhqixo HTTP/2.0" 301 284 "https://ctfd.nki.gov.hu/" "Mozilla/5.0 (Macintosh; Intel Mac OS X 10_15_7) Safari/605.1.15"
198.51.100.34 - - [25/Apr/2025:18:22:07 ] "POST /ugdydtjzg HTTP/2.0" 200 3800 "https://www.google.com/" "Mozilla/5.0 (Windows NT 10.0; Win64; x64) Chrome/112.0.0.0"
104.16.132.229 - - [25/Apr/2025:18:22:09 ] "GET /sttqjtda HTTP/1.1" 200 2824 "https://gchq.github.io/" "curl/7.68.0"
172.67.182.147 - - [25/Apr/2025:18:22:13 ] "POST /login HTTP/2.0" 500 2615 "https://ctfd.nki.gov.hu/" "Mozilla/5.0 (Macintosh; Intel Mac OS X 10_15_7) Safari/605.1.15"
10.0.0.2 - - [25/Apr/2025:18:22:13 ] "PUT / HTTP/1.1" 301 2692 "https://x.com/" "Mozilla/5.0 (Macintosh; Intel Mac OS X 10_15_7) Safari/605.1.15"
2025-04-25T18:22:15 219.232.135.33 → 208.67.222.222: AAAA? ads.doubleclick.net
192.0.2.99 - - [25/Apr/2025:18:22:17 ] "HEAD /index.html HTTP/2.0" 503 1939 "https://facebook.com/" "Mozilla/5.0 (Macintosh; Intel Mac OS X 10_15_7) Safari/605.1.15"
192.168.1.1 - - [25/Apr/2025:18:22:18 ] "HEAD /images/logo.png HTTP/1.1" 500 1520 "https://www.google.com/" "Mozilla/5.0 (Windows NT 10.0; Win64; x64) Chrome/112.0.0.0"
192.168.1.1 - - [25/Apr/2025:18:22:27 ] "POST /tfgtdyjc HTTP/2.0" 302 3494 "https://stackoverflow.com" "PostmanRuntime/7.32.2"
2025-04-25T18:22:33 203.117.181.120 → 1.0.0.1: AAAA? https://chatgpt.com/
198.51.100.34 - - [25/Apr/2025:18:22:42 ] "OPTIONS /login HTTP/2.0" 302 305 "https://wikipedia.org" "Mozilla/5.0 (Macintosh; Intel Mac OS X 10_15_7) Safari/605.1.15"
203.0.113.12 - - [25/Apr/2025:18:22:47 ] "DELETE /login HTTP/1.1" 404 528 "-" "PostmanRuntime/7.32.2"
2025-04-25T18:22:50 214.178.155.58 → 9.9.9.9: PTR? https://www.google.com/
192.168.1.1 - - [25/Apr/2025:18:22:51 ] "HEAD /images/logo.png HTTP/1.1" 502 3428 "https://stackoverflow.com" "Mozilla/5.0 (Macintosh; Intel Mac OS X 10_15_7) Safari/605.1.15"
172.16.0.5 - - [25/Apr/2025:18:23:07 ] "GET / HTTP/1.1" 500 1133 "https://index.hu/" "curl/7.68.0"
198.51.100.34 - - [25/Apr/2025:18:23:08 ] "DELETE /api/data HTTP/1.1" 400 3824 "https://x.com/" "PostmanRuntime/7.32.2"
172.67.182.147 - - [25/Apr/2025:18:23:22 ] "HEAD /login HTTP/2.0" 301 1117 "https://ctfd.nki.gov.hu/" "PostmanRuntime/7.32.2"
198.51.100.34 - - [25/Apr/2025:18:23:27 ] "DELETE /sntpstw HTTP/1.1" 302 3478 "https://stackoverflow.com" "curl/7.68.0"
192.168.1.1 - - [25/Apr/2025:18:23:35 ] "GET /mhcuzdrgi HTTP/2.0" 400 4687 "https://stackoverflow.com" "curl/7.68.0"
